ASxxxx Linker V03.00 + NoICE + sdld,  page 1.
Hexadecimal  [32-Bits]

Area                                    Addr        Size        Decimal Bytes (Attributes)
--------------------------------        ----        ----        ------- ----- ------------
CABS                                00000000    00000000 =           0. bytes (ABS,CON,CODE)

      Value  Global                              Global Defined In Module
      -----  --------------------------------   ------------------------
C:   00000000  l_BIT_BANK                      
C:   00000000  l_CABS                          
C:   00000000  l_GSINIT                        
C:   00000000  l_GSINIT1                       
C:   00000000  l_GSINIT5                       
C:   00000000  l_IABS                          
C:   00000000  l_PSEG                          
C:   00000000  l_REG_BANK_1                    
C:   00000000  l_REG_BANK_2                    
C:   00000000  l_REG_BANK_3                    
C:   00000000  l_RSEG                          
C:   00000000  l_RSEG0                         
C:   00000000  l_RSEG1                         
C:   00000000  l_XABS                          
C:   00000000  l_XINIT                         
C:   00000000  l_XISEG                         
C:   00000000  l_XSEG                          
C:   00000000  l__CODE                         
C:   00000000  s_BSEG                          
C:   00000000  s_CABS                          
C:   00000000  s_DSEG                          
C:   00000000  s_HOME                          
C:   00000000  s_IABS                          
C:   00000000  s_REG_BANK_0                    
C:   00000000  s_RSEG                          
C:   00000000  s_RSEG0                         
C:   00000000  s_RSEG1                         
C:   00000000  s_XABS                          
C:   00000001  s_PSEG                          
C:   00000001  s_XISEG                         
C:   00000001  s_XSEG                          
C:   00000002  l_BSEG_BYTES                    
C:   00000003  l_GSFINAL                       
C:   00000003  l_GSINIT0                       
C:   00000006  l_ISEG                          
C:   00000006  l_OSEG                          
C:   00000008  l_REG_BANK_0                    
C:   00000008  s_REG_BANK_1                    
C:   0000000A  l_BSEG                          
C:   0000000A  l_GSINIT2                       
C:   00000010  s_REG_BANK_2                    
C:   00000011  l_HOME                          
C:   00000011  s_GSINIT0                       
C:   00000014  s_GSINIT1                       
C:   00000014  s_GSINIT2                       
C:   00000017  s_OSEG                          
C:   00000018  s_BIT_BANK                      
C:   00000018  s_REG_BANK_3                    
C:   0000001E  s_GSINIT3                       
C:   00000020  s_BSEG_BYTES                    
ASxxxx Linker V03.00 + NoICE + sdld,  page 2.
Hexadecimal  [32-Bits]

Area                                    Addr        Size        Decimal Bytes (Attributes)
--------------------------------        ----        ----        ------- ----- ------------
CABS                                00000000    00000000 =           0. bytes (ABS,CON,CODE)

      Value  Global                              Global Defined In Module
      -----  --------------------------------   ------------------------
C:   00000020  s__CODE                         
C:   00000022  l_GSINIT3                       
C:   0000002A  l_GSINIT4                       
C:   0000003C  s_ISEG                          
C:   00000040  s_GSINIT4                       
C:   00000042  s_SSEG                          
C:   0000006A  s_GSFINAL                       
C:   0000006A  s_GSINIT                        
C:   0000006A  s_GSINIT5                       
C:   0000006D  s_CSEG                          
C:   0000007D  l_DSEG                          
C:   000000AD  l_CONST                         
C:   000000BE  l_SSEG                          
C:   00000100  l_IRAM                          
C:   000007D8  l_CSEG                          
C:   00000845  s_CONST                         
C:   000008F2  s_XINIT                         

ASxxxx Linker V03.00 + NoICE + sdld,  page 3.
Hexadecimal  [32-Bits]

Area                                    Addr        Size        Decimal Bytes (Attributes)
--------------------------------        ----        ----        ------- ----- ------------
.  .ABS.                            00000000    00000000 =           0. bytes (ABS,CON)

      Value  Global                              Global Defined In Module
      -----  --------------------------------   ------------------------
     00000000  .__.ABS.                           _bp
     00000080  G$P0$0$0                           hw6
     00000080  G$P0_0$0$0                         hw6
     00000080  _P0                                hw6
     00000080  _P0_0                              hw6
     00000081  G$P0_1$0$0                         hw6
     00000081  G$SP$0$0                           hw6
     00000081  _P0_1                              hw6
     00000081  _SP                                hw6
     00000082  G$DPL$0$0                          hw6
     00000082  G$P0_2$0$0                         hw6
     00000082  _DPL                               hw6
     00000082  _P0_2                              hw6
     00000083  G$DPH$0$0                          hw6
     00000083  G$P0_3$0$0                         hw6
     00000083  _DPH                               hw6
     00000083  _P0_3                              hw6
     00000084  G$P0_4$0$0                         hw6
     00000084  G$P4$0$0                           hw6
     00000084  _P0_4                              hw6
     00000084  _P4                                hw6
     00000085  G$P0_5$0$0                         hw6
     00000085  G$P5$0$0                           hw6
     00000085  _P0_5                              hw6
     00000085  _P5                                hw6
     00000086  G$P0_6$0$0                         hw6
     00000086  G$P6$0$0                           hw6
     00000086  _P0_6                              hw6
     00000086  _P6                                hw6
     00000087  G$P0_7$0$0                         hw6
     00000087  G$PCON$0$0                         hw6
     00000087  _P0_7                              hw6
     00000087  _PCON                              hw6
     00000088  G$IT0$0$0                          hw6
     00000088  G$TCON$0$0                         hw6
     00000088  _IT0                               hw6
     00000088  _TCON                              hw6
     00000089  G$IE0$0$0                          hw6
     00000089  G$TMOD$0$0                         hw6
     00000089  _IE0                               hw6
     00000089  _TMOD                              hw6
     0000008A  G$IT1$0$0                          hw6
     0000008A  G$TL0$0$0                          hw6
     0000008A  _IT1                               hw6
     0000008A  _TL0                               hw6
     0000008B  G$IE1$0$0                          hw6
     0000008B  G$TL1$0$0                          hw6
     0000008B  _IE1                               hw6
     0000008B  _TL1                               hw6
     0000008C  G$TH0$0$0                          hw6
ASxxxx Linker V03.00 + NoICE + sdld,  page 4.
Hexadecimal  [32-Bits]

Area                                    Addr        Size        Decimal Bytes (Attributes)
--------------------------------        ----        ----        ------- ----- ------------
.  .ABS.                            00000000    00000000 =           0. bytes (ABS,CON)

      Value  Global                              Global Defined In Module
      -----  --------------------------------   ------------------------
     0000008C  G$TR0$0$0                          hw6
     0000008C  _TH0                               hw6
     0000008C  _TR0                               hw6
     0000008D  G$TF0$0$0                          hw6
     0000008D  G$TH1$0$0                          hw6
     0000008D  _TF0                               hw6
     0000008D  _TH1                               hw6
     0000008E  G$CKCON$0$0                        hw6
     0000008E  G$TR1$0$0                          hw6
     0000008E  _CKCON                             hw6
     0000008E  _TR1                               hw6
     0000008F  G$PSCTL$0$0                        hw6
     0000008F  G$TF1$0$0                          hw6
     0000008F  _PSCTL                             hw6
     0000008F  _TF1                               hw6
     00000090  G$P1$0$0                           hw6
     00000090  G$P1_0$0$0                         hw6
     00000090  _P1                                hw6
     00000090  _P1_0                              hw6
     00000091  G$P1_1$0$0                         hw6
     00000091  G$TMR3CN$0$0                       hw6
     00000091  _P1_1                              hw6
     00000091  _TMR3CN                            hw6
     00000092  G$P1_2$0$0                         hw6
     00000092  G$TMR3RLL$0$0                      hw6
     00000092  _P1_2                              hw6
     00000092  _TMR3RLL                           hw6
     00000093  G$P1_3$0$0                         hw6
     00000093  G$TMR3RLH$0$0                      hw6
     00000093  _P1_3                              hw6
     00000093  _TMR3RLH                           hw6
     00000094  G$P1_4$0$0                         hw6
     00000094  G$TMR3L$0$0                        hw6
     00000094  _P1_4                              hw6
     00000094  _TMR3L                             hw6
     00000095  G$P1_5$0$0                         hw6
     00000095  G$TMR3H$0$0                        hw6
     00000095  _P1_5                              hw6
     00000095  _TMR3H                             hw6
     00000096  G$P1_6$0$0                         hw6
     00000096  G$P7$0$0                           hw6
     00000096  _P1_6                              hw6
     00000096  _P7                                hw6
     00000097  G$P1_7$0$0                         hw6
     00000097  _P1_7                              hw6
     00000098  G$RI$0$0                           hw6
     00000098  G$RI0$0$0                          hw6
     00000098  G$SCON$0$0                         hw6
     00000098  G$SCON0$0$0                        hw6
     00000098  _RI                                hw6
     00000098  _RI0                               hw6
ASxxxx Linker V03.00 + NoICE + sdld,  page 5.
Hexadecimal  [32-Bits]

Area                                    Addr        Size        Decimal Bytes (Attributes)
--------------------------------        ----        ----        ------- ----- ------------
.  .ABS.                            00000000    00000000 =           0. bytes (ABS,CON)

      Value  Global                              Global Defined In Module
      -----  --------------------------------   ------------------------
     00000098  _SCON                              hw6
     00000098  _SCON0                             hw6
     00000099  G$SBUF$0$0                         hw6
     00000099  G$SBUF0$0$0                        hw6
     00000099  G$TI$0$0                           hw6
     00000099  G$TI0$0$0                          hw6
     00000099  _SBUF                              hw6
     00000099  _SBUF0                             hw6
     00000099  _TI                                hw6
     00000099  _TI0                               hw6
     0000009A  G$RB8$0$0                          hw6
     0000009A  G$RB80$0$0                         hw6
     0000009A  G$SPI0CFG$0$0                      hw6
     0000009A  _RB8                               hw6
     0000009A  _RB80                              hw6
     0000009A  _SPI0CFG                           hw6
     0000009B  G$SPI0DAT$0$0                      hw6
     0000009B  G$TB8$0$0                          hw6
     0000009B  G$TB80$0$0                         hw6
     0000009B  _SPI0DAT                           hw6
     0000009B  _TB8                               hw6
     0000009B  _TB80                              hw6
     0000009C  G$ADC1$0$0                         hw6
     0000009C  G$REN$0$0                          hw6
     0000009C  G$REN0$0$0                         hw6
     0000009C  _ADC1                              hw6
     0000009C  _REN                               hw6
     0000009C  _REN0                              hw6
     0000009D  G$MCE0$0$0                         hw6
     0000009D  G$SM2$0$0                          hw6
     0000009D  G$SM20$0$0                         hw6
     0000009D  G$SPI0CKR$0$0                      hw6
     0000009D  _MCE0                              hw6
     0000009D  _SM2                               hw6
     0000009D  _SM20                              hw6
     0000009D  _SPI0CKR                           hw6
     0000009E  G$CPT0CN$0$0                       hw6
     0000009E  G$SM1$0$0                          hw6
     0000009E  G$SM10$0$0                         hw6
     0000009E  _CPT0CN                            hw6
     0000009E  _SM1                               hw6
     0000009E  _SM10                              hw6
     0000009F  G$CPT1CN$0$0                       hw6
     0000009F  G$S0MODE$0$0                       hw6
     0000009F  G$SM0$0$0                          hw6
     0000009F  G$SM00$0$0                         hw6
     0000009F  _CPT1CN                            hw6
     0000009F  _S0MODE                            hw6
     0000009F  _SM0                               hw6
     0000009F  _SM00                              hw6
     000000A0  G$P2$0$0                           hw6
ASxxxx Linker V03.00 + NoICE + sdld,  page 6.
Hexadecimal  [32-Bits]

Area                                    Addr        Size        Decimal Bytes (Attributes)
--------------------------------        ----        ----        ------- ----- ------------
.  .ABS.                            00000000    00000000 =           0. bytes (ABS,CON)

      Value  Global                              Global Defined In Module
      -----  --------------------------------   ------------------------
     000000A0  G$P2_0$0$0                         hw6
     000000A0  _P2                                hw6
     000000A0  _P2_0                              hw6
     000000A1  G$EMI0TC$0$0                       hw6
     000000A1  G$P2_1$0$0                         hw6
     000000A1  _EMI0TC                            hw6
     000000A1  _P2_1                              hw6
     000000A2  G$P2_2$0$0                         hw6
     000000A2  G$PB1$0$0                          hw6
     000000A2  _P2_2                              hw6
     000000A2  _PB1                               hw6
     000000A3  G$EMI0CF$0$0                       hw6
     000000A3  G$P2_3$0$0                         hw6
     000000A3  _EMI0CF                            hw6
     000000A3  _P2_3                              hw6
     000000A4  G$P0MDOUT$0$0                      hw6
     000000A4  G$P2_4$0$0                         hw6
     000000A4  G$PRT0CF$0$0                       hw6
     000000A4  _P0MDOUT                           hw6
     000000A4  _P2_4                              hw6
     000000A4  _PRT0CF                            hw6
     000000A5  G$P1MDOUT$0$0                      hw6
     000000A5  G$P2_5$0$0                         hw6
     000000A5  G$PRT1CF$0$0                       hw6
     000000A5  _P1MDOUT                           hw6
     000000A5  _P2_5                              hw6
     000000A5  _PRT1CF                            hw6
     000000A6  G$P2MDOUT$0$0                      hw6
     000000A6  G$P2_6$0$0                         hw6
     000000A6  G$PRT2CF$0$0                       hw6
     000000A6  _P2MDOUT                           hw6
     000000A6  _P2_6                              hw6
     000000A6  _PRT2CF                            hw6
     000000A7  G$P2_7$0$0                         hw6
     000000A7  G$P3MDOUT$0$0                      hw6
     000000A7  G$PRT3CF$0$0                       hw6
     000000A7  _P2_7                              hw6
     000000A7  _P3MDOUT                           hw6
     000000A7  _PRT3CF                            hw6
     000000A8  G$EX0$0$0                          hw6
     000000A8  G$IE$0$0                           hw6
     000000A8  _EX0                               hw6
     000000A8  _IE                                hw6
     000000A9  G$ET0$0$0                          hw6
     000000A9  G$SADDR0$0$0                       hw6
     000000A9  _ET0                               hw6
     000000A9  _SADDR0                            hw6
     000000AA  G$ADC1CN$0$0                       hw6
     000000AA  G$EX1$0$0                          hw6
     000000AA  _ADC1CN                            hw6
     000000AA  _EX1                               hw6
ASxxxx Linker V03.00 + NoICE + sdld,  page 7.
Hexadecimal  [32-Bits]

Area                                    Addr        Size        Decimal Bytes (Attributes)
--------------------------------        ----        ----        ------- ----- ------------
.  .ABS.                            00000000    00000000 =           0. bytes (ABS,CON)

      Value  Global                              Global Defined In Module
      -----  --------------------------------   ------------------------
     000000AB  G$ADC1CF$0$0                       hw6
     000000AB  G$ET1$0$0                          hw6
     000000AB  _ADC1CF                            hw6
     000000AB  _ET1                               hw6
     000000AC  G$AMX1SL$0$0                       hw6
     000000AC  G$ES$0$0                           hw6
     000000AC  G$ES0$0$0                          hw6
     000000AC  _AMX1SL                            hw6
     000000AC  _ES                                hw6
     000000AC  _ES0                               hw6
     000000AD  G$ET2$0$0                          hw6
     000000AD  G$P3IF$0$0                         hw6
     000000AD  _ET2                               hw6
     000000AD  _P3IF                              hw6
     000000AE  G$SADEN1$0$0                       hw6
     000000AE  _SADEN1                            hw6
     000000AF  G$EA$0$0                           hw6
     000000AF  G$EMI0CN$0$0                       hw6
     000000AF  G$_XPAGE$0$0                       hw6
     000000AF  _EA                                hw6
     000000AF  _EMI0CN                            hw6
     000000AF  __XPAGE                            hw6
     000000B0  G$P3$0$0                           hw6
     000000B0  G$P3_0$0$0                         hw6
     000000B0  _P3                                hw6
     000000B0  _P3_0                              hw6
     000000B1  G$OSCXCN$0$0                       hw6
     000000B1  G$P3_1$0$0                         hw6
     000000B1  _OSCXCN                            hw6
     000000B1  _P3_1                              hw6
     000000B2  G$OSCICN$0$0                       hw6
     000000B2  G$P3_2$0$0                         hw6
     000000B2  _OSCICN                            hw6
     000000B2  _P3_2                              hw6
     000000B3  G$P3_3$0$0                         hw6
     000000B3  _P3_3                              hw6
     000000B4  G$P3_4$0$0                         hw6
     000000B4  _P3_4                              hw6
     000000B5  G$P3_5$0$0                         hw6
     000000B5  G$P74OUT$0$0                       hw6
     000000B5  _P3_5                              hw6
     000000B5  _P74OUT                            hw6
     000000B6  G$FLSCL$0$0                        hw6
     000000B6  G$P3_6$0$0                         hw6
     000000B6  _FLSCL                             hw6
     000000B6  _P3_6                              hw6
     000000B7  G$FLACL$0$0                        hw6
     000000B7  G$P3_7$0$0                         hw6
     000000B7  _FLACL                             hw6
     000000B7  _P3_7                              hw6
     000000B8  G$IP$0$0                           hw6
ASxxxx Linker V03.00 + NoICE + sdld,  page 8.
Hexadecimal  [32-Bits]

Area                                    Addr        Size        Decimal Bytes (Attributes)
--------------------------------        ----        ----        ------- ----- ------------
.  .ABS.                            00000000    00000000 =           0. bytes (ABS,CON)

      Value  Global                              Global Defined In Module
      -----  --------------------------------   ------------------------
     000000B8  G$PX0$0$0                          hw6
     000000B8  _IP                                hw6
     000000B8  _PX0                               hw6
     000000B9  G$PT0$0$0                          hw6
     000000B9  G$SADEN0$0$0                       hw6
     000000B9  _PT0                               hw6
     000000B9  _SADEN0                            hw6
     000000BA  G$AMX0CF$0$0                       hw6
     000000BA  G$PX1$0$0                          hw6
     000000BA  _AMX0CF                            hw6
     000000BA  _PX1                               hw6
     000000BB  G$AMX0SL$0$0                       hw6
     000000BB  G$PT1$0$0                          hw6
     000000BB  _AMX0SL                            hw6
     000000BB  _PT1                               hw6
     000000BC  G$ADC0CF$0$0                       hw6
     000000BC  G$PS$0$0                           hw6
     000000BC  G$PS0$0$0                          hw6
     000000BC  _ADC0CF                            hw6
     000000BC  _PS                                hw6
     000000BC  _PS0                               hw6
     000000BD  G$P1MDIN$0$0                       hw6
     000000BD  G$PT2$0$0                          hw6
     000000BD  _P1MDIN                            hw6
     000000BD  _PT2                               hw6
     000000BE  G$ADC0L$0$0                        hw6
     000000BE  _ADC0L                             hw6
     000000BF  G$ADC0H$0$0                        hw6
     000000BF  _ADC0H                             hw6
     000000C0  G$SMB0CN$0$0                       hw6
     000000C0  G$SMBTOE$0$0                       hw6
     000000C0  _SMB0CN                            hw6
     000000C0  _SMBTOE                            hw6
     000000C1  G$SMB0STA$0$0                      hw6
     000000C1  G$SMBFTE$0$0                       hw6
     000000C1  _SMB0STA                           hw6
     000000C1  _SMBFTE                            hw6
     000000C2  G$AA$0$0                           hw6
     000000C2  G$SMB0DAT$0$0                      hw6
     000000C2  _AA                                hw6
     000000C2  _SMB0DAT                           hw6
     000000C3  G$SI$0$0                           hw6
     000000C3  G$SMB0ADR$0$0                      hw6
     000000C3  _SI                                hw6
     000000C3  _SMB0ADR                           hw6
     000000C4  G$ADC0GTL$0$0                      hw6
     000000C4  G$STO$0$0                          hw6
     000000C4  _ADC0GTL                           hw6
     000000C4  _STO                               hw6
     000000C5  G$ADC0GTH$0$0                      hw6
     000000C5  G$STA$0$0                          hw6
ASxxxx Linker V03.00 + NoICE + sdld,  page 9.
Hexadecimal  [32-Bits]

Area                                    Addr        Size        Decimal Bytes (Attributes)
--------------------------------        ----        ----        ------- ----- ------------
.  .ABS.                            00000000    00000000 =           0. bytes (ABS,CON)

      Value  Global                              Global Defined In Module
      -----  --------------------------------   ------------------------
     000000C5  _ADC0GTH                           hw6
     000000C5  _STA                               hw6
     000000C6  G$ADC0LTL$0$0                      hw6
     000000C6  G$ENSMB$0$0                        hw6
     000000C6  _ADC0LTL                           hw6
     000000C6  _ENSMB                             hw6
     000000C7  G$ADC0LTH$0$0                      hw6
     000000C7  G$BUSY$0$0                         hw6
     000000C7  _ADC0LTH                           hw6
     000000C7  _BUSY                              hw6
     000000C8  G$CPRL2$0$0                        hw6
     000000C8  G$T2CON$0$0                        hw6
     000000C8  _CPRL2                             hw6
     000000C8  _T2CON                             hw6
     000000C9  G$CT2$0$0                          hw6
     000000C9  G$T4CON$0$0                        hw6
     000000C9  _CT2                               hw6
     000000C9  _T4CON                             hw6
     000000CA  G$RCAP2L$0$0                       hw6
     000000CA  G$TR2$0$0                          hw6
     000000CA  _RCAP2L                            hw6
     000000CA  _TR2                               hw6
     000000CB  G$EXEN2$0$0                        hw6
     000000CB  G$RCAP2H$0$0                       hw6
     000000CB  _EXEN2                             hw6
     000000CB  _RCAP2H                            hw6
     000000CC  G$TCLK$0$0                         hw6
     000000CC  G$TL2$0$0                          hw6
     000000CC  _TCLK                              hw6
     000000CC  _TL2                               hw6
     000000CD  G$RCLK$0$0                         hw6
     000000CD  G$TH2$0$0                          hw6
     000000CD  _RCLK                              hw6
     000000CD  _TH2                               hw6
     000000CE  G$EXF2$0$0                         hw6
     000000CE  _EXF2                              hw6
     000000CF  G$SMB0CR$0$0                       hw6
     000000CF  G$TF2$0$0                          hw6
     000000CF  _SMB0CR                            hw6
     000000CF  _TF2                               hw6
     000000D0  G$P$0$0                            hw6
     000000D0  G$PSW$0$0                          hw6
     000000D0  _P                                 hw6
     000000D0  _PSW                               hw6
     000000D1  G$F1$0$0                           hw6
     000000D1  G$REF0CN$0$0                       hw6
     000000D1  _F1                                hw6
     000000D1  _REF0CN                            hw6
     000000D2  G$DAC0L$0$0                        hw6
     000000D2  G$OV$0$0                           hw6
     000000D2  _DAC0L                             hw6
ASxxxx Linker V03.00 + NoICE + sdld,  page 10.
Hexadecimal  [32-Bits]

Area                                    Addr        Size        Decimal Bytes (Attributes)
--------------------------------        ----        ----        ------- ----- ------------
.  .ABS.                            00000000    00000000 =           0. bytes (ABS,CON)

      Value  Global                              Global Defined In Module
      -----  --------------------------------   ------------------------
     000000D2  _OV                                hw6
     000000D3  G$DAC0H$0$0                        hw6
     000000D3  G$RS0$0$0                          hw6
     000000D3  _DAC0H                             hw6
     000000D3  _RS0                               hw6
     000000D4  G$DAC0CN$0$0                       hw6
     000000D4  G$RS1$0$0                          hw6
     000000D4  _DAC0CN                            hw6
     000000D4  _RS1                               hw6
     000000D5  G$DAC1L$0$0                        hw6
     000000D5  G$F0$0$0                           hw6
     000000D5  _DAC1L                             hw6
     000000D5  _F0                                hw6
     000000D6  G$AC$0$0                           hw6
     000000D6  G$DAC1H$0$0                        hw6
     000000D6  _AC                                hw6
     000000D6  _DAC1H                             hw6
     000000D7  G$CY$0$0                           hw6
     000000D7  G$DAC1CN$0$0                       hw6
     000000D7  _CY                                hw6
     000000D7  _DAC1CN                            hw6
     000000D8  G$CCF0$0$0                         hw6
     000000D8  G$PCA0CN$0$0                       hw6
     000000D8  _CCF0                              hw6
     000000D8  _PCA0CN                            hw6
     000000D9  G$CCF1$0$0                         hw6
     000000D9  G$PCA0MD$0$0                       hw6
     000000D9  _CCF1                              hw6
     000000D9  _PCA0MD                            hw6
     000000DA  G$CCF2$0$0                         hw6
     000000DA  G$PCA0CPM0$0$0                     hw6
     000000DA  _CCF2                              hw6
     000000DA  _PCA0CPM0                          hw6
     000000DB  G$CCF3$0$0                         hw6
     000000DB  G$PCA0CPM1$0$0                     hw6
     000000DB  _CCF3                              hw6
     000000DB  _PCA0CPM1                          hw6
     000000DC  G$CCF4$0$0                         hw6
     000000DC  G$PCA0CPM2$0$0                     hw6
     000000DC  _CCF4                              hw6
     000000DC  _PCA0CPM2                          hw6
     000000DD  G$PCA0CPM3$0$0                     hw6
     000000DD  _PCA0CPM3                          hw6
     000000DE  G$CR$0$0                           hw6
     000000DE  G$PCA0CPM4$0$0                     hw6
     000000DE  _CR                                hw6
     000000DE  _PCA0CPM4                          hw6
     000000DF  G$CF$0$0                           hw6
     000000DF  _CF                                hw6
     000000E0  G$ACC$0$0                          hw6
     000000E0  _ACC                               hw6
ASxxxx Linker V03.00 + NoICE + sdld,  page 11.
Hexadecimal  [32-Bits]

Area                                    Addr        Size        Decimal Bytes (Attributes)
--------------------------------        ----        ----        ------- ----- ------------
.  .ABS.                            00000000    00000000 =           0. bytes (ABS,CON)

      Value  Global                              Global Defined In Module
      -----  --------------------------------   ------------------------
     000000E1  G$XBR0$0$0                         hw6
     000000E1  _XBR0                              hw6
     000000E2  G$XBR1$0$0                         hw6
     000000E2  _XBR1                              hw6
     000000E3  G$XBR2$0$0                         hw6
     000000E3  _XBR2                              hw6
     000000E4  G$RCAP4L$0$0                       hw6
     000000E4  _RCAP4L                            hw6
     000000E5  G$RCAP4H$0$0                       hw6
     000000E5  _RCAP4H                            hw6
     000000E6  G$EIE1$0$0                         hw6
     000000E6  _EIE1                              hw6
     000000E7  G$EIE2$0$0                         hw6
     000000E7  _EIE2                              hw6
     000000E8  G$AD0LJST$0$0                      hw6
     000000E8  G$ADC0CN$0$0                       hw6
     000000E8  G$ADLJST$0$0                       hw6
     000000E8  _AD0LJST                           hw6
     000000E8  _ADC0CN                            hw6
     000000E8  _ADLJST                            hw6
     000000E9  G$AD0WINT$0$0                      hw6
     000000E9  G$ADWINT$0$0                       hw6
     000000E9  G$PCA0L$0$0                        hw6
     000000E9  _AD0WINT                           hw6
     000000E9  _ADWINT                            hw6
     000000E9  _PCA0L                             hw6
     000000EA  G$AD0CM0$0$0                       hw6
     000000EA  G$ADSTM0$0$0                       hw6
     000000EA  G$PCA0CPL0$0$0                     hw6
     000000EA  _AD0CM0                            hw6
     000000EA  _ADSTM0                            hw6
     000000EA  _PCA0CPL0                          hw6
     000000EB  G$AD0CM1$0$0                       hw6
     000000EB  G$ADSTM1$0$0                       hw6
     000000EB  G$PCA0CPL1$0$0                     hw6
     000000EB  _AD0CM1                            hw6
     000000EB  _ADSTM1                            hw6
     000000EB  _PCA0CPL1                          hw6
     000000EC  G$AD0BUSY$0$0                      hw6
     000000EC  G$ADBUSY$0$0                       hw6
     000000EC  G$PCA0CPL2$0$0                     hw6
     000000EC  _AD0BUSY                           hw6
     000000EC  _ADBUSY                            hw6
     000000EC  _PCA0CPL2                          hw6
     000000ED  G$AD0INT$0$0                       hw6
     000000ED  G$ADCINT$0$0                       hw6
     000000ED  G$PCA0CPL3$0$0                     hw6
     000000ED  _AD0INT                            hw6
     000000ED  _ADCINT                            hw6
     000000ED  _PCA0CPL3                          hw6
     000000EE  G$AD0TM$0$0                        hw6
ASxxxx Linker V03.00 + NoICE + sdld,  page 12.
Hexadecimal  [32-Bits]

Area                                    Addr        Size        Decimal Bytes (Attributes)
--------------------------------        ----        ----        ------- ----- ------------
.  .ABS.                            00000000    00000000 =           0. bytes (ABS,CON)

      Value  Global                              Global Defined In Module
      -----  --------------------------------   ------------------------
     000000EE  G$ADCTM$0$0                        hw6
     000000EE  G$PCA0CPL4$0$0                     hw6
     000000EE  _AD0TM                             hw6
     000000EE  _ADCTM                             hw6
     000000EE  _PCA0CPL4                          hw6
     000000EF  G$AD0EN$0$0                        hw6
     000000EF  G$ADCEN$0$0                        hw6
     000000EF  G$RSTSRC$0$0                       hw6
     000000EF  _AD0EN                             hw6
     000000EF  _ADCEN                             hw6
     000000EF  _RSTSRC                            hw6
     000000F0  G$B$0$0                            hw6
     000000F0  _B                                 hw6
     000000F1  G$SCON1$0$0                        hw6
     000000F1  _SCON1                             hw6
     000000F2  G$SBUF1$0$0                        hw6
     000000F2  _SBUF1                             hw6
     000000F3  G$SADDR1$0$0                       hw6
     000000F3  _SADDR1                            hw6
     000000F4  G$TL4$0$0                          hw6
     000000F4  _TL4                               hw6
     000000F5  G$TH4$0$0                          hw6
     000000F5  _B_5                               _gptrget
     000000F5  _TH4                               hw6
     000000F6  G$EIP1$0$0                         hw6
     000000F6  _B_6                               _gptrget
     000000F6  _EIP1                              hw6
     000000F7  G$EIP2$0$0                         hw6
     000000F7  _B_7                               _gptrget
     000000F7  _EIP2                              hw6
     000000F8  G$SPI0CN$0$0                       hw6
     000000F8  G$SPIEN$0$0                        hw6
     000000F8  _SPI0CN                            hw6
     000000F8  _SPIEN                             hw6
     000000F9  G$MSTEN$0$0                        hw6
     000000F9  G$PCA0H$0$0                        hw6
     000000F9  _MSTEN                             hw6
     000000F9  _PCA0H                             hw6
     000000FA  G$PCA0CPH0$0$0                     hw6
     000000FA  G$SLVSEL$0$0                       hw6
     000000FA  _PCA0CPH0                          hw6
     000000FA  _SLVSEL                            hw6
     000000FB  G$PCA0CPH1$0$0                     hw6
     000000FB  G$TXBSY$0$0                        hw6
     000000FB  _PCA0CPH1                          hw6
     000000FB  _TXBSY                             hw6
     000000FC  G$PCA0CPH2$0$0                     hw6
     000000FC  G$RXOVRN$0$0                       hw6
     000000FC  _PCA0CPH2                          hw6
     000000FC  _RXOVRN                            hw6
     000000FD  G$MODF$0$0                         hw6
ASxxxx Linker V03.00 + NoICE + sdld,  page 13.
Hexadecimal  [32-Bits]

Area                                    Addr        Size        Decimal Bytes (Attributes)
--------------------------------        ----        ----        ------- ----- ------------
.  .ABS.                            00000000    00000000 =           0. bytes (ABS,CON)

      Value  Global                              Global Defined In Module
      -----  --------------------------------   ------------------------
     000000FD  G$PCA0CPH3$0$0                     hw6
     000000FD  _MODF                              hw6
     000000FD  _PCA0CPH3                          hw6
     000000FE  G$PCA0CPH4$0$0                     hw6
     000000FE  G$WCOL$0$0                         hw6
     000000FE  _PCA0CPH4                          hw6
     000000FE  _WCOL                              hw6
     000000FF  G$SPIF$0$0                         hw6
     000000FF  G$WDTCN$0$0                        hw6
     000000FF  _SPIF                              hw6
     000000FF  _WDTCN                             hw6
     00008C8A  G$TMR0$0$0                         hw6
     00008C8A  _TMR0                              hw6
     00008D8B  G$TMR1$0$0                         hw6
     00008D8B  _TMR1                              hw6
     00009392  G$TMR3RL$0$0                       hw6
     00009392  _TMR3RL                            hw6
     00009594  G$TMR3$0$0                         hw6
     00009594  _TMR3                              hw6
     0000BFBE  G$ADC0$0$0                         hw6
     0000BFBE  _ADC0                              hw6
     0000C5C4  G$ADC0GT$0$0                       hw6
     0000C5C4  _ADC0GT                            hw6
     0000C7C6  G$ADC0LT$0$0                       hw6
     0000C7C6  _ADC0LT                            hw6
     0000CBCA  G$RCAP2$0$0                        hw6
     0000CBCA  _RCAP2                             hw6
     0000CDCC  G$TMR2$0$0                         hw6
     0000CDCC  _TMR2                              hw6
     0000D3D2  G$DAC0$0$0                         hw6
     0000D3D2  _DAC0                              hw6
     0000D6D5  G$DAC1$0$0                         hw6
     0000D6D5  _DAC1                              hw6
     0000E5E4  G$RCAP4$0$0                        hw6
     0000E5E4  _RCAP4                             hw6
     0000F5F4  G$TMR4$0$0                         hw6
     0000F5F4  _TMR4                              hw6
     0000F9E9  G$PCA0$0$0                         hw6
     0000F9E9  _PCA0                              hw6
     0000FAEA  G$PCA0CP0$0$0                      hw6
     0000FAEA  _PCA0CP0                           hw6
     0000FBEB  G$PCA0CP1$0$0                      hw6
     0000FBEB  _PCA0CP1                           hw6
     0000FCEC  G$PCA0CP2$0$0                      hw6
     0000FCEC  _PCA0CP2                           hw6
     0000FDED  G$PCA0CP3$0$0                      hw6
     0000FDED  _PCA0CP3                           hw6
     0000FEEE  G$PCA0CP4$0$0                      hw6
     0000FEEE  _PCA0CP4                           hw6
ASxxxx Linker V03.00 + NoICE + sdld,  page 14.
Hexadecimal  [32-Bits]

Area                                    Addr        Size        Decimal Bytes (Attributes)
--------------------------------        ----        ----        ------- ----- ------------
BSEG_BYTES                          00000020    00000002 =           2. bytes (REL,CON)

      Value  Global                              Global Defined In Module
      -----  --------------------------------   ------------------------
ASxxxx Linker V03.00 + NoICE + sdld,  page 15.
Hexadecimal  [32-Bits]

Area                                    Addr        Size        Decimal Bytes (Attributes)
--------------------------------        ----        ----        ------- ----- ------------
REG_BANK_0                          00000000    00000008 =           8. bytes (REL,OVR)

      Value  Global                              Global Defined In Module
      -----  --------------------------------   ------------------------
ASxxxx Linker V03.00 + NoICE + sdld,  page 16.
Hexadecimal  [32-Bits]

Area                                    Addr        Size        Decimal Bytes (Attributes)
--------------------------------        ----        ----        ------- ----- ------------
DSEG                                00000000    0000007D =         125. bytes (REL,CON)

      Value  Global                              Global Defined In Module
      -----  --------------------------------   ------------------------
     00000008  G$counts$0$0                       hw6
     00000008  _counts                            hw6
     0000000A  G$debounceCount$0$0                hw6
     0000000A  _debounceCount                     hw6
     0000000C  G$PBcount$0$0                      hw6
     0000000C  _PBcount                           hw6
     0000000E  G$PBonesec$0$0                     hw6
     0000000E  _PBonesec                          hw6
     00000010  G$count_before$0$0                 hw6
     00000010  _count_before                      hw6
     00000012  G$count_after$0$0                  hw6
     00000012  _count_after                       hw6
     00000014  G$input$0$0                        hw6
     00000014  _input                             hw6
     00000015  _vprintf_PARM_2                    vprintf
     00000016  _bp                                _bp
     0000002E  __print_format_PARM_2              printf_large
     00000031  __print_format_PARM_3              printf_large
     00000034  __print_format_PARM_4              printf_large

ASxxxx Linker V03.00 + NoICE + sdld,  page 17.
Hexadecimal  [32-Bits]

Area                                    Addr        Size        Decimal Bytes (Attributes)
--------------------------------        ----        ----        ------- ----- ------------
OSEG                                00000017    00000006 =           6. bytes (REL,OVR)

      Value  Global                              Global Defined In Module
      -----  --------------------------------   ------------------------
ASxxxx Linker V03.00 + NoICE + sdld,  page 18.
Hexadecimal  [32-Bits]

Area                                    Addr        Size        Decimal Bytes (Attributes)
--------------------------------        ----        ----        ------- ----- ------------
ISEG                                0000003C    00000006 =           6. bytes (REL,CON)

      Value  Global                              Global Defined In Module
      -----  --------------------------------   ------------------------
ASxxxx Linker V03.00 + NoICE + sdld,  page 19.
Hexadecimal  [32-Bits]

Area                                    Addr        Size        Decimal Bytes (Attributes)
--------------------------------        ----        ----        ------- ----- ------------
SSEG                                00000042    000000BE =         190. bytes (REL,OVR)

      Value  Global                              Global Defined In Module
      -----  --------------------------------   ------------------------
     00000042  __start__stack                     hw6

ASxxxx Linker V03.00 + NoICE + sdld,  page 20.
Hexadecimal  [32-Bits]

Area                                    Addr        Size        Decimal Bytes (Attributes)
--------------------------------        ----        ----        ------- ----- ------------
HOME                                00000000    00000011 =          17. bytes (REL,CON,CODE)

      Value  Global                              Global Defined In Module
      -----  --------------------------------   ------------------------
C:   00000000  A$hw6$958                          hw6
C:   00000003  A$hw6$959                          hw6
C:   0000000B  A$hw6$961                          hw6
C:   0000000E  A$hw6$983                          hw6
C:   0000000E  __sdcc_program_startup             hw6

ASxxxx Linker V03.00 + NoICE + sdld,  page 21.
Hexadecimal  [32-Bits]

Area                                    Addr        Size        Decimal Bytes (Attributes)
--------------------------------        ----        ----        ------- ----- ------------
GSINIT0                             00000011    00000003 =           3. bytes (REL,CON,CODE)

      Value  Global                              Global Defined In Module
      -----  --------------------------------   ------------------------
C:   00000011  __sdcc_gsinit_startup              

ASxxxx Linker V03.00 + NoICE + sdld,  page 22.
Hexadecimal  [32-Bits]

Area                                    Addr        Size        Decimal Bytes (Attributes)
--------------------------------        ----        ----        ------- ----- ------------
GSINIT2                             00000014    0000000A =          10. bytes (REL,CON,CODE)

      Value  Global                              Global Defined In Module
      -----  --------------------------------   ------------------------
ASxxxx Linker V03.00 + NoICE + sdld,  page 23.
Hexadecimal  [32-Bits]

Area                                    Addr        Size        Decimal Bytes (Attributes)
--------------------------------        ----        ----        ------- ----- ------------
GSINIT3                             0000001E    00000022 =          34. bytes (REL,CON,CODE)

      Value  Global                              Global Defined In Module
      -----  --------------------------------   ------------------------
C:   0000001E  __mcs51_genXINIT                   

ASxxxx Linker V03.00 + NoICE + sdld,  page 24.
Hexadecimal  [32-Bits]

Area                                    Addr        Size        Decimal Bytes (Attributes)
--------------------------------        ----        ----        ------- ----- ------------
GSINIT4                             00000040    0000002A =          42. bytes (REL,CON,CODE)

      Value  Global                              Global Defined In Module
      -----  --------------------------------   ------------------------
C:   00000040  __mcs51_genRAMCLEAR                
C:   00000046  __mcs51_genXRAMCLEAR               

ASxxxx Linker V03.00 + NoICE + sdld,  page 25.
Hexadecimal  [32-Bits]

Area                                    Addr        Size        Decimal Bytes (Attributes)
--------------------------------        ----        ----        ------- ----- ------------
GSFINAL                             0000006A    00000003 =           3. bytes (REL,CON,CODE)

      Value  Global                              Global Defined In Module
      -----  --------------------------------   ------------------------
C:   0000006A  A$hw6$976                          hw6

ASxxxx Linker V03.00 + NoICE + sdld,  page 26.
Hexadecimal  [32-Bits]

Area                                    Addr        Size        Decimal Bytes (Attributes)
--------------------------------        ----        ----        ------- ----- ------------
CSEG                                0000006D    000007D8 =        2008. bytes (REL,CON,CODE)

      Value  Global                              Global Defined In Module
      -----  --------------------------------   ------------------------
C:   0000006D  A$hw6$1011                         hw6
C:   0000006D  C$c8051_SDCC.h$62$0$0              hw6
C:   0000006D  C$c8051_SDCC.h$66$1$2              hw6
C:   0000006D  G$SYSCLK_Init$0$0                  hw6
C:   0000006D  _SYSCLK_Init                       hw6
C:   00000070  A$hw6$1014                         hw6
C:   00000070  C$c8051_SDCC.h$69$1$2              hw6
C:   00000072  A$hw6$1015                         hw6
C:   00000074  A$hw6$1017                         hw6
C:   00000075  A$hw6$1018                         hw6
C:   00000077  A$hw6$1019                         hw6
C:   00000078  A$hw6$1020                         hw6
C:   00000079  A$hw6$1021                         hw6
C:   0000007B  A$hw6$1022                         hw6
C:   0000007C  A$hw6$1023                         hw6
C:   0000007E  A$hw6$1024                         hw6
C:   00000080  A$hw6$1025                         hw6
C:   00000081  A$hw6$1026                         hw6
C:   00000082  A$hw6$1027                         hw6
C:   00000084  A$hw6$1031                         hw6
C:   00000084  C$c8051_SDCC.h$71$1$2              hw6
C:   00000086  A$hw6$1032                         hw6
C:   00000089  A$hw6$1035                         hw6
C:   00000089  C$c8051_SDCC.h$73$1$2              hw6
C:   0000008C  A$hw6$1038                         hw6
C:   0000008C  C$c8051_SDCC.h$76$1$2              hw6
C:   0000008C  XG$SYSCLK_Init$0$0                 hw6
C:   0000008D  A$hw6$1051                         hw6
C:   0000008D  C$c8051_SDCC.h$84$1$2              hw6
C:   0000008D  C$c8051_SDCC.h$86$1$4              hw6
C:   0000008D  G$UART0_Init$0$0                   hw6
C:   0000008D  _UART0_Init                        hw6
C:   00000090  A$hw6$1054                         hw6
C:   00000090  C$c8051_SDCC.h$87$1$4              hw6
C:   00000093  A$hw6$1057                         hw6
C:   00000093  C$c8051_SDCC.h$88$1$4              hw6
C:   00000096  A$hw6$1060                         hw6
C:   00000096  C$c8051_SDCC.h$89$1$4              hw6
C:   00000098  A$hw6$1063                         hw6
C:   00000098  C$c8051_SDCC.h$90$1$4              hw6
C:   0000009B  A$hw6$1066                         hw6
C:   0000009B  C$c8051_SDCC.h$91$1$4              hw6
C:   0000009E  A$hw6$1069                         hw6
C:   0000009E  C$c8051_SDCC.h$93$1$4              hw6
C:   000000A0  A$hw6$1072                         hw6
C:   000000A0  C$c8051_SDCC.h$94$1$4              hw6
C:   000000A3  A$hw6$1075                         hw6
C:   000000A3  C$c8051_SDCC.h$95$1$4              hw6
C:   000000A3  XG$UART0_Init$0$0                  hw6
C:   000000A4  A$hw6$1088                         hw6
ASxxxx Linker V03.00 + NoICE + sdld,  page 27.
Hexadecimal  [32-Bits]

Area                                    Addr        Size        Decimal Bytes (Attributes)
--------------------------------        ----        ----        ------- ----- ------------
CSEG                                0000006D    000007D8 =        2008. bytes (REL,CON,CODE)

      Value  Global                              Global Defined In Module
      -----  --------------------------------   ------------------------
C:   000000A4  C$c8051_SDCC.h$103$1$4             hw6
C:   000000A4  C$c8051_SDCC.h$105$1$6             hw6
C:   000000A4  G$Sys_Init$0$0                     hw6
C:   000000A4  _Sys_Init                          hw6
C:   000000A7  A$hw6$1091                         hw6
C:   000000A7  C$c8051_SDCC.h$106$1$6             hw6
C:   000000AA  A$hw6$1094                         hw6
C:   000000AA  C$c8051_SDCC.h$108$1$6             hw6
C:   000000AD  A$hw6$1097                         hw6
C:   000000AD  C$c8051_SDCC.h$109$1$6             hw6
C:   000000B0  A$hw6$1100                         hw6
C:   000000B0  C$c8051_SDCC.h$111$1$6             hw6
C:   000000B3  A$hw6$1103                         hw6
C:   000000B3  C$c8051_SDCC.h$112$1$6             hw6
C:   000000B6  A$hw6$1106                         hw6
C:   000000B6  C$c8051_SDCC.h$113$1$6             hw6
C:   000000B6  XG$Sys_Init$0$0                    hw6
C:   000000B7  A$hw6$1119                         hw6
C:   000000B7  C$c8051_SDCC.h$129$1$6             hw6
C:   000000B7  G$putchar$0$0                      hw6
C:   000000B7  _putchar                           hw6
C:   000000B9  A$hw6$1125                         hw6
C:   000000B9  C$c8051_SDCC.h$132$1$8             hw6
C:   000000B9  C$c8051_SDCC.h$133$1$8             hw6
C:   000000BC  A$hw6$1126                         hw6
C:   000000BE  A$hw6$1130                         hw6
C:   000000BE  C$c8051_SDCC.h$134$1$8             hw6
C:   000000C0  A$hw6$1133                         hw6
C:   000000C0  C$c8051_SDCC.h$135$1$8             hw6
C:   000000C0  XG$putchar$0$0                     hw6
C:   000000C1  A$hw6$1151                         hw6
C:   000000C1  C$c8051_SDCC.h$154$1$8             hw6
C:   000000C1  C$c8051_SDCC.h$157$1$10            hw6
C:   000000C1  C$c8051_SDCC.h$158$1$10            hw6
C:   000000C1  G$getchar$0$0                      hw6
C:   000000C1  _getchar                           hw6
C:   000000C4  A$hw6$1152                         hw6
C:   000000C6  A$hw6$1156                         hw6
C:   000000C6  C$c8051_SDCC.h$159$1$10            hw6
C:   000000C8  A$hw6$1159                         hw6
C:   000000C8  C$c8051_SDCC.h$160$1$10            hw6
C:   000000CA  A$hw6$1160                         hw6
C:   000000CC  A$hw6$1161                         hw6
C:   000000CF  A$hw6$1162                         hw6
C:   000000D1  A$hw6$1165                         hw6
C:   000000D1  C$c8051_SDCC.h$161$1$10            hw6
C:   000000D3  A$hw6$1168                         hw6
C:   000000D3  C$c8051_SDCC.h$162$1$10            hw6
C:   000000D3  XG$getchar$0$0                     hw6
C:   000000D4  A$hw6$1183                         hw6
C:   000000D4  C$c8051_SDCC.h$168$1$10            hw6
ASxxxx Linker V03.00 + NoICE + sdld,  page 28.
Hexadecimal  [32-Bits]

Area                                    Addr        Size        Decimal Bytes (Attributes)
--------------------------------        ----        ----        ------- ----- ------------
CSEG                                0000006D    000007D8 =        2008. bytes (REL,CON,CODE)

      Value  Global                              Global Defined In Module
      -----  --------------------------------   ------------------------
C:   000000D4  C$c8051_SDCC.h$171$1$12            hw6
C:   000000D4  G$getchar_nw$0$0                   hw6
C:   000000D4  _getchar_nw                        hw6
C:   000000D7  A$hw6$1184                         hw6
C:   000000DA  A$hw6$1185                         hw6
C:   000000DC  A$hw6$1189                         hw6
C:   000000DC  C$c8051_SDCC.h$174$2$13            hw6
C:   000000DE  A$hw6$1192                         hw6
C:   000000DE  C$c8051_SDCC.h$175$2$13            hw6
C:   000000E1  A$hw6$1195                         hw6
C:   000000E1  C$c8051_SDCC.h$176$2$13            hw6
C:   000000E4  A$hw6$1198                         hw6
C:   000000E4  C$c8051_SDCC.h$177$2$13            hw6
C:   000000E7  A$hw6$1202                         hw6
C:   000000E7  C$c8051_SDCC.h$179$1$12            hw6
C:   000000E7  XG$getchar_nw$0$0                  hw6
C:   000000E8  A$hw6$1215                         hw6
C:   000000E8  C$hw6.c$50$1$12                    hw6
C:   000000E8  C$hw6.c$52$1$33                    hw6
C:   000000E8  G$main$0$0                         hw6
C:   000000E8  _main                              hw6
C:   000000EB  A$hw6$1218                         hw6
C:   000000EB  C$hw6.c$53$1$33                    hw6
C:   000000EE  A$hw6$1219                         hw6
C:   000000F1  A$hw6$1222                         hw6
C:   000000F1  C$hw6.c$54$1$33                    hw6
C:   000000F4  A$hw6$1225                         hw6
C:   000000F4  C$hw6.c$55$1$33                    hw6
C:   000000F7  A$hw6$1228                         hw6
C:   000000F7  C$hw6.c$56$1$33                    hw6
C:   000000FA  A$hw6$1234                         hw6
C:   000000FA  C$hw6.c$58$1$33                    hw6
C:   000000FA  C$hw6.c$60$2$34                    hw6
C:   000000FC  A$hw6$1235                         hw6
C:   000000FE  A$hw6$1236                         hw6
C:   00000100  A$hw6$1237                         hw6
C:   00000102  A$hw6$1238                         hw6
C:   00000104  A$hw6$1239                         hw6
C:   00000106  A$hw6$1240                         hw6
C:   00000109  A$hw6$1241                         hw6
C:   0000010B  A$hw6$1242                         hw6
C:   0000010D  A$hw6$1243                         hw6
C:   0000010F  A$hw6$1246                         hw6
C:   0000010F  C$hw6.c$61$2$34                    hw6
C:   00000112  A$hw6$1247                         hw6
C:   00000115  A$hw6$1250                         hw6
C:   00000115  C$hw6.c$62$2$34                    hw6
C:   00000117  A$hw6$1251                         hw6
C:   00000119  A$hw6$1252                         hw6
C:   0000011B  A$hw6$1253                         hw6
C:   0000011D  A$hw6$1254                         hw6
ASxxxx Linker V03.00 + NoICE + sdld,  page 29.
Hexadecimal  [32-Bits]

Area                                    Addr        Size        Decimal Bytes (Attributes)
--------------------------------        ----        ----        ------- ----- ------------
CSEG                                0000006D    000007D8 =        2008. bytes (REL,CON,CODE)

      Value  Global                              Global Defined In Module
      -----  --------------------------------   ------------------------
C:   0000011F  A$hw6$1255                         hw6
C:   00000121  A$hw6$1256                         hw6
C:   00000124  A$hw6$1257                         hw6
C:   00000126  A$hw6$1258                         hw6
C:   00000128  A$hw6$1259                         hw6
C:   0000012A  A$hw6$1262                         hw6
C:   0000012A  C$hw6.c$64$2$34                    hw6
C:   0000012B  A$hw6$1263                         hw6
C:   0000012D  A$hw6$1264                         hw6
C:   0000012F  A$hw6$1267                         hw6
C:   0000012F  C$hw6.c$65$2$34                    hw6
C:   00000131  A$hw6$1268                         hw6
C:   00000133  A$hw6$1271                         hw6
C:   00000133  C$hw6.c$66$2$34                    hw6
C:   00000135  A$hw6$1272                         hw6
C:   00000137  A$hw6$1275                         hw6
C:   00000137  C$hw6.c$67$2$34                    hw6
C:   00000139  A$hw6$1276                         hw6
C:   0000013B  A$hw6$1279                         hw6
C:   0000013B  C$hw6.c$68$2$34                    hw6
C:   0000013D  A$hw6$1280                         hw6
C:   0000013F  A$hw6$1283                         hw6
C:   0000013F  C$hw6.c$71$2$34                    hw6
C:   00000141  A$hw6$1287                         hw6
C:   00000141  C$hw6.c$72$2$34                    hw6
C:   00000142  A$hw6$1288                         hw6
C:   00000144  A$hw6$1289                         hw6
C:   00000146  A$hw6$1290                         hw6
C:   00000148  A$hw6$1291                         hw6
C:   0000014A  A$hw6$1292                         hw6
C:   0000014C  A$hw6$1295                         hw6
C:   0000014C  C$hw6.c$75$3$35                    hw6
C:   0000014F  A$hw6$1298                         hw6
C:   0000014F  C$hw6.c$77$4$36                    hw6
C:   00000152  A$hw6$1299                         hw6
C:   00000155  A$hw6$1302                         hw6
C:   00000155  C$hw6.c$78$4$36                    hw6
C:   00000158  A$hw6$1306                         hw6
C:   00000158  C$hw6.c$79$4$36                    hw6
C:   0000015B  A$hw6$1309                         hw6
C:   0000015B  C$hw6.c$80$4$36                    hw6
C:   0000015D  A$hw6$1310                         hw6
C:   0000015E  A$hw6$1311                         hw6
C:   00000161  A$hw6$1312                         hw6
C:   00000163  A$hw6$1316                         hw6
C:   00000163  C$hw6.c$81$4$36                    hw6
C:   00000166  A$hw6$1317                         hw6
C:   00000169  A$hw6$1320                         hw6
C:   00000169  C$hw6.c$82$4$36                    hw6
C:   0000016C  A$hw6$1323                         hw6
C:   0000016C  C$hw6.c$83$4$36                    hw6
ASxxxx Linker V03.00 + NoICE + sdld,  page 30.
Hexadecimal  [32-Bits]

Area                                    Addr        Size        Decimal Bytes (Attributes)
--------------------------------        ----        ----        ------- ----- ------------
CSEG                                0000006D    000007D8 =        2008. bytes (REL,CON,CODE)

      Value  Global                              Global Defined In Module
      -----  --------------------------------   ------------------------
C:   0000016E  A$hw6$1324                         hw6
C:   00000170  A$hw6$1325                         hw6
C:   00000171  A$hw6$1326                         hw6
C:   00000172  A$hw6$1327                         hw6
C:   00000174  A$hw6$1328                         hw6
C:   00000175  A$hw6$1329                         hw6
C:   00000176  A$hw6$1330                         hw6
C:   00000178  A$hw6$1331                         hw6
C:   00000179  A$hw6$1332                         hw6
C:   0000017A  A$hw6$1333                         hw6
C:   0000017C  A$hw6$1334                         hw6
C:   0000017D  A$hw6$1335                         hw6
C:   0000017F  A$hw6$1336                         hw6
C:   00000180  A$hw6$1337                         hw6
C:   00000182  A$hw6$1340                         hw6
C:   00000182  C$hw6.c$85$5$37                    hw6
C:   00000184  A$hw6$1341                         hw6
C:   00000185  A$hw6$1342                         hw6
C:   00000188  A$hw6$1343                         hw6
C:   0000018A  A$hw6$1344                         hw6
C:   0000018C  A$hw6$1348                         hw6
C:   0000018C  C$hw6.c$89$2$34                    hw6
C:   0000018E  A$hw6$1349                         hw6
C:   00000190  A$hw6$1350                         hw6
C:   00000192  A$hw6$1351                         hw6
C:   00000194  A$hw6$1352                         hw6
C:   00000196  A$hw6$1353                         hw6
C:   00000198  A$hw6$1354                         hw6
C:   0000019A  A$hw6$1355                         hw6
C:   0000019C  A$hw6$1356                         hw6
C:   0000019F  A$hw6$1357                         hw6
C:   000001A1  A$hw6$1358                         hw6
C:   000001A3  A$hw6$1359                         hw6
C:   000001A5  A$hw6$1362                         hw6
C:   000001A5  C$hw6.c$90$2$34                    hw6
C:   000001A7  A$hw6$1363                         hw6
C:   000001A9  A$hw6$1364                         hw6
C:   000001AB  A$hw6$1365                         hw6
C:   000001AD  A$hw6$1366                         hw6
C:   000001AF  A$hw6$1367                         hw6
C:   000001B1  A$hw6$1368                         hw6
C:   000001B3  A$hw6$1369                         hw6
C:   000001B5  A$hw6$1370                         hw6
C:   000001B8  A$hw6$1371                         hw6
C:   000001BA  A$hw6$1372                         hw6
C:   000001BC  A$hw6$1373                         hw6
C:   000001BE  A$hw6$1374                         hw6
C:   000001C1  A$hw6$1377                         hw6
C:   000001C1  C$hw6.c$92$1$33                    hw6
C:   000001C1  XG$main$0$0                        hw6
C:   000001C2  A$hw6$1390                         hw6
ASxxxx Linker V03.00 + NoICE + sdld,  page 31.
Hexadecimal  [32-Bits]

Area                                    Addr        Size        Decimal Bytes (Attributes)
--------------------------------        ----        ----        ------- ----- ------------
CSEG                                0000006D    000007D8 =        2008. bytes (REL,CON,CODE)

      Value  Global                              Global Defined In Module
      -----  --------------------------------   ------------------------
C:   000001C2  C$hw6.c$96$1$33                    hw6
C:   000001C2  C$hw6.c$98$1$39                    hw6
C:   000001C2  G$Port_Init$0$0                    hw6
C:   000001C2  _Port_Init                         hw6
C:   000001C5  A$hw6$1393                         hw6
C:   000001C5  C$hw6.c$99$1$39                    hw6
C:   000001C8  A$hw6$1396                         hw6
C:   000001C8  C$hw6.c$100$1$39                   hw6
C:   000001C8  XG$Port_Init$0$0                   hw6
C:   000001C9  A$hw6$1409                         hw6
C:   000001C9  C$hw6.c$104$1$39                   hw6
C:   000001C9  C$hw6.c$106$1$41                   hw6
C:   000001C9  G$Interrupt_Init$0$0               hw6
C:   000001C9  _Interrupt_Init                    hw6
C:   000001CC  A$hw6$1412                         hw6
C:   000001CC  C$hw6.c$107$1$41                   hw6
C:   000001CC  XG$Interrupt_Init$0$0              hw6
C:   000001CD  A$hw6$1425                         hw6
C:   000001CD  C$hw6.c$110$1$41                   hw6
C:   000001CD  C$hw6.c$113$1$43                   hw6
C:   000001CD  G$Timer_Init$0$0                   hw6
C:   000001CD  _Timer_Init                        hw6
C:   000001D0  A$hw6$1428                         hw6
C:   000001D0  C$hw6.c$114$1$43                   hw6
C:   000001D3  A$hw6$1431                         hw6
C:   000001D3  C$hw6.c$115$1$43                   hw6
C:   000001D5  A$hw6$1434                         hw6
C:   000001D5  C$hw6.c$116$1$43                   hw6
C:   000001D8  A$hw6$1437                         hw6
C:   000001D8  C$hw6.c$117$1$43                   hw6
C:   000001DB  A$hw6$1440                         hw6
C:   000001DB  C$hw6.c$119$1$43                   hw6
C:   000001DB  XG$Timer_Init$0$0                  hw6
C:   000001DC  A$hw6$1451                         hw6
C:   000001DC  C$hw6.c$123$1$43                   hw6
C:   000001DC  G$Timer0_ISR$0$0                   hw6
C:   000001DC  _Timer0_ISR                        hw6
C:   000001DE  A$hw6$1452                         hw6
C:   000001E0  A$hw6$1455                         hw6
C:   000001E0  C$hw6.c$127$1$45                   hw6
C:   000001E2  A$hw6$1456                         hw6
C:   000001E3  A$hw6$1457                         hw6
C:   000001E6  A$hw6$1458                         hw6
C:   000001E8  A$hw6$1462                         hw6
C:   000001E8  C$hw6.c$128$1$45                   hw6
C:   000001EA  A$hw6$1463                         hw6
C:   000001EB  A$hw6$1464                         hw6
C:   000001EE  A$hw6$1465                         hw6
C:   000001F0  A$hw6$1467                         hw6
C:   000001F2  A$hw6$1468                         hw6
C:   000001F4  A$hw6$1471                         hw6
ASxxxx Linker V03.00 + NoICE + sdld,  page 32.
Hexadecimal  [32-Bits]

Area                                    Addr        Size        Decimal Bytes (Attributes)
--------------------------------        ----        ----        ------- ----- ------------
CSEG                                0000006D    000007D8 =        2008. bytes (REL,CON,CODE)

      Value  Global                              Global Defined In Module
      -----  --------------------------------   ------------------------
C:   000001F4  C$hw6.c$129$1$45                   hw6
C:   000001F4  XG$Timer0_ISR$0$0                  hw6
C:   000001F5  A$hw6$1488                         hw6
C:   000001F5  C$hw6.c$131$1$45                   hw6
C:   000001F5  C$hw6.c$133$1$47                   hw6
C:   000001F5  G$Debounce$0$0                     hw6
C:   000001F5  _Debounce                          hw6
C:   000001F6  A$hw6$1489                         hw6
C:   000001F8  A$hw6$1490                         hw6
C:   000001FA  A$hw6$1494                         hw6
C:   000001FA  C$hw6.c$134$1$47                   hw6
C:   000001FB  A$hw6$1495                         hw6
C:   000001FD  A$hw6$1496                         hw6
C:   000001FF  A$hw6$1497                         hw6
C:   00000201  A$hw6$1498                         hw6
C:   00000203  A$hw6$1499                         hw6
C:   00000205  A$hw6$1502                         hw6
C:   00000205  C$hw6.c$135$1$47                   hw6
C:   00000205  XG$Debounce$0$0                    hw6
C:   00000211  _vprintf                           vprintf
C:   0000022A  _printf                            vprintf
C:   00000301  __print_format                     printf_large
C:   0000080D  _strlen                            _strlen
C:   00000825  __gptrget                          _gptrget
C:   00000841  __sdcc_external_startup            _startup
ASxxxx Linker V03.00 + NoICE + sdld,  page 33.
Hexadecimal  [32-Bits]

Area                                    Addr        Size        Decimal Bytes (Attributes)
--------------------------------        ----        ----        ------- ----- ------------
CONST                               00000845    000000AD =         173. bytes (REL,CON,CODE)

      Value  Global                              Global Defined In Module
      -----  --------------------------------   ------------------------
C:   00000845  Fhw6$__str_0$0$0                   hw6
C:   0000086C  Fhw6$__str_1$0$0                   hw6
C:   000008A7  Fhw6$__str_2$0$0                   hw6
C:   000008C1  Fhw6$__str_3$0$0                   hw6

ASxxxx Linker V03.00 + NoICE + sdld,  page 34.

Files Linked                              [ module(s) ]

C:\Users\Tim\Documents\LITEC\hw6\hw6.rel  [  ]


Libraries Linked                          [ object file ]

C:\Program Files\SDCC\bin\..\lib\small/mcs51.lib
                                          [ crtclear.rel ]
C:\Program Files\SDCC\bin\..\lib\small/mcs51.lib
                                          [ crtxinit.rel ]
C:\Program Files\SDCC\bin\..\lib\small/mcs51.lib
                                          [ crtxclear.rel ]
C:\Program Files\SDCC\bin\..\lib\small/libsdcc.lib
                                          [ vprintf.rel ]
C:\Program Files\SDCC\bin\..\lib\small/libsdcc.lib
                                          [ printf_large.rel ]
C:\Program Files\SDCC\bin\..\lib\small/libsdcc.lib
                                          [ _strlen.rel ]
C:\Program Files\SDCC\bin\..\lib\small/mcs51.lib
                                          [ crtstart.rel ]
C:\Program Files\SDCC\bin\..\lib\small/libsdcc.lib
                                          [ _gptrget.rel ]
C:\Program Files\SDCC\bin\..\lib\small/libsdcc.lib
                                          [ _startup.rel ]
C:\Program Files\SDCC\bin\..\lib\small/libsdcc.lib
                                          [ _bp.rel ]

ASxxxx Linker V03.00 + NoICE + sdld,  page 35.

User Base Address Definitions

HOME = 0x0000
XSEG = 0x0001
PSEG = 0x0001
ISEG = 0x0000
BSEG = 0x0000

