ASxxxx Linker V03.00 + NoICE + sdld,  page 1.
Hexadecimal  [32-Bits]

Area                                    Addr        Size        Decimal Bytes (Attributes)
--------------------------------        ----        ----        ------- ----- ------------
CABS                                00000000    00000000 =           0. bytes (ABS,CON,CODE)

      Value  Global                              Global Defined In Module
      -----  --------------------------------   ------------------------
C:   00000000  l_BIT_BANK                      
C:   00000000  l_CABS                          
C:   00000000  l_GSINIT                        
C:   00000000  l_GSINIT1                       
C:   00000000  l_GSINIT5                       
C:   00000000  l_IABS                          
C:   00000000  l_PSEG                          
C:   00000000  l_REG_BANK_1                    
C:   00000000  l_REG_BANK_2                    
C:   00000000  l_REG_BANK_3                    
C:   00000000  l_RSEG                          
C:   00000000  l_RSEG0                         
C:   00000000  l_RSEG1                         
C:   00000000  l_XABS                          
C:   00000000  l_XINIT                         
C:   00000000  l_XISEG                         
C:   00000000  l_XSEG                          
C:   00000000  l__CODE                         
C:   00000000  s_BSEG                          
C:   00000000  s_CABS                          
C:   00000000  s_DSEG                          
C:   00000000  s_HOME                          
C:   00000000  s_IABS                          
C:   00000000  s_REG_BANK_0                    
C:   00000000  s_RSEG                          
C:   00000000  s_RSEG0                         
C:   00000000  s_RSEG1                         
C:   00000000  s_XABS                          
C:   00000001  s_PSEG                          
C:   00000001  s_XISEG                         
C:   00000001  s_XSEG                          
C:   00000002  l_BSEG_BYTES                    
C:   00000003  l_GSFINAL                       
C:   00000003  l_GSINIT0                       
C:   00000006  l_HOME                          
C:   00000006  l_ISEG                          
C:   00000006  l_OSEG                          
C:   00000006  s_GSINIT0                       
C:   00000008  l_REG_BANK_0                    
C:   00000008  s_REG_BANK_1                    
C:   00000009  s_GSINIT1                       
C:   00000009  s_GSINIT2                       
C:   0000000A  l_BSEG                          
C:   0000000A  l_GSINIT2                       
C:   00000010  s_REG_BANK_2                    
C:   00000011  s_OSEG                          
C:   00000013  s_GSINIT3                       
C:   00000017  s_ISEG                          
C:   00000018  s_BIT_BANK                      
C:   00000018  s_REG_BANK_3                    
ASxxxx Linker V03.00 + NoICE + sdld,  page 2.
Hexadecimal  [32-Bits]

Area                                    Addr        Size        Decimal Bytes (Attributes)
--------------------------------        ----        ----        ------- ----- ------------
CABS                                00000000    00000000 =           0. bytes (ABS,CON,CODE)

      Value  Global                              Global Defined In Module
      -----  --------------------------------   ------------------------
C:   00000020  s_BSEG_BYTES                    
C:   00000020  s__CODE                         
C:   00000022  l_GSINIT3                       
C:   0000002A  l_GSINIT4                       
C:   00000035  s_GSINIT4                       
C:   0000003C  s_SSEG                          
C:   0000005F  s_GSFINAL                       
C:   0000005F  s_GSINIT                        
C:   0000005F  s_GSINIT5                       
C:   00000062  s_CSEG                          
C:   0000007C  l_CONST                         
C:   0000007D  l_DSEG                          
C:   000000C4  l_SSEG                          
C:   00000100  l_IRAM                          
C:   0000079F  l_CSEG                          
C:   00000801  s_CONST                         
C:   0000087D  s_XINIT                         

ASxxxx Linker V03.00 + NoICE + sdld,  page 3.
Hexadecimal  [32-Bits]

Area                                    Addr        Size        Decimal Bytes (Attributes)
--------------------------------        ----        ----        ------- ----- ------------
.  .ABS.                            00000000    00000000 =           0. bytes (ABS,CON)

      Value  Global                              Global Defined In Module
      -----  --------------------------------   ------------------------
     00000000  .__.ABS.                           _bp
     00000080  G$P0$0$0                           hw1
     00000080  G$P0_0$0$0                         hw1
     00000080  _P0                                hw1
     00000080  _P0_0                              hw1
     00000081  G$P0_1$0$0                         hw1
     00000081  G$SP$0$0                           hw1
     00000081  _P0_1                              hw1
     00000081  _SP                                hw1
     00000082  G$DPL$0$0                          hw1
     00000082  G$P0_2$0$0                         hw1
     00000082  _DPL                               hw1
     00000082  _P0_2                              hw1
     00000083  G$DPH$0$0                          hw1
     00000083  G$P0_3$0$0                         hw1
     00000083  _DPH                               hw1
     00000083  _P0_3                              hw1
     00000084  G$P0_4$0$0                         hw1
     00000084  G$P4$0$0                           hw1
     00000084  _P0_4                              hw1
     00000084  _P4                                hw1
     00000085  G$P0_5$0$0                         hw1
     00000085  G$P5$0$0                           hw1
     00000085  _P0_5                              hw1
     00000085  _P5                                hw1
     00000086  G$P0_6$0$0                         hw1
     00000086  G$P6$0$0                           hw1
     00000086  _P0_6                              hw1
     00000086  _P6                                hw1
     00000087  G$P0_7$0$0                         hw1
     00000087  G$PCON$0$0                         hw1
     00000087  _P0_7                              hw1
     00000087  _PCON                              hw1
     00000088  G$IT0$0$0                          hw1
     00000088  G$TCON$0$0                         hw1
     00000088  _IT0                               hw1
     00000088  _TCON                              hw1
     00000089  G$IE0$0$0                          hw1
     00000089  G$TMOD$0$0                         hw1
     00000089  _IE0                               hw1
     00000089  _TMOD                              hw1
     0000008A  G$IT1$0$0                          hw1
     0000008A  G$TL0$0$0                          hw1
     0000008A  _IT1                               hw1
     0000008A  _TL0                               hw1
     0000008B  G$IE1$0$0                          hw1
     0000008B  G$TL1$0$0                          hw1
     0000008B  _IE1                               hw1
     0000008B  _TL1                               hw1
     0000008C  G$TH0$0$0                          hw1
ASxxxx Linker V03.00 + NoICE + sdld,  page 4.
Hexadecimal  [32-Bits]

Area                                    Addr        Size        Decimal Bytes (Attributes)
--------------------------------        ----        ----        ------- ----- ------------
.  .ABS.                            00000000    00000000 =           0. bytes (ABS,CON)

      Value  Global                              Global Defined In Module
      -----  --------------------------------   ------------------------
     0000008C  G$TR0$0$0                          hw1
     0000008C  _TH0                               hw1
     0000008C  _TR0                               hw1
     0000008D  G$TF0$0$0                          hw1
     0000008D  G$TH1$0$0                          hw1
     0000008D  _TF0                               hw1
     0000008D  _TH1                               hw1
     0000008E  G$CKCON$0$0                        hw1
     0000008E  G$TR1$0$0                          hw1
     0000008E  _CKCON                             hw1
     0000008E  _TR1                               hw1
     0000008F  G$PSCTL$0$0                        hw1
     0000008F  G$TF1$0$0                          hw1
     0000008F  _PSCTL                             hw1
     0000008F  _TF1                               hw1
     00000090  G$P1$0$0                           hw1
     00000090  G$P1_0$0$0                         hw1
     00000090  _P1                                hw1
     00000090  _P1_0                              hw1
     00000091  G$P1_1$0$0                         hw1
     00000091  G$TMR3CN$0$0                       hw1
     00000091  _P1_1                              hw1
     00000091  _TMR3CN                            hw1
     00000092  G$P1_2$0$0                         hw1
     00000092  G$TMR3RLL$0$0                      hw1
     00000092  _P1_2                              hw1
     00000092  _TMR3RLL                           hw1
     00000093  G$P1_3$0$0                         hw1
     00000093  G$TMR3RLH$0$0                      hw1
     00000093  _P1_3                              hw1
     00000093  _TMR3RLH                           hw1
     00000094  G$P1_4$0$0                         hw1
     00000094  G$TMR3L$0$0                        hw1
     00000094  _P1_4                              hw1
     00000094  _TMR3L                             hw1
     00000095  G$P1_5$0$0                         hw1
     00000095  G$TMR3H$0$0                        hw1
     00000095  _P1_5                              hw1
     00000095  _TMR3H                             hw1
     00000096  G$P1_6$0$0                         hw1
     00000096  G$P7$0$0                           hw1
     00000096  _P1_6                              hw1
     00000096  _P7                                hw1
     00000097  G$P1_7$0$0                         hw1
     00000097  _P1_7                              hw1
     00000098  G$RI$0$0                           hw1
     00000098  G$RI0$0$0                          hw1
     00000098  G$SCON$0$0                         hw1
     00000098  G$SCON0$0$0                        hw1
     00000098  _RI                                hw1
     00000098  _RI0                               hw1
ASxxxx Linker V03.00 + NoICE + sdld,  page 5.
Hexadecimal  [32-Bits]

Area                                    Addr        Size        Decimal Bytes (Attributes)
--------------------------------        ----        ----        ------- ----- ------------
.  .ABS.                            00000000    00000000 =           0. bytes (ABS,CON)

      Value  Global                              Global Defined In Module
      -----  --------------------------------   ------------------------
     00000098  _SCON                              hw1
     00000098  _SCON0                             hw1
     00000099  G$SBUF$0$0                         hw1
     00000099  G$SBUF0$0$0                        hw1
     00000099  G$TI$0$0                           hw1
     00000099  G$TI0$0$0                          hw1
     00000099  _SBUF                              hw1
     00000099  _SBUF0                             hw1
     00000099  _TI                                hw1
     00000099  _TI0                               hw1
     0000009A  G$RB8$0$0                          hw1
     0000009A  G$RB80$0$0                         hw1
     0000009A  G$SPI0CFG$0$0                      hw1
     0000009A  _RB8                               hw1
     0000009A  _RB80                              hw1
     0000009A  _SPI0CFG                           hw1
     0000009B  G$SPI0DAT$0$0                      hw1
     0000009B  G$TB8$0$0                          hw1
     0000009B  G$TB80$0$0                         hw1
     0000009B  _SPI0DAT                           hw1
     0000009B  _TB8                               hw1
     0000009B  _TB80                              hw1
     0000009C  G$ADC1$0$0                         hw1
     0000009C  G$REN$0$0                          hw1
     0000009C  G$REN0$0$0                         hw1
     0000009C  _ADC1                              hw1
     0000009C  _REN                               hw1
     0000009C  _REN0                              hw1
     0000009D  G$MCE0$0$0                         hw1
     0000009D  G$SM2$0$0                          hw1
     0000009D  G$SM20$0$0                         hw1
     0000009D  G$SPI0CKR$0$0                      hw1
     0000009D  _MCE0                              hw1
     0000009D  _SM2                               hw1
     0000009D  _SM20                              hw1
     0000009D  _SPI0CKR                           hw1
     0000009E  G$CPT0CN$0$0                       hw1
     0000009E  G$SM1$0$0                          hw1
     0000009E  G$SM10$0$0                         hw1
     0000009E  _CPT0CN                            hw1
     0000009E  _SM1                               hw1
     0000009E  _SM10                              hw1
     0000009F  G$CPT1CN$0$0                       hw1
     0000009F  G$S0MODE$0$0                       hw1
     0000009F  G$SM0$0$0                          hw1
     0000009F  G$SM00$0$0                         hw1
     0000009F  _CPT1CN                            hw1
     0000009F  _S0MODE                            hw1
     0000009F  _SM0                               hw1
     0000009F  _SM00                              hw1
     000000A0  G$P2$0$0                           hw1
ASxxxx Linker V03.00 + NoICE + sdld,  page 6.
Hexadecimal  [32-Bits]

Area                                    Addr        Size        Decimal Bytes (Attributes)
--------------------------------        ----        ----        ------- ----- ------------
.  .ABS.                            00000000    00000000 =           0. bytes (ABS,CON)

      Value  Global                              Global Defined In Module
      -----  --------------------------------   ------------------------
     000000A0  G$P2_0$0$0                         hw1
     000000A0  _P2                                hw1
     000000A0  _P2_0                              hw1
     000000A1  G$EMI0TC$0$0                       hw1
     000000A1  G$P2_1$0$0                         hw1
     000000A1  _EMI0TC                            hw1
     000000A1  _P2_1                              hw1
     000000A2  G$P2_2$0$0                         hw1
     000000A2  _P2_2                              hw1
     000000A3  G$EMI0CF$0$0                       hw1
     000000A3  G$P2_3$0$0                         hw1
     000000A3  _EMI0CF                            hw1
     000000A3  _P2_3                              hw1
     000000A4  G$P0MDOUT$0$0                      hw1
     000000A4  G$P2_4$0$0                         hw1
     000000A4  G$PRT0CF$0$0                       hw1
     000000A4  _P0MDOUT                           hw1
     000000A4  _P2_4                              hw1
     000000A4  _PRT0CF                            hw1
     000000A5  G$P1MDOUT$0$0                      hw1
     000000A5  G$P2_5$0$0                         hw1
     000000A5  G$PRT1CF$0$0                       hw1
     000000A5  _P1MDOUT                           hw1
     000000A5  _P2_5                              hw1
     000000A5  _PRT1CF                            hw1
     000000A6  G$P2MDOUT$0$0                      hw1
     000000A6  G$P2_6$0$0                         hw1
     000000A6  G$PRT2CF$0$0                       hw1
     000000A6  _P2MDOUT                           hw1
     000000A6  _P2_6                              hw1
     000000A6  _PRT2CF                            hw1
     000000A7  G$P2_7$0$0                         hw1
     000000A7  G$P3MDOUT$0$0                      hw1
     000000A7  G$PRT3CF$0$0                       hw1
     000000A7  _P2_7                              hw1
     000000A7  _P3MDOUT                           hw1
     000000A7  _PRT3CF                            hw1
     000000A8  G$EX0$0$0                          hw1
     000000A8  G$IE$0$0                           hw1
     000000A8  _EX0                               hw1
     000000A8  _IE                                hw1
     000000A9  G$ET0$0$0                          hw1
     000000A9  G$SADDR0$0$0                       hw1
     000000A9  _ET0                               hw1
     000000A9  _SADDR0                            hw1
     000000AA  G$ADC1CN$0$0                       hw1
     000000AA  G$EX1$0$0                          hw1
     000000AA  _ADC1CN                            hw1
     000000AA  _EX1                               hw1
     000000AB  G$ADC1CF$0$0                       hw1
     000000AB  G$ET1$0$0                          hw1
ASxxxx Linker V03.00 + NoICE + sdld,  page 7.
Hexadecimal  [32-Bits]

Area                                    Addr        Size        Decimal Bytes (Attributes)
--------------------------------        ----        ----        ------- ----- ------------
.  .ABS.                            00000000    00000000 =           0. bytes (ABS,CON)

      Value  Global                              Global Defined In Module
      -----  --------------------------------   ------------------------
     000000AB  _ADC1CF                            hw1
     000000AB  _ET1                               hw1
     000000AC  G$AMX1SL$0$0                       hw1
     000000AC  G$ES$0$0                           hw1
     000000AC  G$ES0$0$0                          hw1
     000000AC  _AMX1SL                            hw1
     000000AC  _ES                                hw1
     000000AC  _ES0                               hw1
     000000AD  G$ET2$0$0                          hw1
     000000AD  G$P3IF$0$0                         hw1
     000000AD  _ET2                               hw1
     000000AD  _P3IF                              hw1
     000000AE  G$SADEN1$0$0                       hw1
     000000AE  _SADEN1                            hw1
     000000AF  G$EA$0$0                           hw1
     000000AF  G$EMI0CN$0$0                       hw1
     000000AF  G$_XPAGE$0$0                       hw1
     000000AF  _EA                                hw1
     000000AF  _EMI0CN                            hw1
     000000AF  __XPAGE                            hw1
     000000B0  G$P3$0$0                           hw1
     000000B0  G$P3_0$0$0                         hw1
     000000B0  _P3                                hw1
     000000B0  _P3_0                              hw1
     000000B1  G$OSCXCN$0$0                       hw1
     000000B1  G$P3_1$0$0                         hw1
     000000B1  _OSCXCN                            hw1
     000000B1  _P3_1                              hw1
     000000B2  G$OSCICN$0$0                       hw1
     000000B2  G$P3_2$0$0                         hw1
     000000B2  _OSCICN                            hw1
     000000B2  _P3_2                              hw1
     000000B3  G$P3_3$0$0                         hw1
     000000B3  _P3_3                              hw1
     000000B4  G$P3_4$0$0                         hw1
     000000B4  _P3_4                              hw1
     000000B5  G$P3_5$0$0                         hw1
     000000B5  G$P74OUT$0$0                       hw1
     000000B5  _P3_5                              hw1
     000000B5  _P74OUT                            hw1
     000000B6  G$FLSCL$0$0                        hw1
     000000B6  G$P3_6$0$0                         hw1
     000000B6  _FLSCL                             hw1
     000000B6  _P3_6                              hw1
     000000B7  G$FLACL$0$0                        hw1
     000000B7  G$P3_7$0$0                         hw1
     000000B7  _FLACL                             hw1
     000000B7  _P3_7                              hw1
     000000B8  G$IP$0$0                           hw1
     000000B8  G$PX0$0$0                          hw1
     000000B8  _IP                                hw1
ASxxxx Linker V03.00 + NoICE + sdld,  page 8.
Hexadecimal  [32-Bits]

Area                                    Addr        Size        Decimal Bytes (Attributes)
--------------------------------        ----        ----        ------- ----- ------------
.  .ABS.                            00000000    00000000 =           0. bytes (ABS,CON)

      Value  Global                              Global Defined In Module
      -----  --------------------------------   ------------------------
     000000B8  _PX0                               hw1
     000000B9  G$PT0$0$0                          hw1
     000000B9  G$SADEN0$0$0                       hw1
     000000B9  _PT0                               hw1
     000000B9  _SADEN0                            hw1
     000000BA  G$AMX0CF$0$0                       hw1
     000000BA  G$PX1$0$0                          hw1
     000000BA  _AMX0CF                            hw1
     000000BA  _PX1                               hw1
     000000BB  G$AMX0SL$0$0                       hw1
     000000BB  G$PT1$0$0                          hw1
     000000BB  _AMX0SL                            hw1
     000000BB  _PT1                               hw1
     000000BC  G$ADC0CF$0$0                       hw1
     000000BC  G$PS$0$0                           hw1
     000000BC  G$PS0$0$0                          hw1
     000000BC  _ADC0CF                            hw1
     000000BC  _PS                                hw1
     000000BC  _PS0                               hw1
     000000BD  G$P1MDIN$0$0                       hw1
     000000BD  G$PT2$0$0                          hw1
     000000BD  _P1MDIN                            hw1
     000000BD  _PT2                               hw1
     000000BE  G$ADC0L$0$0                        hw1
     000000BE  _ADC0L                             hw1
     000000BF  G$ADC0H$0$0                        hw1
     000000BF  _ADC0H                             hw1
     000000C0  G$SMB0CN$0$0                       hw1
     000000C0  G$SMBTOE$0$0                       hw1
     000000C0  _SMB0CN                            hw1
     000000C0  _SMBTOE                            hw1
     000000C1  G$SMB0STA$0$0                      hw1
     000000C1  G$SMBFTE$0$0                       hw1
     000000C1  _SMB0STA                           hw1
     000000C1  _SMBFTE                            hw1
     000000C2  G$AA$0$0                           hw1
     000000C2  G$SMB0DAT$0$0                      hw1
     000000C2  _AA                                hw1
     000000C2  _SMB0DAT                           hw1
     000000C3  G$SI$0$0                           hw1
     000000C3  G$SMB0ADR$0$0                      hw1
     000000C3  _SI                                hw1
     000000C3  _SMB0ADR                           hw1
     000000C4  G$ADC0GTL$0$0                      hw1
     000000C4  G$STO$0$0                          hw1
     000000C4  _ADC0GTL                           hw1
     000000C4  _STO                               hw1
     000000C5  G$ADC0GTH$0$0                      hw1
     000000C5  G$STA$0$0                          hw1
     000000C5  _ADC0GTH                           hw1
     000000C5  _STA                               hw1
ASxxxx Linker V03.00 + NoICE + sdld,  page 9.
Hexadecimal  [32-Bits]

Area                                    Addr        Size        Decimal Bytes (Attributes)
--------------------------------        ----        ----        ------- ----- ------------
.  .ABS.                            00000000    00000000 =           0. bytes (ABS,CON)

      Value  Global                              Global Defined In Module
      -----  --------------------------------   ------------------------
     000000C6  G$ADC0LTL$0$0                      hw1
     000000C6  G$ENSMB$0$0                        hw1
     000000C6  _ADC0LTL                           hw1
     000000C6  _ENSMB                             hw1
     000000C7  G$ADC0LTH$0$0                      hw1
     000000C7  G$BUSY$0$0                         hw1
     000000C7  _ADC0LTH                           hw1
     000000C7  _BUSY                              hw1
     000000C8  G$CPRL2$0$0                        hw1
     000000C8  G$T2CON$0$0                        hw1
     000000C8  _CPRL2                             hw1
     000000C8  _T2CON                             hw1
     000000C9  G$CT2$0$0                          hw1
     000000C9  G$T4CON$0$0                        hw1
     000000C9  _CT2                               hw1
     000000C9  _T4CON                             hw1
     000000CA  G$RCAP2L$0$0                       hw1
     000000CA  G$TR2$0$0                          hw1
     000000CA  _RCAP2L                            hw1
     000000CA  _TR2                               hw1
     000000CB  G$EXEN2$0$0                        hw1
     000000CB  G$RCAP2H$0$0                       hw1
     000000CB  _EXEN2                             hw1
     000000CB  _RCAP2H                            hw1
     000000CC  G$TCLK$0$0                         hw1
     000000CC  G$TL2$0$0                          hw1
     000000CC  _TCLK                              hw1
     000000CC  _TL2                               hw1
     000000CD  G$RCLK$0$0                         hw1
     000000CD  G$TH2$0$0                          hw1
     000000CD  _RCLK                              hw1
     000000CD  _TH2                               hw1
     000000CE  G$EXF2$0$0                         hw1
     000000CE  _EXF2                              hw1
     000000CF  G$SMB0CR$0$0                       hw1
     000000CF  G$TF2$0$0                          hw1
     000000CF  _SMB0CR                            hw1
     000000CF  _TF2                               hw1
     000000D0  G$P$0$0                            hw1
     000000D0  G$PSW$0$0                          hw1
     000000D0  _P                                 hw1
     000000D0  _PSW                               hw1
     000000D1  G$F1$0$0                           hw1
     000000D1  G$REF0CN$0$0                       hw1
     000000D1  _F1                                hw1
     000000D1  _REF0CN                            hw1
     000000D2  G$DAC0L$0$0                        hw1
     000000D2  G$OV$0$0                           hw1
     000000D2  _DAC0L                             hw1
     000000D2  _OV                                hw1
     000000D3  G$DAC0H$0$0                        hw1
ASxxxx Linker V03.00 + NoICE + sdld,  page 10.
Hexadecimal  [32-Bits]

Area                                    Addr        Size        Decimal Bytes (Attributes)
--------------------------------        ----        ----        ------- ----- ------------
.  .ABS.                            00000000    00000000 =           0. bytes (ABS,CON)

      Value  Global                              Global Defined In Module
      -----  --------------------------------   ------------------------
     000000D3  G$RS0$0$0                          hw1
     000000D3  _DAC0H                             hw1
     000000D3  _RS0                               hw1
     000000D4  G$DAC0CN$0$0                       hw1
     000000D4  G$RS1$0$0                          hw1
     000000D4  _DAC0CN                            hw1
     000000D4  _RS1                               hw1
     000000D5  G$DAC1L$0$0                        hw1
     000000D5  G$F0$0$0                           hw1
     000000D5  _DAC1L                             hw1
     000000D5  _F0                                hw1
     000000D6  G$AC$0$0                           hw1
     000000D6  G$DAC1H$0$0                        hw1
     000000D6  _AC                                hw1
     000000D6  _DAC1H                             hw1
     000000D7  G$CY$0$0                           hw1
     000000D7  G$DAC1CN$0$0                       hw1
     000000D7  _CY                                hw1
     000000D7  _DAC1CN                            hw1
     000000D8  G$CCF0$0$0                         hw1
     000000D8  G$PCA0CN$0$0                       hw1
     000000D8  _CCF0                              hw1
     000000D8  _PCA0CN                            hw1
     000000D9  G$CCF1$0$0                         hw1
     000000D9  G$PCA0MD$0$0                       hw1
     000000D9  _CCF1                              hw1
     000000D9  _PCA0MD                            hw1
     000000DA  G$CCF2$0$0                         hw1
     000000DA  G$PCA0CPM0$0$0                     hw1
     000000DA  _CCF2                              hw1
     000000DA  _PCA0CPM0                          hw1
     000000DB  G$CCF3$0$0                         hw1
     000000DB  G$PCA0CPM1$0$0                     hw1
     000000DB  _CCF3                              hw1
     000000DB  _PCA0CPM1                          hw1
     000000DC  G$CCF4$0$0                         hw1
     000000DC  G$PCA0CPM2$0$0                     hw1
     000000DC  _CCF4                              hw1
     000000DC  _PCA0CPM2                          hw1
     000000DD  G$PCA0CPM3$0$0                     hw1
     000000DD  _PCA0CPM3                          hw1
     000000DE  G$CR$0$0                           hw1
     000000DE  G$PCA0CPM4$0$0                     hw1
     000000DE  _CR                                hw1
     000000DE  _PCA0CPM4                          hw1
     000000DF  G$CF$0$0                           hw1
     000000DF  _CF                                hw1
     000000E0  G$ACC$0$0                          hw1
     000000E0  _ACC                               hw1
     000000E1  G$XBR0$0$0                         hw1
     000000E1  _XBR0                              hw1
ASxxxx Linker V03.00 + NoICE + sdld,  page 11.
Hexadecimal  [32-Bits]

Area                                    Addr        Size        Decimal Bytes (Attributes)
--------------------------------        ----        ----        ------- ----- ------------
.  .ABS.                            00000000    00000000 =           0. bytes (ABS,CON)

      Value  Global                              Global Defined In Module
      -----  --------------------------------   ------------------------
     000000E2  G$XBR1$0$0                         hw1
     000000E2  _XBR1                              hw1
     000000E3  G$XBR2$0$0                         hw1
     000000E3  _XBR2                              hw1
     000000E4  G$RCAP4L$0$0                       hw1
     000000E4  _RCAP4L                            hw1
     000000E5  G$RCAP4H$0$0                       hw1
     000000E5  _RCAP4H                            hw1
     000000E6  G$EIE1$0$0                         hw1
     000000E6  _EIE1                              hw1
     000000E7  G$EIE2$0$0                         hw1
     000000E7  _EIE2                              hw1
     000000E8  G$AD0LJST$0$0                      hw1
     000000E8  G$ADC0CN$0$0                       hw1
     000000E8  G$ADLJST$0$0                       hw1
     000000E8  _AD0LJST                           hw1
     000000E8  _ADC0CN                            hw1
     000000E8  _ADLJST                            hw1
     000000E9  G$AD0WINT$0$0                      hw1
     000000E9  G$ADWINT$0$0                       hw1
     000000E9  G$PCA0L$0$0                        hw1
     000000E9  _AD0WINT                           hw1
     000000E9  _ADWINT                            hw1
     000000E9  _PCA0L                             hw1
     000000EA  G$AD0CM0$0$0                       hw1
     000000EA  G$ADSTM0$0$0                       hw1
     000000EA  G$PCA0CPL0$0$0                     hw1
     000000EA  _AD0CM0                            hw1
     000000EA  _ADSTM0                            hw1
     000000EA  _PCA0CPL0                          hw1
     000000EB  G$AD0CM1$0$0                       hw1
     000000EB  G$ADSTM1$0$0                       hw1
     000000EB  G$PCA0CPL1$0$0                     hw1
     000000EB  _AD0CM1                            hw1
     000000EB  _ADSTM1                            hw1
     000000EB  _PCA0CPL1                          hw1
     000000EC  G$AD0BUSY$0$0                      hw1
     000000EC  G$ADBUSY$0$0                       hw1
     000000EC  G$PCA0CPL2$0$0                     hw1
     000000EC  _AD0BUSY                           hw1
     000000EC  _ADBUSY                            hw1
     000000EC  _PCA0CPL2                          hw1
     000000ED  G$AD0INT$0$0                       hw1
     000000ED  G$ADCINT$0$0                       hw1
     000000ED  G$PCA0CPL3$0$0                     hw1
     000000ED  _AD0INT                            hw1
     000000ED  _ADCINT                            hw1
     000000ED  _PCA0CPL3                          hw1
     000000EE  G$AD0TM$0$0                        hw1
     000000EE  G$ADCTM$0$0                        hw1
     000000EE  G$PCA0CPL4$0$0                     hw1
ASxxxx Linker V03.00 + NoICE + sdld,  page 12.
Hexadecimal  [32-Bits]

Area                                    Addr        Size        Decimal Bytes (Attributes)
--------------------------------        ----        ----        ------- ----- ------------
.  .ABS.                            00000000    00000000 =           0. bytes (ABS,CON)

      Value  Global                              Global Defined In Module
      -----  --------------------------------   ------------------------
     000000EE  _AD0TM                             hw1
     000000EE  _ADCTM                             hw1
     000000EE  _PCA0CPL4                          hw1
     000000EF  G$AD0EN$0$0                        hw1
     000000EF  G$ADCEN$0$0                        hw1
     000000EF  G$RSTSRC$0$0                       hw1
     000000EF  _AD0EN                             hw1
     000000EF  _ADCEN                             hw1
     000000EF  _RSTSRC                            hw1
     000000F0  G$B$0$0                            hw1
     000000F0  _B                                 hw1
     000000F1  G$SCON1$0$0                        hw1
     000000F1  _SCON1                             hw1
     000000F2  G$SBUF1$0$0                        hw1
     000000F2  _SBUF1                             hw1
     000000F3  G$SADDR1$0$0                       hw1
     000000F3  _SADDR1                            hw1
     000000F4  G$TL4$0$0                          hw1
     000000F4  _TL4                               hw1
     000000F5  G$TH4$0$0                          hw1
     000000F5  _B_5                               _gptrget
     000000F5  _TH4                               hw1
     000000F6  G$EIP1$0$0                         hw1
     000000F6  _B_6                               _gptrget
     000000F6  _EIP1                              hw1
     000000F7  G$EIP2$0$0                         hw1
     000000F7  _B_7                               _gptrget
     000000F7  _EIP2                              hw1
     000000F8  G$SPI0CN$0$0                       hw1
     000000F8  G$SPIEN$0$0                        hw1
     000000F8  _SPI0CN                            hw1
     000000F8  _SPIEN                             hw1
     000000F9  G$MSTEN$0$0                        hw1
     000000F9  G$PCA0H$0$0                        hw1
     000000F9  _MSTEN                             hw1
     000000F9  _PCA0H                             hw1
     000000FA  G$PCA0CPH0$0$0                     hw1
     000000FA  G$SLVSEL$0$0                       hw1
     000000FA  _PCA0CPH0                          hw1
     000000FA  _SLVSEL                            hw1
     000000FB  G$PCA0CPH1$0$0                     hw1
     000000FB  G$TXBSY$0$0                        hw1
     000000FB  _PCA0CPH1                          hw1
     000000FB  _TXBSY                             hw1
     000000FC  G$PCA0CPH2$0$0                     hw1
     000000FC  G$RXOVRN$0$0                       hw1
     000000FC  _PCA0CPH2                          hw1
     000000FC  _RXOVRN                            hw1
     000000FD  G$MODF$0$0                         hw1
     000000FD  G$PCA0CPH3$0$0                     hw1
     000000FD  _MODF                              hw1
ASxxxx Linker V03.00 + NoICE + sdld,  page 13.
Hexadecimal  [32-Bits]

Area                                    Addr        Size        Decimal Bytes (Attributes)
--------------------------------        ----        ----        ------- ----- ------------
.  .ABS.                            00000000    00000000 =           0. bytes (ABS,CON)

      Value  Global                              Global Defined In Module
      -----  --------------------------------   ------------------------
     000000FD  _PCA0CPH3                          hw1
     000000FE  G$PCA0CPH4$0$0                     hw1
     000000FE  G$WCOL$0$0                         hw1
     000000FE  _PCA0CPH4                          hw1
     000000FE  _WCOL                              hw1
     000000FF  G$SPIF$0$0                         hw1
     000000FF  G$WDTCN$0$0                        hw1
     000000FF  _SPIF                              hw1
     000000FF  _WDTCN                             hw1
     00008C8A  G$TMR0$0$0                         hw1
     00008C8A  _TMR0                              hw1
     00008D8B  G$TMR1$0$0                         hw1
     00008D8B  _TMR1                              hw1
     00009392  G$TMR3RL$0$0                       hw1
     00009392  _TMR3RL                            hw1
     00009594  G$TMR3$0$0                         hw1
     00009594  _TMR3                              hw1
     0000BFBE  G$ADC0$0$0                         hw1
     0000BFBE  _ADC0                              hw1
     0000C5C4  G$ADC0GT$0$0                       hw1
     0000C5C4  _ADC0GT                            hw1
     0000C7C6  G$ADC0LT$0$0                       hw1
     0000C7C6  _ADC0LT                            hw1
     0000CBCA  G$RCAP2$0$0                        hw1
     0000CBCA  _RCAP2                             hw1
     0000CDCC  G$TMR2$0$0                         hw1
     0000CDCC  _TMR2                              hw1
     0000D3D2  G$DAC0$0$0                         hw1
     0000D3D2  _DAC0                              hw1
     0000D6D5  G$DAC1$0$0                         hw1
     0000D6D5  _DAC1                              hw1
     0000E5E4  G$RCAP4$0$0                        hw1
     0000E5E4  _RCAP4                             hw1
     0000F5F4  G$TMR4$0$0                         hw1
     0000F5F4  _TMR4                              hw1
     0000F9E9  G$PCA0$0$0                         hw1
     0000F9E9  _PCA0                              hw1
     0000FAEA  G$PCA0CP0$0$0                      hw1
     0000FAEA  _PCA0CP0                           hw1
     0000FBEB  G$PCA0CP1$0$0                      hw1
     0000FBEB  _PCA0CP1                           hw1
     0000FCEC  G$PCA0CP2$0$0                      hw1
     0000FCEC  _PCA0CP2                           hw1
     0000FDED  G$PCA0CP3$0$0                      hw1
     0000FDED  _PCA0CP3                           hw1
     0000FEEE  G$PCA0CP4$0$0                      hw1
     0000FEEE  _PCA0CP4                           hw1

ASxxxx Linker V03.00 + NoICE + sdld,  page 14.
Hexadecimal  [32-Bits]

Area                                    Addr        Size        Decimal Bytes (Attributes)
--------------------------------        ----        ----        ------- ----- ------------
BSEG_BYTES                          00000020    00000002 =           2. bytes (REL,CON)

      Value  Global                              Global Defined In Module
      -----  --------------------------------   ------------------------
ASxxxx Linker V03.00 + NoICE + sdld,  page 15.
Hexadecimal  [32-Bits]

Area                                    Addr        Size        Decimal Bytes (Attributes)
--------------------------------        ----        ----        ------- ----- ------------
REG_BANK_0                          00000000    00000008 =           8. bytes (REL,OVR)

      Value  Global                              Global Defined In Module
      -----  --------------------------------   ------------------------
ASxxxx Linker V03.00 + NoICE + sdld,  page 16.
Hexadecimal  [32-Bits]

Area                                    Addr        Size        Decimal Bytes (Attributes)
--------------------------------        ----        ----        ------- ----- ------------
DSEG                                00000000    0000007D =         125. bytes (REL,CON)

      Value  Global                              Global Defined In Module
      -----  --------------------------------   ------------------------
     00000008  G$imax$0$0                         hw1
     00000008  _imax                              hw1
     0000000A  G$i$0$0                            hw1
     0000000A  _i                                 hw1
     0000000C  G$count$0$0                        hw1
     0000000C  _count                             hw1
     0000000E  G$input$0$0                        hw1
     0000000E  _input                             hw1
     0000000F  _vprintf_PARM_2                    vprintf
     00000010  _bp                                _bp
     0000002E  __print_format_PARM_2              printf_large
     00000031  __print_format_PARM_3              printf_large
     00000034  __print_format_PARM_4              printf_large

ASxxxx Linker V03.00 + NoICE + sdld,  page 17.
Hexadecimal  [32-Bits]

Area                                    Addr        Size        Decimal Bytes (Attributes)
--------------------------------        ----        ----        ------- ----- ------------
OSEG                                00000011    00000006 =           6. bytes (REL,OVR)

      Value  Global                              Global Defined In Module
      -----  --------------------------------   ------------------------
ASxxxx Linker V03.00 + NoICE + sdld,  page 18.
Hexadecimal  [32-Bits]

Area                                    Addr        Size        Decimal Bytes (Attributes)
--------------------------------        ----        ----        ------- ----- ------------
ISEG                                00000017    00000006 =           6. bytes (REL,CON)

      Value  Global                              Global Defined In Module
      -----  --------------------------------   ------------------------
ASxxxx Linker V03.00 + NoICE + sdld,  page 19.
Hexadecimal  [32-Bits]

Area                                    Addr        Size        Decimal Bytes (Attributes)
--------------------------------        ----        ----        ------- ----- ------------
SSEG                                0000003C    000000C4 =         196. bytes (REL,OVR)

      Value  Global                              Global Defined In Module
      -----  --------------------------------   ------------------------
     0000003C  __start__stack                     hw1

ASxxxx Linker V03.00 + NoICE + sdld,  page 20.
Hexadecimal  [32-Bits]

Area                                    Addr        Size        Decimal Bytes (Attributes)
--------------------------------        ----        ----        ------- ----- ------------
HOME                                00000000    00000006 =           6. bytes (REL,CON,CODE)

      Value  Global                              Global Defined In Module
      -----  --------------------------------   ------------------------
C:   00000000  A$hw1$942                          hw1
C:   00000003  A$hw1$964                          hw1
C:   00000003  __sdcc_program_startup             hw1
ASxxxx Linker V03.00 + NoICE + sdld,  page 21.
Hexadecimal  [32-Bits]

Area                                    Addr        Size        Decimal Bytes (Attributes)
--------------------------------        ----        ----        ------- ----- ------------
GSINIT0                             00000006    00000003 =           3. bytes (REL,CON,CODE)

      Value  Global                              Global Defined In Module
      -----  --------------------------------   ------------------------
C:   00000006  __sdcc_gsinit_startup              

ASxxxx Linker V03.00 + NoICE + sdld,  page 22.
Hexadecimal  [32-Bits]

Area                                    Addr        Size        Decimal Bytes (Attributes)
--------------------------------        ----        ----        ------- ----- ------------
GSINIT2                             00000009    0000000A =          10. bytes (REL,CON,CODE)

      Value  Global                              Global Defined In Module
      -----  --------------------------------   ------------------------
ASxxxx Linker V03.00 + NoICE + sdld,  page 23.
Hexadecimal  [32-Bits]

Area                                    Addr        Size        Decimal Bytes (Attributes)
--------------------------------        ----        ----        ------- ----- ------------
GSINIT3                             00000013    00000022 =          34. bytes (REL,CON,CODE)

      Value  Global                              Global Defined In Module
      -----  --------------------------------   ------------------------
C:   00000013  __mcs51_genXINIT                   

ASxxxx Linker V03.00 + NoICE + sdld,  page 24.
Hexadecimal  [32-Bits]

Area                                    Addr        Size        Decimal Bytes (Attributes)
--------------------------------        ----        ----        ------- ----- ------------
GSINIT4                             00000035    0000002A =          42. bytes (REL,CON,CODE)

      Value  Global                              Global Defined In Module
      -----  --------------------------------   ------------------------
C:   00000035  __mcs51_genRAMCLEAR                
C:   0000003B  __mcs51_genXRAMCLEAR               

ASxxxx Linker V03.00 + NoICE + sdld,  page 25.
Hexadecimal  [32-Bits]

Area                                    Addr        Size        Decimal Bytes (Attributes)
--------------------------------        ----        ----        ------- ----- ------------
GSFINAL                             0000005F    00000003 =           3. bytes (REL,CON,CODE)

      Value  Global                              Global Defined In Module
      -----  --------------------------------   ------------------------
C:   0000005F  A$hw1$957                          hw1

ASxxxx Linker V03.00 + NoICE + sdld,  page 26.
Hexadecimal  [32-Bits]

Area                                    Addr        Size        Decimal Bytes (Attributes)
--------------------------------        ----        ----        ------- ----- ------------
CSEG                                00000062    0000079F =        1951. bytes (REL,CON,CODE)

      Value  Global                              Global Defined In Module
      -----  --------------------------------   ------------------------
C:   00000062  A$hw1$992                          hw1
C:   00000062  C$c8051_SDCC.h$62$0$0              hw1
C:   00000062  C$c8051_SDCC.h$66$1$2              hw1
C:   00000062  G$SYSCLK_Init$0$0                  hw1
C:   00000062  _SYSCLK_Init                       hw1
C:   00000065  A$hw1$995                          hw1
C:   00000065  C$c8051_SDCC.h$69$1$2              hw1
C:   00000067  A$hw1$996                          hw1
C:   00000069  A$hw1$998                          hw1
C:   0000006A  A$hw1$999                          hw1
C:   0000006C  A$hw1$1000                         hw1
C:   0000006D  A$hw1$1001                         hw1
C:   0000006E  A$hw1$1002                         hw1
C:   00000070  A$hw1$1003                         hw1
C:   00000071  A$hw1$1004                         hw1
C:   00000073  A$hw1$1005                         hw1
C:   00000075  A$hw1$1006                         hw1
C:   00000076  A$hw1$1007                         hw1
C:   00000077  A$hw1$1008                         hw1
C:   00000079  A$hw1$1012                         hw1
C:   00000079  C$c8051_SDCC.h$71$1$2              hw1
C:   0000007B  A$hw1$1013                         hw1
C:   0000007E  A$hw1$1016                         hw1
C:   0000007E  C$c8051_SDCC.h$73$1$2              hw1
C:   00000081  A$hw1$1019                         hw1
C:   00000081  C$c8051_SDCC.h$76$1$2              hw1
C:   00000081  XG$SYSCLK_Init$0$0                 hw1
C:   00000082  A$hw1$1032                         hw1
C:   00000082  C$c8051_SDCC.h$84$1$2              hw1
C:   00000082  C$c8051_SDCC.h$86$1$4              hw1
C:   00000082  G$UART0_Init$0$0                   hw1
C:   00000082  _UART0_Init                        hw1
C:   00000085  A$hw1$1035                         hw1
C:   00000085  C$c8051_SDCC.h$87$1$4              hw1
C:   00000088  A$hw1$1038                         hw1
C:   00000088  C$c8051_SDCC.h$88$1$4              hw1
C:   0000008B  A$hw1$1041                         hw1
C:   0000008B  C$c8051_SDCC.h$89$1$4              hw1
C:   0000008D  A$hw1$1044                         hw1
C:   0000008D  C$c8051_SDCC.h$90$1$4              hw1
C:   00000090  A$hw1$1047                         hw1
C:   00000090  C$c8051_SDCC.h$91$1$4              hw1
C:   00000093  A$hw1$1050                         hw1
C:   00000093  C$c8051_SDCC.h$93$1$4              hw1
C:   00000095  A$hw1$1053                         hw1
C:   00000095  C$c8051_SDCC.h$94$1$4              hw1
C:   00000098  A$hw1$1056                         hw1
C:   00000098  C$c8051_SDCC.h$95$1$4              hw1
C:   00000098  XG$UART0_Init$0$0                  hw1
C:   00000099  A$hw1$1069                         hw1
ASxxxx Linker V03.00 + NoICE + sdld,  page 27.
Hexadecimal  [32-Bits]

Area                                    Addr        Size        Decimal Bytes (Attributes)
--------------------------------        ----        ----        ------- ----- ------------
CSEG                                00000062    0000079F =        1951. bytes (REL,CON,CODE)

      Value  Global                              Global Defined In Module
      -----  --------------------------------   ------------------------
C:   00000099  C$c8051_SDCC.h$103$1$4             hw1
C:   00000099  C$c8051_SDCC.h$105$1$6             hw1
C:   00000099  G$Sys_Init$0$0                     hw1
C:   00000099  _Sys_Init                          hw1
C:   0000009C  A$hw1$1072                         hw1
C:   0000009C  C$c8051_SDCC.h$106$1$6             hw1
C:   0000009F  A$hw1$1075                         hw1
C:   0000009F  C$c8051_SDCC.h$108$1$6             hw1
C:   000000A2  A$hw1$1078                         hw1
C:   000000A2  C$c8051_SDCC.h$109$1$6             hw1
C:   000000A5  A$hw1$1081                         hw1
C:   000000A5  C$c8051_SDCC.h$111$1$6             hw1
C:   000000A8  A$hw1$1084                         hw1
C:   000000A8  C$c8051_SDCC.h$112$1$6             hw1
C:   000000AB  A$hw1$1087                         hw1
C:   000000AB  C$c8051_SDCC.h$113$1$6             hw1
C:   000000AB  XG$Sys_Init$0$0                    hw1
C:   000000AC  A$hw1$1100                         hw1
C:   000000AC  C$c8051_SDCC.h$129$1$6             hw1
C:   000000AC  G$putchar$0$0                      hw1
C:   000000AC  _putchar                           hw1
C:   000000AE  A$hw1$1106                         hw1
C:   000000AE  C$c8051_SDCC.h$132$1$8             hw1
C:   000000AE  C$c8051_SDCC.h$133$1$8             hw1
C:   000000B1  A$hw1$1107                         hw1
C:   000000B3  A$hw1$1111                         hw1
C:   000000B3  C$c8051_SDCC.h$134$1$8             hw1
C:   000000B5  A$hw1$1114                         hw1
C:   000000B5  C$c8051_SDCC.h$135$1$8             hw1
C:   000000B5  XG$putchar$0$0                     hw1
C:   000000B6  A$hw1$1132                         hw1
C:   000000B6  C$c8051_SDCC.h$154$1$8             hw1
C:   000000B6  C$c8051_SDCC.h$157$1$10            hw1
C:   000000B6  C$c8051_SDCC.h$158$1$10            hw1
C:   000000B6  G$getchar$0$0                      hw1
C:   000000B6  _getchar                           hw1
C:   000000B9  A$hw1$1133                         hw1
C:   000000BB  A$hw1$1137                         hw1
C:   000000BB  C$c8051_SDCC.h$159$1$10            hw1
C:   000000BD  A$hw1$1140                         hw1
C:   000000BD  C$c8051_SDCC.h$160$1$10            hw1
C:   000000BF  A$hw1$1141                         hw1
C:   000000C1  A$hw1$1142                         hw1
C:   000000C4  A$hw1$1143                         hw1
C:   000000C6  A$hw1$1146                         hw1
C:   000000C6  C$c8051_SDCC.h$161$1$10            hw1
C:   000000C8  A$hw1$1149                         hw1
C:   000000C8  C$c8051_SDCC.h$162$1$10            hw1
C:   000000C8  XG$getchar$0$0                     hw1
C:   000000C9  A$hw1$1164                         hw1
C:   000000C9  C$c8051_SDCC.h$168$1$10            hw1
ASxxxx Linker V03.00 + NoICE + sdld,  page 28.
Hexadecimal  [32-Bits]

Area                                    Addr        Size        Decimal Bytes (Attributes)
--------------------------------        ----        ----        ------- ----- ------------
CSEG                                00000062    0000079F =        1951. bytes (REL,CON,CODE)

      Value  Global                              Global Defined In Module
      -----  --------------------------------   ------------------------
C:   000000C9  C$c8051_SDCC.h$171$1$12            hw1
C:   000000C9  G$getchar_nw$0$0                   hw1
C:   000000C9  _getchar_nw                        hw1
C:   000000CC  A$hw1$1165                         hw1
C:   000000CF  A$hw1$1166                         hw1
C:   000000D1  A$hw1$1170                         hw1
C:   000000D1  C$c8051_SDCC.h$174$2$13            hw1
C:   000000D3  A$hw1$1173                         hw1
C:   000000D3  C$c8051_SDCC.h$175$2$13            hw1
C:   000000D6  A$hw1$1176                         hw1
C:   000000D6  C$c8051_SDCC.h$176$2$13            hw1
C:   000000D9  A$hw1$1179                         hw1
C:   000000D9  C$c8051_SDCC.h$177$2$13            hw1
C:   000000DC  A$hw1$1183                         hw1
C:   000000DC  C$c8051_SDCC.h$179$1$12            hw1
C:   000000DC  XG$getchar_nw$0$0                  hw1
C:   000000DD  A$hw1$1196                         hw1
C:   000000DD  C$hw1.c$21$1$12                    hw1
C:   000000DD  C$hw1.c$26$1$32                    hw1
C:   000000DD  G$main$0$0                         hw1
C:   000000DD  _main                              hw1
C:   000000E0  A$hw1$1199                         hw1
C:   000000E0  C$hw1.c$27$1$32                    hw1
C:   000000E3  A$hw1$1200                         hw1
C:   000000E6  A$hw1$1206                         hw1
C:   000000E6  C$hw1.c$29$1$32                    hw1
C:   000000E6  C$hw1.c$31$2$33                    hw1
C:   000000E9  A$hw1$1209                         hw1
C:   000000E9  C$hw1.c$32$2$33                    hw1
C:   000000EA  A$hw1$1210                         hw1
C:   000000EB  A$hw1$1211                         hw1
C:   000000ED  A$hw1$1212                         hw1
C:   000000EF  A$hw1$1213                         hw1
C:   000000F2  A$hw1$1214                         hw1
C:   000000F5  A$hw1$1215                         hw1
C:   000000F7  A$hw1$1216                         hw1
C:   000000F9  A$hw1$1219                         hw1
C:   000000F9  C$hw1.c$34$3$34                    hw1
C:   000000FC  A$hw1$1220                         hw1
C:   000000FE  A$hw1$1223                         hw1
C:   000000FE  C$hw1.c$37$1$32                    hw1
C:   000000FE  XG$main$0$0                        hw1
C:   000000FF  A$hw1$1236                         hw1
C:   000000FF  C$hw1.c$41$1$32                    hw1
C:   000000FF  C$hw1.c$43$1$36                    hw1
C:   000000FF  G$get_keyboard$0$0                 hw1
C:   000000FF  _get_keyboard                      hw1
C:   00000101  A$hw1$1237                         hw1
C:   00000103  A$hw1$1238                         hw1
C:   00000105  A$hw1$1239                         hw1
C:   00000107  A$hw1$1240                         hw1
ASxxxx Linker V03.00 + NoICE + sdld,  page 29.
Hexadecimal  [32-Bits]

Area                                    Addr        Size        Decimal Bytes (Attributes)
--------------------------------        ----        ----        ------- ----- ------------
CSEG                                00000062    0000079F =        1951. bytes (REL,CON,CODE)

      Value  Global                              Global Defined In Module
      -----  --------------------------------   ------------------------
C:   00000109  A$hw1$1241                         hw1
C:   0000010B  A$hw1$1242                         hw1
C:   0000010E  A$hw1$1243                         hw1
C:   00000110  A$hw1$1244                         hw1
C:   00000112  A$hw1$1245                         hw1
C:   00000114  A$hw1$1248                         hw1
C:   00000114  C$hw1.c$44$1$36                    hw1
C:   00000117  A$hw1$1249                         hw1
C:   0000011A  A$hw1$1252                         hw1
C:   0000011A  C$hw1.c$45$1$36                    hw1
C:   0000011C  A$hw1$1253                         hw1
C:   0000011F  A$hw1$1256                         hw1
C:   0000011F  C$hw1.c$47$2$37                    hw1
C:   00000122  A$hw1$1257                         hw1
C:   00000124  A$hw1$1261                         hw1
C:   00000124  C$hw1.c$49$1$36                    hw1
C:   00000126  A$hw1$1262                         hw1
C:   00000129  A$hw1$1265                         hw1
C:   00000129  C$hw1.c$51$2$38                    hw1
C:   0000012C  A$hw1$1266                         hw1
C:   0000012E  A$hw1$1270                         hw1
C:   0000012E  C$hw1.c$53$1$36                    hw1
C:   0000012F  A$hw1$1271                         hw1
C:   00000131  A$hw1$1272                         hw1
C:   00000133  A$hw1$1276                         hw1
C:   00000133  C$hw1.c$54$1$36                    hw1
C:   00000133  XG$get_keyboard$0$0                hw1
C:   00000134  A$hw1$1289                         hw1
C:   00000134  C$hw1.c$58$1$36                    hw1
C:   00000134  C$hw1.c$60$1$40                    hw1
C:   00000134  G$set_count18$0$0                  hw1
C:   00000134  _set_count18                       hw1
C:   00000137  A$hw1$1290                         hw1
C:   0000013A  A$hw1$1293                         hw1
C:   0000013A  C$hw1.c$61$1$40                    hw1
C:   0000013D  A$hw1$1294                         hw1
C:   00000140  A$hw1$1297                         hw1
C:   00000140  C$hw1.c$62$1$40                    hw1
C:   00000140  XG$set_count18$0$0                 hw1
C:   00000141  A$hw1$1310                         hw1
C:   00000141  C$hw1.c$65$1$40                    hw1
C:   00000141  C$hw1.c$67$1$42                    hw1
C:   00000141  G$set_count270$0$0                 hw1
C:   00000141  _set_count270                      hw1
C:   00000144  A$hw1$1311                         hw1
C:   00000147  A$hw1$1314                         hw1
C:   00000147  C$hw1.c$68$1$42                    hw1
C:   0000014A  A$hw1$1315                         hw1
C:   0000014D  A$hw1$1318                         hw1
C:   0000014D  C$hw1.c$69$1$42                    hw1
C:   0000014D  XG$set_count270$0$0                hw1
ASxxxx Linker V03.00 + NoICE + sdld,  page 30.
Hexadecimal  [32-Bits]

Area                                    Addr        Size        Decimal Bytes (Attributes)
--------------------------------        ----        ----        ------- ----- ------------
CSEG                                00000062    0000079F =        1951. bytes (REL,CON,CODE)

      Value  Global                              Global Defined In Module
      -----  --------------------------------   ------------------------
C:   0000014E  A$hw1$1331                         hw1
C:   0000014E  C$hw1.c$72$1$42                    hw1
C:   0000014E  C$hw1.c$74$1$44                    hw1
C:   0000014E  G$output_count$0$0                 hw1
C:   0000014E  _output_count                      hw1
C:   00000150  A$hw1$1332                         hw1
C:   00000152  A$hw1$1333                         hw1
C:   00000154  A$hw1$1334                         hw1
C:   00000156  A$hw1$1335                         hw1
C:   00000158  A$hw1$1336                         hw1
C:   0000015A  A$hw1$1337                         hw1
C:   0000015C  A$hw1$1338                         hw1
C:   0000015E  A$hw1$1339                         hw1
C:   00000161  A$hw1$1340                         hw1
C:   00000163  A$hw1$1341                         hw1
C:   00000165  A$hw1$1342                         hw1
C:   00000167  A$hw1$1345                         hw1
C:   00000167  C$hw1.c$75$1$44                    hw1
C:   00000169  A$hw1$1346                         hw1
C:   0000016B  A$hw1$1347                         hw1
C:   0000016D  A$hw1$1348                         hw1
C:   0000016F  A$hw1$1349                         hw1
C:   00000171  A$hw1$1350                         hw1
C:   00000173  A$hw1$1351                         hw1
C:   00000176  A$hw1$1352                         hw1
C:   00000178  A$hw1$1353                         hw1
C:   0000017A  A$hw1$1354                         hw1
C:   0000017C  A$hw1$1357                         hw1
C:   0000017D  A$hw1$1358                         hw1
C:   0000017F  A$hw1$1359                         hw1
C:   00000181  A$hw1$1361                         hw1
C:   00000182  A$hw1$1362                         hw1
C:   00000184  A$hw1$1363                         hw1
C:   00000186  A$hw1$1364                         hw1
C:   00000188  A$hw1$1365                         hw1
C:   0000018A  A$hw1$1366                         hw1
C:   0000018D  A$hw1$1367                         hw1
C:   00000190  A$hw1$1368                         hw1
C:   00000192  A$hw1$1369                         hw1
C:   00000194  A$hw1$1372                         hw1
C:   00000194  C$hw1.c$78$2$45                    hw1
C:   00000197  A$hw1$1373                         hw1
C:   0000019A  A$hw1$1376                         hw1
C:   0000019A  C$hw1.c$79$2$45                    hw1
C:   0000019C  A$hw1$1377                         hw1
C:   0000019E  A$hw1$1378                         hw1
C:   000001A0  A$hw1$1379                         hw1
C:   000001A2  A$hw1$1380                         hw1
C:   000001A4  A$hw1$1381                         hw1
C:   000001A6  A$hw1$1382                         hw1
C:   000001A8  A$hw1$1383                         hw1
ASxxxx Linker V03.00 + NoICE + sdld,  page 31.
Hexadecimal  [32-Bits]

Area                                    Addr        Size        Decimal Bytes (Attributes)
--------------------------------        ----        ----        ------- ----- ------------
CSEG                                00000062    0000079F =        1951. bytes (REL,CON,CODE)

      Value  Global                              Global Defined In Module
      -----  --------------------------------   ------------------------
C:   000001AA  A$hw1$1384                         hw1
C:   000001AC  A$hw1$1385                         hw1
C:   000001AE  A$hw1$1386                         hw1
C:   000001B1  A$hw1$1387                         hw1
C:   000001B3  A$hw1$1388                         hw1
C:   000001B5  A$hw1$1389                         hw1
C:   000001B7  A$hw1$1392                         hw1
C:   000001B7  C$hw1.c$76$1$44                    hw1
C:   000001B9  A$hw1$1393                         hw1
C:   000001BA  A$hw1$1394                         hw1
C:   000001BD  A$hw1$1395                         hw1
C:   000001BF  A$hw1$1396                         hw1
C:   000001C1  A$hw1$1400                         hw1
C:   000001C1  C$hw1.c$81$1$44                    hw1
C:   000001C1  XG$output_count$0$0                hw1
C:   000001CD  _vprintf                           vprintf
C:   000001E6  _printf                            vprintf
C:   000002BD  __print_format                     printf_large
C:   000007C9  _strlen                            _strlen
C:   000007E1  __gptrget                          _gptrget
C:   000007FD  __sdcc_external_startup            _startup

ASxxxx Linker V03.00 + NoICE + sdld,  page 32.
Hexadecimal  [32-Bits]

Area                                    Addr        Size        Decimal Bytes (Attributes)
--------------------------------        ----        ----        ------- ----- ------------
CONST                               00000801    0000007C =         124. bytes (REL,CON,CODE)

      Value  Global                              Global Defined In Module
      -----  --------------------------------   ------------------------
C:   00000801  Fhw1$__str_0$0$0                   hw1
C:   00000833  Fhw1$__str_1$0$0                   hw1
C:   00000852  Fhw1$__str_2$0$0                   hw1
C:   00000863  Fhw1$__str_3$0$0                   hw1

ASxxxx Linker V03.00 + NoICE + sdld,  page 33.

Files Linked                              [ module(s) ]

C:\Users\Tim\Documents\LITEC\hw1\hw1.rel  [  ]


Libraries Linked                          [ object file ]

C:\Program Files\SDCC\bin\..\lib\small/mcs51.lib
                                          [ crtclear.rel ]
C:\Program Files\SDCC\bin\..\lib\small/mcs51.lib
                                          [ crtxinit.rel ]
C:\Program Files\SDCC\bin\..\lib\small/mcs51.lib
                                          [ crtxclear.rel ]
C:\Program Files\SDCC\bin\..\lib\small/libsdcc.lib
                                          [ vprintf.rel ]
C:\Program Files\SDCC\bin\..\lib\small/libsdcc.lib
                                          [ printf_large.rel ]
C:\Program Files\SDCC\bin\..\lib\small/libsdcc.lib
                                          [ _strlen.rel ]
C:\Program Files\SDCC\bin\..\lib\small/mcs51.lib
                                          [ crtstart.rel ]
C:\Program Files\SDCC\bin\..\lib\small/libsdcc.lib
                                          [ _gptrget.rel ]
C:\Program Files\SDCC\bin\..\lib\small/libsdcc.lib
                                          [ _startup.rel ]
C:\Program Files\SDCC\bin\..\lib\small/libsdcc.lib
                                          [ _bp.rel ]

ASxxxx Linker V03.00 + NoICE + sdld,  page 34.

User Base Address Definitions

HOME = 0x0000
XSEG = 0x0001
PSEG = 0x0001
ISEG = 0x0000
BSEG = 0x0000

