ASxxxx Linker V03.00 + NoICE + sdld,  page 1.
Hexadecimal  [32-Bits]

Area                                    Addr        Size        Decimal Bytes (Attributes)
--------------------------------        ----        ----        ------- ----- ------------
CABS                                00000000    00000000 =           0. bytes (ABS,CON,CODE)

      Value  Global                              Global Defined In Module
      -----  --------------------------------   ------------------------
C:   00000000  l_BIT_BANK                      
C:   00000000  l_CABS                          
C:   00000000  l_GSINIT1                       
C:   00000000  l_GSINIT5                       
C:   00000000  l_IABS                          
C:   00000000  l_PSEG                          
C:   00000000  l_REG_BANK_1                    
C:   00000000  l_REG_BANK_2                    
C:   00000000  l_REG_BANK_3                    
C:   00000000  l_RSEG                          
C:   00000000  l_RSEG0                         
C:   00000000  l_RSEG1                         
C:   00000000  l_XABS                          
C:   00000000  l__CODE                         
C:   00000000  s_BSEG                          
C:   00000000  s_CABS                          
C:   00000000  s_DSEG                          
C:   00000000  s_HOME                          
C:   00000000  s_IABS                          
C:   00000000  s_REG_BANK_0                    
C:   00000000  s_RSEG                          
C:   00000000  s_RSEG0                         
C:   00000000  s_RSEG1                         
C:   00000000  s_XABS                          
C:   00000001  s_PSEG                          
C:   00000001  s_XSEG                          
C:   00000002  l_BSEG_BYTES                    
C:   00000003  l_GSFINAL                       
C:   00000003  l_GSINIT0                       
C:   00000006  l_ISEG                          
C:   00000006  l_OSEG                          
C:   00000008  l_REG_BANK_0                    
C:   00000008  s_REG_BANK_1                    
C:   0000000A  l_BSEG                          
C:   0000000A  l_GSINIT2                       
C:   0000000C  l_XINIT                         
C:   0000000C  l_XISEG                         
C:   00000010  s_REG_BANK_2                    
C:   00000011  s_OSEG                          
C:   00000017  s_ISEG                          
C:   00000018  s_BIT_BANK                      
C:   00000018  s_REG_BANK_3                    
C:   00000020  s_BSEG_BYTES                    
C:   00000020  s__CODE                         
C:   00000022  l_GSINIT3                       
C:   00000027  l_GSINIT                        
C:   0000002A  l_GSINIT4                       
C:   00000050  l_XSEG                          
C:   00000051  l_HOME                          
C:   00000051  s_GSINIT0                       
ASxxxx Linker V03.00 + NoICE + sdld,  page 2.
Hexadecimal  [32-Bits]

Area                                    Addr        Size        Decimal Bytes (Attributes)
--------------------------------        ----        ----        ------- ----- ------------
CABS                                00000000    00000000 =           0. bytes (ABS,CON,CODE)

      Value  Global                              Global Defined In Module
      -----  --------------------------------   ------------------------
C:   00000051  s_XISEG                         
C:   00000054  s_GSINIT1                       
C:   00000054  s_GSINIT2                       
C:   0000005E  s_GSINIT3                       
C:   0000006F  s_SSEG                          
C:   0000007D  l_DSEG                          
C:   00000080  s_GSINIT4                       
C:   00000091  l_SSEG                          
C:   000000AA  s_GSINIT                        
C:   000000AA  s_GSINIT5                       
C:   000000D1  s_GSFINAL                       
C:   000000D4  s_CSEG                          
C:   00000100  l_IRAM                          
C:   000001D4  l_CONST                         
C:   00001ADD  l_CSEG                          
C:   00001BB1  s_CONST                         
C:   00001D85  s_XINIT                         

ASxxxx Linker V03.00 + NoICE + sdld,  page 3.
Hexadecimal  [32-Bits]

Area                                    Addr        Size        Decimal Bytes (Attributes)
--------------------------------        ----        ----        ------- ----- ------------
.  .ABS.                            00000000    00000000 =           0. bytes (ABS,CON)

      Value  Global                              Global Defined In Module
      -----  --------------------------------   ------------------------
     00000000  .__.ABS.                           _fsget1arg
     00000080  G$P0$0$0                           lab4kfix
     00000080  G$P0_0$0$0                         lab4kfix
     00000080  _P0                                lab4kfix
     00000080  _P0_0                              lab4kfix
     00000081  G$P0_1$0$0                         lab4kfix
     00000081  G$SP$0$0                           lab4kfix
     00000081  _P0_1                              lab4kfix
     00000081  _SP                                lab4kfix
     00000082  G$DPL$0$0                          lab4kfix
     00000082  G$P0_2$0$0                         lab4kfix
     00000082  _DPL                               lab4kfix
     00000082  _P0_2                              lab4kfix
     00000083  G$BUS_SCL$0$0                      lab4kfix
     00000083  G$DPH$0$0                          lab4kfix
     00000083  G$P0_3$0$0                         lab4kfix
     00000083  _BUS_SCL                           lab4kfix
     00000083  _DPH                               lab4kfix
     00000083  _P0_3                              lab4kfix
     00000084  G$P0_4$0$0                         lab4kfix
     00000084  G$P4$0$0                           lab4kfix
     00000084  _P0_4                              lab4kfix
     00000084  _P4                                lab4kfix
     00000085  G$P0_5$0$0                         lab4kfix
     00000085  G$P5$0$0                           lab4kfix
     00000085  _P0_5                              lab4kfix
     00000085  _P5                                lab4kfix
     00000086  G$P0_6$0$0                         lab4kfix
     00000086  G$P6$0$0                           lab4kfix
     00000086  _P0_6                              lab4kfix
     00000086  _P6                                lab4kfix
     00000087  G$P0_7$0$0                         lab4kfix
     00000087  G$PCON$0$0                         lab4kfix
     00000087  _P0_7                              lab4kfix
     00000087  _PCON                              lab4kfix
     00000088  G$IT0$0$0                          lab4kfix
     00000088  G$TCON$0$0                         lab4kfix
     00000088  _IT0                               lab4kfix
     00000088  _TCON                              lab4kfix
     00000089  G$IE0$0$0                          lab4kfix
     00000089  G$TMOD$0$0                         lab4kfix
     00000089  _IE0                               lab4kfix
     00000089  _TMOD                              lab4kfix
     0000008A  G$IT1$0$0                          lab4kfix
     0000008A  G$TL0$0$0                          lab4kfix
     0000008A  _IT1                               lab4kfix
     0000008A  _TL0                               lab4kfix
     0000008B  G$IE1$0$0                          lab4kfix
     0000008B  G$TL1$0$0                          lab4kfix
     0000008B  _IE1                               lab4kfix
ASxxxx Linker V03.00 + NoICE + sdld,  page 4.
Hexadecimal  [32-Bits]

Area                                    Addr        Size        Decimal Bytes (Attributes)
--------------------------------        ----        ----        ------- ----- ------------
.  .ABS.                            00000000    00000000 =           0. bytes (ABS,CON)

      Value  Global                              Global Defined In Module
      -----  --------------------------------   ------------------------
     0000008B  _TL1                               lab4kfix
     0000008C  G$TH0$0$0                          lab4kfix
     0000008C  G$TR0$0$0                          lab4kfix
     0000008C  _TH0                               lab4kfix
     0000008C  _TR0                               lab4kfix
     0000008D  G$TF0$0$0                          lab4kfix
     0000008D  G$TH1$0$0                          lab4kfix
     0000008D  _TF0                               lab4kfix
     0000008D  _TH1                               lab4kfix
     0000008E  G$CKCON$0$0                        lab4kfix
     0000008E  G$TR1$0$0                          lab4kfix
     0000008E  _CKCON                             lab4kfix
     0000008E  _TR1                               lab4kfix
     0000008F  G$PSCTL$0$0                        lab4kfix
     0000008F  G$TF1$0$0                          lab4kfix
     0000008F  _PSCTL                             lab4kfix
     0000008F  _TF1                               lab4kfix
     00000090  G$P1$0$0                           lab4kfix
     00000090  G$P1_0$0$0                         lab4kfix
     00000090  _P1                                lab4kfix
     00000090  _P1_0                              lab4kfix
     00000091  G$P1_1$0$0                         lab4kfix
     00000091  G$TMR3CN$0$0                       lab4kfix
     00000091  _P1_1                              lab4kfix
     00000091  _TMR3CN                            lab4kfix
     00000092  G$P1_2$0$0                         lab4kfix
     00000092  G$TMR3RLL$0$0                      lab4kfix
     00000092  _P1_2                              lab4kfix
     00000092  _TMR3RLL                           lab4kfix
     00000093  G$P1_3$0$0                         lab4kfix
     00000093  G$TMR3RLH$0$0                      lab4kfix
     00000093  _P1_3                              lab4kfix
     00000093  _TMR3RLH                           lab4kfix
     00000094  G$LED$0$0                          lab4kfix
     00000094  G$P1_4$0$0                         lab4kfix
     00000094  G$TMR3L$0$0                        lab4kfix
     00000094  _LED                               lab4kfix
     00000094  _P1_4                              lab4kfix
     00000094  _TMR3L                             lab4kfix
     00000095  G$P1_5$0$0                         lab4kfix
     00000095  G$TMR3H$0$0                        lab4kfix
     00000095  _P1_5                              lab4kfix
     00000095  _TMR3H                             lab4kfix
     00000096  G$P1_6$0$0                         lab4kfix
     00000096  G$P7$0$0                           lab4kfix
     00000096  _P1_6                              lab4kfix
     00000096  _P7                                lab4kfix
     00000097  G$P1_7$0$0                         lab4kfix
     00000097  _P1_7                              lab4kfix
     00000098  G$RI$0$0                           lab4kfix
     00000098  G$RI0$0$0                          lab4kfix
ASxxxx Linker V03.00 + NoICE + sdld,  page 5.
Hexadecimal  [32-Bits]

Area                                    Addr        Size        Decimal Bytes (Attributes)
--------------------------------        ----        ----        ------- ----- ------------
.  .ABS.                            00000000    00000000 =           0. bytes (ABS,CON)

      Value  Global                              Global Defined In Module
      -----  --------------------------------   ------------------------
     00000098  G$SCON$0$0                         lab4kfix
     00000098  G$SCON0$0$0                        lab4kfix
     00000098  _RI                                lab4kfix
     00000098  _RI0                               lab4kfix
     00000098  _SCON                              lab4kfix
     00000098  _SCON0                             lab4kfix
     00000099  G$SBUF$0$0                         lab4kfix
     00000099  G$SBUF0$0$0                        lab4kfix
     00000099  G$TI$0$0                           lab4kfix
     00000099  G$TI0$0$0                          lab4kfix
     00000099  _SBUF                              lab4kfix
     00000099  _SBUF0                             lab4kfix
     00000099  _TI                                lab4kfix
     00000099  _TI0                               lab4kfix
     0000009A  G$RB8$0$0                          lab4kfix
     0000009A  G$RB80$0$0                         lab4kfix
     0000009A  G$SPI0CFG$0$0                      lab4kfix
     0000009A  _RB8                               lab4kfix
     0000009A  _RB80                              lab4kfix
     0000009A  _SPI0CFG                           lab4kfix
     0000009B  G$SPI0DAT$0$0                      lab4kfix
     0000009B  G$TB8$0$0                          lab4kfix
     0000009B  G$TB80$0$0                         lab4kfix
     0000009B  _SPI0DAT                           lab4kfix
     0000009B  _TB8                               lab4kfix
     0000009B  _TB80                              lab4kfix
     0000009C  G$ADC1$0$0                         lab4kfix
     0000009C  G$REN$0$0                          lab4kfix
     0000009C  G$REN0$0$0                         lab4kfix
     0000009C  _ADC1                              lab4kfix
     0000009C  _REN                               lab4kfix
     0000009C  _REN0                              lab4kfix
     0000009D  G$MCE0$0$0                         lab4kfix
     0000009D  G$SM2$0$0                          lab4kfix
     0000009D  G$SM20$0$0                         lab4kfix
     0000009D  G$SPI0CKR$0$0                      lab4kfix
     0000009D  _MCE0                              lab4kfix
     0000009D  _SM2                               lab4kfix
     0000009D  _SM20                              lab4kfix
     0000009D  _SPI0CKR                           lab4kfix
     0000009E  G$CPT0CN$0$0                       lab4kfix
     0000009E  G$SM1$0$0                          lab4kfix
     0000009E  G$SM10$0$0                         lab4kfix
     0000009E  _CPT0CN                            lab4kfix
     0000009E  _SM1                               lab4kfix
     0000009E  _SM10                              lab4kfix
     0000009F  G$CPT1CN$0$0                       lab4kfix
     0000009F  G$S0MODE$0$0                       lab4kfix
     0000009F  G$SM0$0$0                          lab4kfix
     0000009F  G$SM00$0$0                         lab4kfix
     0000009F  _CPT1CN                            lab4kfix
ASxxxx Linker V03.00 + NoICE + sdld,  page 6.
Hexadecimal  [32-Bits]

Area                                    Addr        Size        Decimal Bytes (Attributes)
--------------------------------        ----        ----        ------- ----- ------------
.  .ABS.                            00000000    00000000 =           0. bytes (ABS,CON)

      Value  Global                              Global Defined In Module
      -----  --------------------------------   ------------------------
     0000009F  _S0MODE                            lab4kfix
     0000009F  _SM0                               lab4kfix
     0000009F  _SM00                              lab4kfix
     000000A0  G$P2$0$0                           lab4kfix
     000000A0  G$P2_0$0$0                         lab4kfix
     000000A0  _P2                                lab4kfix
     000000A0  _P2_0                              lab4kfix
     000000A1  G$EMI0TC$0$0                       lab4kfix
     000000A1  G$P2_1$0$0                         lab4kfix
     000000A1  _EMI0TC                            lab4kfix
     000000A1  _P2_1                              lab4kfix
     000000A2  G$P2_2$0$0                         lab4kfix
     000000A2  _P2_2                              lab4kfix
     000000A3  G$EMI0CF$0$0                       lab4kfix
     000000A3  G$P2_3$0$0                         lab4kfix
     000000A3  _EMI0CF                            lab4kfix
     000000A3  _P2_3                              lab4kfix
     000000A4  G$P0MDOUT$0$0                      lab4kfix
     000000A4  G$P2_4$0$0                         lab4kfix
     000000A4  G$PRT0CF$0$0                       lab4kfix
     000000A4  _P0MDOUT                           lab4kfix
     000000A4  _P2_4                              lab4kfix
     000000A4  _PRT0CF                            lab4kfix
     000000A5  G$P1MDOUT$0$0                      lab4kfix
     000000A5  G$P2_5$0$0                         lab4kfix
     000000A5  G$PRT1CF$0$0                       lab4kfix
     000000A5  _P1MDOUT                           lab4kfix
     000000A5  _P2_5                              lab4kfix
     000000A5  _PRT1CF                            lab4kfix
     000000A6  G$P2MDOUT$0$0                      lab4kfix
     000000A6  G$P2_6$0$0                         lab4kfix
     000000A6  G$PRT2CF$0$0                       lab4kfix
     000000A6  _P2MDOUT                           lab4kfix
     000000A6  _P2_6                              lab4kfix
     000000A6  _PRT2CF                            lab4kfix
     000000A7  G$P2_7$0$0                         lab4kfix
     000000A7  G$P3MDOUT$0$0                      lab4kfix
     000000A7  G$PRT3CF$0$0                       lab4kfix
     000000A7  _P2_7                              lab4kfix
     000000A7  _P3MDOUT                           lab4kfix
     000000A7  _PRT3CF                            lab4kfix
     000000A8  G$EX0$0$0                          lab4kfix
     000000A8  G$IE$0$0                           lab4kfix
     000000A8  _EX0                               lab4kfix
     000000A8  _IE                                lab4kfix
     000000A9  G$ET0$0$0                          lab4kfix
     000000A9  G$SADDR0$0$0                       lab4kfix
     000000A9  _ET0                               lab4kfix
     000000A9  _SADDR0                            lab4kfix
     000000AA  G$ADC1CN$0$0                       lab4kfix
     000000AA  G$EX1$0$0                          lab4kfix
ASxxxx Linker V03.00 + NoICE + sdld,  page 7.
Hexadecimal  [32-Bits]

Area                                    Addr        Size        Decimal Bytes (Attributes)
--------------------------------        ----        ----        ------- ----- ------------
.  .ABS.                            00000000    00000000 =           0. bytes (ABS,CON)

      Value  Global                              Global Defined In Module
      -----  --------------------------------   ------------------------
     000000AA  _ADC1CN                            lab4kfix
     000000AA  _EX1                               lab4kfix
     000000AB  G$ADC1CF$0$0                       lab4kfix
     000000AB  G$ET1$0$0                          lab4kfix
     000000AB  _ADC1CF                            lab4kfix
     000000AB  _ET1                               lab4kfix
     000000AC  G$AMX1SL$0$0                       lab4kfix
     000000AC  G$ES$0$0                           lab4kfix
     000000AC  G$ES0$0$0                          lab4kfix
     000000AC  _AMX1SL                            lab4kfix
     000000AC  _ES                                lab4kfix
     000000AC  _ES0                               lab4kfix
     000000AD  G$ET2$0$0                          lab4kfix
     000000AD  G$P3IF$0$0                         lab4kfix
     000000AD  _ET2                               lab4kfix
     000000AD  _P3IF                              lab4kfix
     000000AE  G$SADEN1$0$0                       lab4kfix
     000000AE  _SADEN1                            lab4kfix
     000000AF  G$EA$0$0                           lab4kfix
     000000AF  G$EMI0CN$0$0                       lab4kfix
     000000AF  G$_XPAGE$0$0                       lab4kfix
     000000AF  _EA                                lab4kfix
     000000AF  _EMI0CN                            lab4kfix
     000000AF  __XPAGE                            lab4kfix
     000000B0  G$P3$0$0                           lab4kfix
     000000B0  G$P3_0$0$0                         lab4kfix
     000000B0  _P3                                lab4kfix
     000000B0  _P3_0                              lab4kfix
     000000B1  G$OSCXCN$0$0                       lab4kfix
     000000B1  G$P3_1$0$0                         lab4kfix
     000000B1  _OSCXCN                            lab4kfix
     000000B1  _P3_1                              lab4kfix
     000000B2  G$OSCICN$0$0                       lab4kfix
     000000B2  G$P3_2$0$0                         lab4kfix
     000000B2  _OSCICN                            lab4kfix
     000000B2  _P3_2                              lab4kfix
     000000B3  G$P3_3$0$0                         lab4kfix
     000000B3  _P3_3                              lab4kfix
     000000B4  G$P3_4$0$0                         lab4kfix
     000000B4  _P3_4                              lab4kfix
     000000B5  G$P3_5$0$0                         lab4kfix
     000000B5  G$P74OUT$0$0                       lab4kfix
     000000B5  _P3_5                              lab4kfix
     000000B5  _P74OUT                            lab4kfix
     000000B6  G$FLSCL$0$0                        lab4kfix
     000000B6  G$P3_6$0$0                         lab4kfix
     000000B6  _FLSCL                             lab4kfix
     000000B6  _P3_6                              lab4kfix
     000000B7  G$FLACL$0$0                        lab4kfix
     000000B7  G$P3_7$0$0                         lab4kfix
     000000B7  G$mSS$0$0                          lab4kfix
ASxxxx Linker V03.00 + NoICE + sdld,  page 8.
Hexadecimal  [32-Bits]

Area                                    Addr        Size        Decimal Bytes (Attributes)
--------------------------------        ----        ----        ------- ----- ------------
.  .ABS.                            00000000    00000000 =           0. bytes (ABS,CON)

      Value  Global                              Global Defined In Module
      -----  --------------------------------   ------------------------
     000000B7  _FLACL                             lab4kfix
     000000B7  _P3_7                              lab4kfix
     000000B7  _mSS                               lab4kfix
     000000B8  G$IP$0$0                           lab4kfix
     000000B8  G$PX0$0$0                          lab4kfix
     000000B8  _IP                                lab4kfix
     000000B8  _PX0                               lab4kfix
     000000B9  G$PT0$0$0                          lab4kfix
     000000B9  G$SADEN0$0$0                       lab4kfix
     000000B9  _PT0                               lab4kfix
     000000B9  _SADEN0                            lab4kfix
     000000BA  G$AMX0CF$0$0                       lab4kfix
     000000BA  G$PX1$0$0                          lab4kfix
     000000BA  _AMX0CF                            lab4kfix
     000000BA  _PX1                               lab4kfix
     000000BB  G$AMX0SL$0$0                       lab4kfix
     000000BB  G$PT1$0$0                          lab4kfix
     000000BB  _AMX0SL                            lab4kfix
     000000BB  _PT1                               lab4kfix
     000000BC  G$ADC0CF$0$0                       lab4kfix
     000000BC  G$PS$0$0                           lab4kfix
     000000BC  G$PS0$0$0                          lab4kfix
     000000BC  _ADC0CF                            lab4kfix
     000000BC  _PS                                lab4kfix
     000000BC  _PS0                               lab4kfix
     000000BD  G$P1MDIN$0$0                       lab4kfix
     000000BD  G$PT2$0$0                          lab4kfix
     000000BD  _P1MDIN                            lab4kfix
     000000BD  _PT2                               lab4kfix
     000000BE  G$ADC0L$0$0                        lab4kfix
     000000BE  _ADC0L                             lab4kfix
     000000BF  G$ADC0H$0$0                        lab4kfix
     000000BF  _ADC0H                             lab4kfix
     000000C0  G$BUS_TOE$0$0                      lab4kfix
     000000C0  G$SMB0CN$0$0                       lab4kfix
     000000C0  G$SMBTOE$0$0                       lab4kfix
     000000C0  _BUS_TOE                           lab4kfix
     000000C0  _SMB0CN                            lab4kfix
     000000C0  _SMBTOE                            lab4kfix
     000000C1  G$BUS_FTE$0$0                      lab4kfix
     000000C1  G$SMB0STA$0$0                      lab4kfix
     000000C1  G$SMBFTE$0$0                       lab4kfix
     000000C1  _BUS_FTE                           lab4kfix
     000000C1  _SMB0STA                           lab4kfix
     000000C1  _SMBFTE                            lab4kfix
     000000C2  G$AA$0$0                           lab4kfix
     000000C2  G$BUS_AA$0$0                       lab4kfix
     000000C2  G$SMB0DAT$0$0                      lab4kfix
     000000C2  _AA                                lab4kfix
     000000C2  _BUS_AA                            lab4kfix
     000000C2  _SMB0DAT                           lab4kfix
ASxxxx Linker V03.00 + NoICE + sdld,  page 9.
Hexadecimal  [32-Bits]

Area                                    Addr        Size        Decimal Bytes (Attributes)
--------------------------------        ----        ----        ------- ----- ------------
.  .ABS.                            00000000    00000000 =           0. bytes (ABS,CON)

      Value  Global                              Global Defined In Module
      -----  --------------------------------   ------------------------
     000000C3  G$BUS_INT$0$0                      lab4kfix
     000000C3  G$SI$0$0                           lab4kfix
     000000C3  G$SMB0ADR$0$0                      lab4kfix
     000000C3  _BUS_INT                           lab4kfix
     000000C3  _SI                                lab4kfix
     000000C3  _SMB0ADR                           lab4kfix
     000000C4  G$ADC0GTL$0$0                      lab4kfix
     000000C4  G$BUS_STOP$0$0                     lab4kfix
     000000C4  G$STO$0$0                          lab4kfix
     000000C4  _ADC0GTL                           lab4kfix
     000000C4  _BUS_STOP                          lab4kfix
     000000C4  _STO                               lab4kfix
     000000C5  G$ADC0GTH$0$0                      lab4kfix
     000000C5  G$BUS_START$0$0                    lab4kfix
     000000C5  G$STA$0$0                          lab4kfix
     000000C5  _ADC0GTH                           lab4kfix
     000000C5  _BUS_START                         lab4kfix
     000000C5  _STA                               lab4kfix
     000000C6  G$ADC0LTL$0$0                      lab4kfix
     000000C6  G$BUS_EN$0$0                       lab4kfix
     000000C6  G$ENSMB$0$0                        lab4kfix
     000000C6  _ADC0LTL                           lab4kfix
     000000C6  _BUS_EN                            lab4kfix
     000000C6  _ENSMB                             lab4kfix
     000000C7  G$ADC0LTH$0$0                      lab4kfix
     000000C7  G$BUSY$0$0                         lab4kfix
     000000C7  G$BUS_BUSY$0$0                     lab4kfix
     000000C7  _ADC0LTH                           lab4kfix
     000000C7  _BUSY                              lab4kfix
     000000C7  _BUS_BUSY                          lab4kfix
     000000C8  G$CPRL2$0$0                        lab4kfix
     000000C8  G$T2CON$0$0                        lab4kfix
     000000C8  _CPRL2                             lab4kfix
     000000C8  _T2CON                             lab4kfix
     000000C9  G$CT2$0$0                          lab4kfix
     000000C9  G$T4CON$0$0                        lab4kfix
     000000C9  _CT2                               lab4kfix
     000000C9  _T4CON                             lab4kfix
     000000CA  G$RCAP2L$0$0                       lab4kfix
     000000CA  G$TR2$0$0                          lab4kfix
     000000CA  _RCAP2L                            lab4kfix
     000000CA  _TR2                               lab4kfix
     000000CB  G$EXEN2$0$0                        lab4kfix
     000000CB  G$RCAP2H$0$0                       lab4kfix
     000000CB  _EXEN2                             lab4kfix
     000000CB  _RCAP2H                            lab4kfix
     000000CC  G$TCLK$0$0                         lab4kfix
     000000CC  G$TL2$0$0                          lab4kfix
     000000CC  _TCLK                              lab4kfix
     000000CC  _TL2                               lab4kfix
     000000CD  G$RCLK$0$0                         lab4kfix
ASxxxx Linker V03.00 + NoICE + sdld,  page 10.
Hexadecimal  [32-Bits]

Area                                    Addr        Size        Decimal Bytes (Attributes)
--------------------------------        ----        ----        ------- ----- ------------
.  .ABS.                            00000000    00000000 =           0. bytes (ABS,CON)

      Value  Global                              Global Defined In Module
      -----  --------------------------------   ------------------------
     000000CD  G$TH2$0$0                          lab4kfix
     000000CD  _RCLK                              lab4kfix
     000000CD  _TH2                               lab4kfix
     000000CE  G$EXF2$0$0                         lab4kfix
     000000CE  _EXF2                              lab4kfix
     000000CF  G$SMB0CR$0$0                       lab4kfix
     000000CF  G$TF2$0$0                          lab4kfix
     000000CF  _SMB0CR                            lab4kfix
     000000CF  _TF2                               lab4kfix
     000000D0  G$P$0$0                            lab4kfix
     000000D0  G$PSW$0$0                          lab4kfix
     000000D0  _P                                 lab4kfix
     000000D0  _PSW                               lab4kfix
     000000D1  G$F1$0$0                           lab4kfix
     000000D1  G$REF0CN$0$0                       lab4kfix
     000000D1  _F1                                lab4kfix
     000000D1  _REF0CN                            lab4kfix
     000000D2  G$DAC0L$0$0                        lab4kfix
     000000D2  G$OV$0$0                           lab4kfix
     000000D2  _DAC0L                             lab4kfix
     000000D2  _OV                                lab4kfix
     000000D3  G$DAC0H$0$0                        lab4kfix
     000000D3  G$RS0$0$0                          lab4kfix
     000000D3  _DAC0H                             lab4kfix
     000000D3  _RS0                               lab4kfix
     000000D4  G$DAC0CN$0$0                       lab4kfix
     000000D4  G$RS1$0$0                          lab4kfix
     000000D4  _DAC0CN                            lab4kfix
     000000D4  _RS1                               lab4kfix
     000000D5  G$DAC1L$0$0                        lab4kfix
     000000D5  G$F0$0$0                           lab4kfix
     000000D5  _DAC1L                             lab4kfix
     000000D5  _F0                                lab4kfix
     000000D6  G$AC$0$0                           lab4kfix
     000000D6  G$DAC1H$0$0                        lab4kfix
     000000D6  _AC                                lab4kfix
     000000D6  _DAC1H                             lab4kfix
     000000D7  G$CY$0$0                           lab4kfix
     000000D7  G$DAC1CN$0$0                       lab4kfix
     000000D7  _CY                                lab4kfix
     000000D7  _DAC1CN                            lab4kfix
     000000D8  G$CCF0$0$0                         lab4kfix
     000000D8  G$PCA0CN$0$0                       lab4kfix
     000000D8  _CCF0                              lab4kfix
     000000D8  _PCA0CN                            lab4kfix
     000000D9  G$CCF1$0$0                         lab4kfix
     000000D9  G$PCA0MD$0$0                       lab4kfix
     000000D9  _CCF1                              lab4kfix
     000000D9  _PCA0MD                            lab4kfix
     000000DA  G$CCF2$0$0                         lab4kfix
     000000DA  G$PCA0CPM0$0$0                     lab4kfix
ASxxxx Linker V03.00 + NoICE + sdld,  page 11.
Hexadecimal  [32-Bits]

Area                                    Addr        Size        Decimal Bytes (Attributes)
--------------------------------        ----        ----        ------- ----- ------------
.  .ABS.                            00000000    00000000 =           0. bytes (ABS,CON)

      Value  Global                              Global Defined In Module
      -----  --------------------------------   ------------------------
     000000DA  _CCF2                              lab4kfix
     000000DA  _PCA0CPM0                          lab4kfix
     000000DB  G$CCF3$0$0                         lab4kfix
     000000DB  G$PCA0CPM1$0$0                     lab4kfix
     000000DB  _CCF3                              lab4kfix
     000000DB  _PCA0CPM1                          lab4kfix
     000000DC  G$CCF4$0$0                         lab4kfix
     000000DC  G$PCA0CPM2$0$0                     lab4kfix
     000000DC  _CCF4                              lab4kfix
     000000DC  _PCA0CPM2                          lab4kfix
     000000DD  G$PCA0CPM3$0$0                     lab4kfix
     000000DD  _PCA0CPM3                          lab4kfix
     000000DE  G$CR$0$0                           lab4kfix
     000000DE  G$PCA0CPM4$0$0                     lab4kfix
     000000DE  _CR                                lab4kfix
     000000DE  _PCA0CPM4                          lab4kfix
     000000DF  G$CF$0$0                           lab4kfix
     000000DF  _CF                                lab4kfix
     000000E0  G$ACC$0$0                          lab4kfix
     000000E0  _ACC                               lab4kfix
     000000E1  G$XBR0$0$0                         lab4kfix
     000000E1  _XBR0                              lab4kfix
     000000E2  G$XBR1$0$0                         lab4kfix
     000000E2  _XBR1                              lab4kfix
     000000E3  G$XBR2$0$0                         lab4kfix
     000000E3  _XBR2                              lab4kfix
     000000E4  G$RCAP4L$0$0                       lab4kfix
     000000E4  _RCAP4L                            lab4kfix
     000000E5  G$RCAP4H$0$0                       lab4kfix
     000000E5  _RCAP4H                            lab4kfix
     000000E6  G$EIE1$0$0                         lab4kfix
     000000E6  _EIE1                              lab4kfix
     000000E7  G$EIE2$0$0                         lab4kfix
     000000E7  _EIE2                              lab4kfix
     000000E8  G$AD0LJST$0$0                      lab4kfix
     000000E8  G$ADC0CN$0$0                       lab4kfix
     000000E8  G$ADLJST$0$0                       lab4kfix
     000000E8  _AD0LJST                           lab4kfix
     000000E8  _ADC0CN                            lab4kfix
     000000E8  _ADLJST                            lab4kfix
     000000E9  G$AD0WINT$0$0                      lab4kfix
     000000E9  G$ADWINT$0$0                       lab4kfix
     000000E9  G$PCA0L$0$0                        lab4kfix
     000000E9  _AD0WINT                           lab4kfix
     000000E9  _ADWINT                            lab4kfix
     000000E9  _PCA0L                             lab4kfix
     000000EA  G$AD0CM0$0$0                       lab4kfix
     000000EA  G$ADSTM0$0$0                       lab4kfix
     000000EA  G$PCA0CPL0$0$0                     lab4kfix
     000000EA  _AD0CM0                            lab4kfix
     000000EA  _ADSTM0                            lab4kfix
ASxxxx Linker V03.00 + NoICE + sdld,  page 12.
Hexadecimal  [32-Bits]

Area                                    Addr        Size        Decimal Bytes (Attributes)
--------------------------------        ----        ----        ------- ----- ------------
.  .ABS.                            00000000    00000000 =           0. bytes (ABS,CON)

      Value  Global                              Global Defined In Module
      -----  --------------------------------   ------------------------
     000000EA  _PCA0CPL0                          lab4kfix
     000000EB  G$AD0CM1$0$0                       lab4kfix
     000000EB  G$ADSTM1$0$0                       lab4kfix
     000000EB  G$PCA0CPL1$0$0                     lab4kfix
     000000EB  _AD0CM1                            lab4kfix
     000000EB  _ADSTM1                            lab4kfix
     000000EB  _PCA0CPL1                          lab4kfix
     000000EC  G$AD0BUSY$0$0                      lab4kfix
     000000EC  G$ADBUSY$0$0                       lab4kfix
     000000EC  G$PCA0CPL2$0$0                     lab4kfix
     000000EC  _AD0BUSY                           lab4kfix
     000000EC  _ADBUSY                            lab4kfix
     000000EC  _PCA0CPL2                          lab4kfix
     000000ED  G$AD0INT$0$0                       lab4kfix
     000000ED  G$ADCINT$0$0                       lab4kfix
     000000ED  G$PCA0CPL3$0$0                     lab4kfix
     000000ED  _AD0INT                            lab4kfix
     000000ED  _ADCINT                            lab4kfix
     000000ED  _PCA0CPL3                          lab4kfix
     000000EE  G$AD0TM$0$0                        lab4kfix
     000000EE  G$ADCTM$0$0                        lab4kfix
     000000EE  G$PCA0CPL4$0$0                     lab4kfix
     000000EE  _AD0TM                             lab4kfix
     000000EE  _ADCTM                             lab4kfix
     000000EE  _PCA0CPL4                          lab4kfix
     000000EF  G$AD0EN$0$0                        lab4kfix
     000000EF  G$ADCEN$0$0                        lab4kfix
     000000EF  G$RSTSRC$0$0                       lab4kfix
     000000EF  _AD0EN                             lab4kfix
     000000EF  _ADCEN                             lab4kfix
     000000EF  _RSTSRC                            lab4kfix
     000000F0  G$B$0$0                            lab4kfix
     000000F0  _B                                 lab4kfix
     000000F1  G$SCON1$0$0                        lab4kfix
     000000F1  _SCON1                             lab4kfix
     000000F2  G$SBUF1$0$0                        lab4kfix
     000000F2  _SBUF1                             lab4kfix
     000000F3  G$SADDR1$0$0                       lab4kfix
     000000F3  _SADDR1                            lab4kfix
     000000F4  G$TL4$0$0                          lab4kfix
     000000F4  _TL4                               lab4kfix
     000000F5  G$TH4$0$0                          lab4kfix
     000000F5  _B_5                               _gptrget
     000000F5  _TH4                               lab4kfix
     000000F6  G$EIP1$0$0                         lab4kfix
     000000F6  _B_6                               _gptrget
     000000F6  _EIP1                              lab4kfix
     000000F7  G$EIP2$0$0                         lab4kfix
     000000F7  _B_7                               _gptrget
     000000F7  _EIP2                              lab4kfix
     000000F8  G$SPI0CN$0$0                       lab4kfix
ASxxxx Linker V03.00 + NoICE + sdld,  page 13.
Hexadecimal  [32-Bits]

Area                                    Addr        Size        Decimal Bytes (Attributes)
--------------------------------        ----        ----        ------- ----- ------------
.  .ABS.                            00000000    00000000 =           0. bytes (ABS,CON)

      Value  Global                              Global Defined In Module
      -----  --------------------------------   ------------------------
     000000F8  G$SPIEN$0$0                        lab4kfix
     000000F8  _SPI0CN                            lab4kfix
     000000F8  _SPIEN                             lab4kfix
     000000F9  G$MSTEN$0$0                        lab4kfix
     000000F9  G$PCA0H$0$0                        lab4kfix
     000000F9  _MSTEN                             lab4kfix
     000000F9  _PCA0H                             lab4kfix
     000000FA  G$PCA0CPH0$0$0                     lab4kfix
     000000FA  G$SLVSEL$0$0                       lab4kfix
     000000FA  _PCA0CPH0                          lab4kfix
     000000FA  _SLVSEL                            lab4kfix
     000000FB  G$PCA0CPH1$0$0                     lab4kfix
     000000FB  G$TXBSY$0$0                        lab4kfix
     000000FB  _PCA0CPH1                          lab4kfix
     000000FB  _TXBSY                             lab4kfix
     000000FC  G$PCA0CPH2$0$0                     lab4kfix
     000000FC  G$RXOVRN$0$0                       lab4kfix
     000000FC  _PCA0CPH2                          lab4kfix
     000000FC  _RXOVRN                            lab4kfix
     000000FD  G$MODF$0$0                         lab4kfix
     000000FD  G$PCA0CPH3$0$0                     lab4kfix
     000000FD  _MODF                              lab4kfix
     000000FD  _PCA0CPH3                          lab4kfix
     000000FE  G$PCA0CPH4$0$0                     lab4kfix
     000000FE  G$WCOL$0$0                         lab4kfix
     000000FE  _PCA0CPH4                          lab4kfix
     000000FE  _WCOL                              lab4kfix
     000000FF  G$SPIF$0$0                         lab4kfix
     000000FF  G$WDTCN$0$0                        lab4kfix
     000000FF  _SPIF                              lab4kfix
     000000FF  _WDTCN                             lab4kfix
     00008C8A  G$TMR0$0$0                         lab4kfix
     00008C8A  _TMR0                              lab4kfix
     00008D8B  G$TMR1$0$0                         lab4kfix
     00008D8B  _TMR1                              lab4kfix
     00009392  G$TMR3RL$0$0                       lab4kfix
     00009392  _TMR3RL                            lab4kfix
     00009594  G$TMR3$0$0                         lab4kfix
     00009594  _TMR3                              lab4kfix
     0000BFBE  G$ADC0$0$0                         lab4kfix
     0000BFBE  _ADC0                              lab4kfix
     0000C5C4  G$ADC0GT$0$0                       lab4kfix
     0000C5C4  _ADC0GT                            lab4kfix
     0000C7C6  G$ADC0LT$0$0                       lab4kfix
     0000C7C6  _ADC0LT                            lab4kfix
     0000CBCA  G$RCAP2$0$0                        lab4kfix
     0000CBCA  _RCAP2                             lab4kfix
     0000CDCC  G$TMR2$0$0                         lab4kfix
     0000CDCC  _TMR2                              lab4kfix
     0000D3D2  G$DAC0$0$0                         lab4kfix
     0000D3D2  _DAC0                              lab4kfix
ASxxxx Linker V03.00 + NoICE + sdld,  page 14.
Hexadecimal  [32-Bits]

Area                                    Addr        Size        Decimal Bytes (Attributes)
--------------------------------        ----        ----        ------- ----- ------------
.  .ABS.                            00000000    00000000 =           0. bytes (ABS,CON)

      Value  Global                              Global Defined In Module
      -----  --------------------------------   ------------------------
     0000D6D5  G$DAC1$0$0                         lab4kfix
     0000D6D5  _DAC1                              lab4kfix
     0000E5E4  G$RCAP4$0$0                        lab4kfix
     0000E5E4  _RCAP4                             lab4kfix
     0000F5F4  G$TMR4$0$0                         lab4kfix
     0000F5F4  _TMR4                              lab4kfix
     0000F9E9  G$PCA0$0$0                         lab4kfix
     0000F9E9  _PCA0                              lab4kfix
     0000FAEA  G$PCA0CP0$0$0                      lab4kfix
     0000FAEA  _PCA0CP0                           lab4kfix
     0000FBEB  G$PCA0CP1$0$0                      lab4kfix
     0000FBEB  _PCA0CP1                           lab4kfix
     0000FCEC  G$PCA0CP2$0$0                      lab4kfix
     0000FCEC  _PCA0CP2                           lab4kfix
     0000FDED  G$PCA0CP3$0$0                      lab4kfix
     0000FDED  _PCA0CP3                           lab4kfix
     0000FEEE  G$PCA0CP4$0$0                      lab4kfix
     0000FEEE  _PCA0CP4                           lab4kfix

ASxxxx Linker V03.00 + NoICE + sdld,  page 15.
Hexadecimal  [32-Bits]

Area                                    Addr        Size        Decimal Bytes (Attributes)
--------------------------------        ----        ----        ------- ----- ------------
BSEG_BYTES                          00000020    00000002 =           2. bytes (REL,CON)

      Value  Global                              Global Defined In Module
      -----  --------------------------------   ------------------------
ASxxxx Linker V03.00 + NoICE + sdld,  page 16.
Hexadecimal  [32-Bits]

Area                                    Addr        Size        Decimal Bytes (Attributes)
--------------------------------        ----        ----        ------- ----- ------------
REG_BANK_0                          00000000    00000008 =           8. bytes (REL,OVR)

      Value  Global                              Global Defined In Module
      -----  --------------------------------   ------------------------
ASxxxx Linker V03.00 + NoICE + sdld,  page 17.
Hexadecimal  [32-Bits]

Area                                    Addr        Size        Decimal Bytes (Attributes)
--------------------------------        ----        ----        ------- ----- ------------
DSEG                                00000000    0000007D =         125. bytes (REL,CON)

      Value  Global                              Global Defined In Module
      -----  --------------------------------   ------------------------
     00000008  _vsprintf_PARM_2                   sprintf
     0000000B  _vsprintf_PARM_3                   sprintf
     0000000F  _bp                                _bp
     00000010  _vprintf_PARM_2                    vprintf
     00000022  G$Data2$0$0                        lab4kfix
     00000022  _Data2                             lab4kfix
     00000025  Llab4kfix.aligned_alloc$size$1$3   lab4kfix
     00000025  _aligned_alloc_PARM_2              lab4kfix
     00000027  Llab4kfix.lcd_clear$NumBytes$1$8   lab4kfix
     00000028  Llab4kfix.lcd_clear$Cmd$1$85       lab4kfix
     0000002A  Llab4kfix.read_keypad$Data$1$86    lab4kfix
     0000002C  Llab4kfix.i2c_write_data$start_r   lab4kfix
     0000002C  _i2c_write_data_PARM_2             lab4kfix
     0000002D  Llab4kfix.i2c_write_data$buffer$   lab4kfix
     0000002D  _i2c_write_data_PARM_3             lab4kfix
     00000030  Llab4kfix.i2c_write_data$num_byt   lab4kfix
     00000030  _i2c_write_data_PARM_4             lab4kfix
     00000031  Llab4kfix.i2c_read_data$start_re   lab4kfix
     00000031  _i2c_read_data_PARM_2              lab4kfix
     00000032  Llab4kfix.i2c_read_data$buffer$1   lab4kfix
     00000032  _i2c_read_data_PARM_3              lab4kfix
     00000035  Llab4kfix.i2c_read_data$num_byte   lab4kfix
     00000035  _i2c_read_data_PARM_4              lab4kfix
     00000036  G$Counts$0$0                       lab4kfix
     00000036  _Counts                            lab4kfix
     00000038  G$sPW$0$0                          lab4kfix
     00000038  _sPW                               lab4kfix
     0000003A  G$mPW$0$0                          lab4kfix
     0000003A  _mPW                               lab4kfix
     0000003C  G$dist$0$0                         lab4kfix
     0000003C  _dist                              lab4kfix
     0000003D  G$r_Data$0$0                       lab4kfix
     0000003D  _r_Data                            lab4kfix
     0000003F  G$range$0$0                        lab4kfix
     0000003F  _range                             lab4kfix
     00000041  G$r_addr$0$0                       lab4kfix
     00000041  _r_addr                            lab4kfix
     00000042  G$r_Counts$0$0                     lab4kfix
     00000042  _r_Counts                          lab4kfix
     00000043  G$new_range$0$0                    lab4kfix
     00000043  _new_range                         lab4kfix
     00000044  G$c_addr$0$0                       lab4kfix
     00000044  _c_addr                            lab4kfix
     00000045  G$c_Data$0$0                       lab4kfix
     00000045  _c_Data                            lab4kfix
     00000047  G$heading$0$0                      lab4kfix
     00000047  _heading                           lab4kfix
     00000049  G$h_Counts$0$0                     lab4kfix
     00000049  _h_Counts                          lab4kfix
     0000004A  G$new_heading$0$0                  lab4kfix
ASxxxx Linker V03.00 + NoICE + sdld,  page 18.
Hexadecimal  [32-Bits]

Area                                    Addr        Size        Decimal Bytes (Attributes)
--------------------------------        ----        ----        ------- ----- ------------
DSEG                                00000000    0000007D =         125. bytes (REL,CON)

      Value  Global                              Global Defined In Module
      -----  --------------------------------   ------------------------
     0000004A  _new_heading                       lab4kfix
     0000004B  G$desired_heading$0$0              lab4kfix
     0000004B  _desired_heading                   lab4kfix
     0000004D  G$error$0$0                        lab4kfix
     0000004D  _error                             lab4kfix
     0000004F  G$adc_value$0$0                    lab4kfix
     0000004F  _adc_value                         lab4kfix
     00000050  G$voltage$0$0                      lab4kfix
     00000050  _voltage                           lab4kfix
     00000052  G$lcd_count$0$0                    lab4kfix
     00000052  _lcd_count                         lab4kfix
     00000054  G$new_lcd$0$0                      lab4kfix
     00000054  _new_lcd                           lab4kfix
     00000061  __print_format_PARM_2              printf_large
     00000064  __print_format_PARM_3              printf_large
     00000067  __print_format_PARM_4              printf_large
ASxxxx Linker V03.00 + NoICE + sdld,  page 19.
Hexadecimal  [32-Bits]

Area                                    Addr        Size        Decimal Bytes (Attributes)
--------------------------------        ----        ----        ------- ----- ------------
OSEG                                00000011    00000006 =           6. bytes (REL,OVR)

      Value  Global                              Global Defined In Module
      -----  --------------------------------   ------------------------
     00000011  __gptrput_PARM_2                   _gptrput
     00000011  __mulint_PARM_2                    _mulint

ASxxxx Linker V03.00 + NoICE + sdld,  page 20.
Hexadecimal  [32-Bits]

Area                                    Addr        Size        Decimal Bytes (Attributes)
--------------------------------        ----        ----        ------- ----- ------------
ISEG                                00000017    00000006 =           6. bytes (REL,CON)

      Value  Global                              Global Defined In Module
      -----  --------------------------------   ------------------------
ASxxxx Linker V03.00 + NoICE + sdld,  page 21.
Hexadecimal  [32-Bits]

Area                                    Addr        Size        Decimal Bytes (Attributes)
--------------------------------        ----        ----        ------- ----- ------------
SSEG                                0000006F    00000091 =         145. bytes (REL,OVR)

      Value  Global                              Global Defined In Module
      -----  --------------------------------   ------------------------
     0000006F  __start__stack                     lab4kfix

ASxxxx Linker V03.00 + NoICE + sdld,  page 22.
Hexadecimal  [32-Bits]

Area                                    Addr        Size        Decimal Bytes (Attributes)
--------------------------------        ----        ----        ------- ----- ------------
XSEG                                00000001    00000050 =          80. bytes (REL,CON,XDATA)

      Value  Global                              Global Defined In Module
      -----  --------------------------------   ------------------------
D:   00000001  Llab4kfix.lcd_print$text$1$81      lab4kfix

ASxxxx Linker V03.00 + NoICE + sdld,  page 23.
Hexadecimal  [32-Bits]

Area                                    Addr        Size        Decimal Bytes (Attributes)
--------------------------------        ----        ----        ------- ----- ------------
XISEG                               00000051    0000000C =          12. bytes (REL,CON,XDATA)

      Value  Global                              Global Defined In Module
      -----  --------------------------------   ------------------------
D:   00000051  G$sPW_CENTER$0$0                   lab4kfix
D:   00000051  _sPW_CENTER                        lab4kfix
D:   00000053  G$sPW_MIN$0$0                      lab4kfix
D:   00000053  _sPW_MIN                           lab4kfix
D:   00000055  G$sPW_MAX$0$0                      lab4kfix
D:   00000055  _sPW_MAX                           lab4kfix
D:   00000057  G$mPW_CENTER$0$0                   lab4kfix
D:   00000057  _mPW_CENTER                        lab4kfix
D:   00000059  G$mPW_MIN$0$0                      lab4kfix
D:   00000059  _mPW_MIN                           lab4kfix
D:   0000005B  G$mPW_MAX$0$0                      lab4kfix
D:   0000005B  _mPW_MAX                           lab4kfix
ASxxxx Linker V03.00 + NoICE + sdld,  page 24.
Hexadecimal  [32-Bits]

Area                                    Addr        Size        Decimal Bytes (Attributes)
--------------------------------        ----        ----        ------- ----- ------------
HOME                                00000000    00000051 =          81. bytes (REL,CON,CODE)

      Value  Global                              Global Defined In Module
      -----  --------------------------------   ------------------------
C:   00000000  A$lab4kfix$1140                    lab4kfix
C:   00000003  A$lab4kfix$1141                    lab4kfix
C:   0000000B  A$lab4kfix$1143                    lab4kfix
C:   00000013  A$lab4kfix$1145                    lab4kfix
C:   0000001B  A$lab4kfix$1147                    lab4kfix
C:   00000023  A$lab4kfix$1149                    lab4kfix
C:   0000002B  A$lab4kfix$1151                    lab4kfix
C:   00000033  A$lab4kfix$1153                    lab4kfix
C:   0000003B  A$lab4kfix$1155                    lab4kfix
C:   00000043  A$lab4kfix$1157                    lab4kfix
C:   0000004B  A$lab4kfix$1159                    lab4kfix
C:   0000004E  A$lab4kfix$1228                    lab4kfix
C:   0000004E  __sdcc_program_startup             lab4kfix

ASxxxx Linker V03.00 + NoICE + sdld,  page 25.
Hexadecimal  [32-Bits]

Area                                    Addr        Size        Decimal Bytes (Attributes)
--------------------------------        ----        ----        ------- ----- ------------
GSINIT0                             00000051    00000003 =           3. bytes (REL,CON,CODE)

      Value  Global                              Global Defined In Module
      -----  --------------------------------   ------------------------
C:   00000051  __sdcc_gsinit_startup              

ASxxxx Linker V03.00 + NoICE + sdld,  page 26.
Hexadecimal  [32-Bits]

Area                                    Addr        Size        Decimal Bytes (Attributes)
--------------------------------        ----        ----        ------- ----- ------------
GSINIT2                             00000054    0000000A =          10. bytes (REL,CON,CODE)

      Value  Global                              Global Defined In Module
      -----  --------------------------------   ------------------------
ASxxxx Linker V03.00 + NoICE + sdld,  page 27.
Hexadecimal  [32-Bits]

Area                                    Addr        Size        Decimal Bytes (Attributes)
--------------------------------        ----        ----        ------- ----- ------------
GSINIT3                             0000005E    00000022 =          34. bytes (REL,CON,CODE)

      Value  Global                              Global Defined In Module
      -----  --------------------------------   ------------------------
C:   0000005E  __mcs51_genXINIT                   

ASxxxx Linker V03.00 + NoICE + sdld,  page 28.
Hexadecimal  [32-Bits]

Area                                    Addr        Size        Decimal Bytes (Attributes)
--------------------------------        ----        ----        ------- ----- ------------
GSINIT4                             00000080    0000002A =          42. bytes (REL,CON,CODE)

      Value  Global                              Global Defined In Module
      -----  --------------------------------   ------------------------
C:   00000080  __mcs51_genRAMCLEAR                
C:   00000086  __mcs51_genXRAMCLEAR               

ASxxxx Linker V03.00 + NoICE + sdld,  page 29.
Hexadecimal  [32-Bits]

Area                                    Addr        Size        Decimal Bytes (Attributes)
--------------------------------        ----        ----        ------- ----- ------------
GSINIT                              000000AA    00000027 =          39. bytes (REL,CON,CODE)

      Value  Global                              Global Defined In Module
      -----  --------------------------------   ------------------------
C:   000000AA  A$lab4kfix$1175                    lab4kfix
C:   000000AA  C$lab4kfix.c$32$1$180              lab4kfix
C:   000000AB  A$lab4kfix$1176                    lab4kfix
C:   000000AD  A$lab4kfix$1177                    lab4kfix
C:   000000AF  A$lab4kfix$1180                    lab4kfix
C:   000000AF  C$lab4kfix.c$37$1$180              lab4kfix
C:   000000B1  A$lab4kfix$1181                    lab4kfix
C:   000000B3  A$lab4kfix$1184                    lab4kfix
C:   000000B3  C$lab4kfix.c$46$1$180              lab4kfix
C:   000000B5  A$lab4kfix$1185                    lab4kfix
C:   000000B7  A$lab4kfix$1188                    lab4kfix
C:   000000B7  C$lab4kfix.c$47$1$180              lab4kfix
C:   000000BA  A$lab4kfix$1192                    lab4kfix
C:   000000BA  C$lab4kfix.c$48$1$180              lab4kfix
C:   000000BC  A$lab4kfix$1196                    lab4kfix
C:   000000BC  C$lab4kfix.c$49$1$180              lab4kfix
C:   000000BE  A$lab4kfix$1199                    lab4kfix
C:   000000BE  C$lab4kfix.c$51$1$180              lab4kfix
C:   000000C1  A$lab4kfix$1203                    lab4kfix
C:   000000C1  C$lab4kfix.c$54$1$180              lab4kfix
C:   000000C3  A$lab4kfix$1207                    lab4kfix
C:   000000C3  C$lab4kfix.c$55$1$180              lab4kfix
C:   000000C5  A$lab4kfix$1210                    lab4kfix
C:   000000C5  C$lab4kfix.c$56$1$180              lab4kfix
C:   000000C8  A$lab4kfix$1211                    lab4kfix
C:   000000CB  A$lab4kfix$1214                    lab4kfix
C:   000000CB  C$lab4kfix.c$63$1$180              lab4kfix
C:   000000CD  A$lab4kfix$1215                    lab4kfix
C:   000000CF  A$lab4kfix$1219                    lab4kfix
C:   000000CF  C$lab4kfix.c$64$1$180              lab4kfix
ASxxxx Linker V03.00 + NoICE + sdld,  page 30.
Hexadecimal  [32-Bits]

Area                                    Addr        Size        Decimal Bytes (Attributes)
--------------------------------        ----        ----        ------- ----- ------------
GSFINAL                             000000D1    00000003 =           3. bytes (REL,CON,CODE)

      Value  Global                              Global Defined In Module
      -----  --------------------------------   ------------------------
C:   000000D1  A$lab4kfix$1221                    lab4kfix

ASxxxx Linker V03.00 + NoICE + sdld,  page 31.
Hexadecimal  [32-Bits]

Area                                    Addr        Size        Decimal Bytes (Attributes)
--------------------------------        ----        ----        ------- ----- ------------
CSEG                                000000D4    00001ADD =        6877. bytes (REL,CON,CODE)

      Value  Global                              Global Defined In Module
      -----  --------------------------------   ------------------------
C:   000000D4  A$lab4kfix$1256                    lab4kfix
C:   000000D4  C$c8051_SDCC.h$62$0$0              lab4kfix
C:   000000D4  C$c8051_SDCC.h$66$1$2              lab4kfix
C:   000000D4  G$SYSCLK_Init$0$0                  lab4kfix
C:   000000D4  _SYSCLK_Init                       lab4kfix
C:   000000D7  A$lab4kfix$1259                    lab4kfix
C:   000000D7  C$c8051_SDCC.h$69$1$2              lab4kfix
C:   000000D9  A$lab4kfix$1260                    lab4kfix
C:   000000DB  A$lab4kfix$1262                    lab4kfix
C:   000000DC  A$lab4kfix$1263                    lab4kfix
C:   000000DE  A$lab4kfix$1264                    lab4kfix
C:   000000DF  A$lab4kfix$1265                    lab4kfix
C:   000000E0  A$lab4kfix$1266                    lab4kfix
C:   000000E2  A$lab4kfix$1267                    lab4kfix
C:   000000E3  A$lab4kfix$1268                    lab4kfix
C:   000000E5  A$lab4kfix$1269                    lab4kfix
C:   000000E7  A$lab4kfix$1270                    lab4kfix
C:   000000E8  A$lab4kfix$1271                    lab4kfix
C:   000000E9  A$lab4kfix$1272                    lab4kfix
C:   000000EB  A$lab4kfix$1276                    lab4kfix
C:   000000EB  C$c8051_SDCC.h$71$1$2              lab4kfix
C:   000000ED  A$lab4kfix$1277                    lab4kfix
C:   000000F0  A$lab4kfix$1280                    lab4kfix
C:   000000F0  C$c8051_SDCC.h$73$1$2              lab4kfix
C:   000000F3  A$lab4kfix$1283                    lab4kfix
C:   000000F3  C$c8051_SDCC.h$76$1$2              lab4kfix
C:   000000F3  XG$SYSCLK_Init$0$0                 lab4kfix
C:   000000F4  A$lab4kfix$1296                    lab4kfix
C:   000000F4  C$c8051_SDCC.h$84$1$2              lab4kfix
C:   000000F4  C$c8051_SDCC.h$86$1$4              lab4kfix
C:   000000F4  G$UART0_Init$0$0                   lab4kfix
C:   000000F4  _UART0_Init                        lab4kfix
C:   000000F7  A$lab4kfix$1299                    lab4kfix
C:   000000F7  C$c8051_SDCC.h$87$1$4              lab4kfix
C:   000000FA  A$lab4kfix$1302                    lab4kfix
C:   000000FA  C$c8051_SDCC.h$88$1$4              lab4kfix
C:   000000FD  A$lab4kfix$1305                    lab4kfix
C:   000000FD  C$c8051_SDCC.h$89$1$4              lab4kfix
C:   000000FF  A$lab4kfix$1308                    lab4kfix
C:   000000FF  C$c8051_SDCC.h$90$1$4              lab4kfix
C:   00000102  A$lab4kfix$1311                    lab4kfix
C:   00000102  C$c8051_SDCC.h$91$1$4              lab4kfix
C:   00000105  A$lab4kfix$1314                    lab4kfix
C:   00000105  C$c8051_SDCC.h$93$1$4              lab4kfix
C:   00000107  A$lab4kfix$1317                    lab4kfix
C:   00000107  C$c8051_SDCC.h$94$1$4              lab4kfix
C:   0000010A  A$lab4kfix$1320                    lab4kfix
C:   0000010A  C$c8051_SDCC.h$95$1$4              lab4kfix
C:   0000010A  XG$UART0_Init$0$0                  lab4kfix
C:   0000010B  A$lab4kfix$1333                    lab4kfix
ASxxxx Linker V03.00 + NoICE + sdld,  page 32.
Hexadecimal  [32-Bits]

Area                                    Addr        Size        Decimal Bytes (Attributes)
--------------------------------        ----        ----        ------- ----- ------------
CSEG                                000000D4    00001ADD =        6877. bytes (REL,CON,CODE)

      Value  Global                              Global Defined In Module
      -----  --------------------------------   ------------------------
C:   0000010B  C$c8051_SDCC.h$103$1$4             lab4kfix
C:   0000010B  C$c8051_SDCC.h$105$1$6             lab4kfix
C:   0000010B  G$Sys_Init$0$0                     lab4kfix
C:   0000010B  _Sys_Init                          lab4kfix
C:   0000010E  A$lab4kfix$1336                    lab4kfix
C:   0000010E  C$c8051_SDCC.h$106$1$6             lab4kfix
C:   00000111  A$lab4kfix$1339                    lab4kfix
C:   00000111  C$c8051_SDCC.h$108$1$6             lab4kfix
C:   00000114  A$lab4kfix$1342                    lab4kfix
C:   00000114  C$c8051_SDCC.h$109$1$6             lab4kfix
C:   00000117  A$lab4kfix$1345                    lab4kfix
C:   00000117  C$c8051_SDCC.h$111$1$6             lab4kfix
C:   0000011A  A$lab4kfix$1348                    lab4kfix
C:   0000011A  C$c8051_SDCC.h$112$1$6             lab4kfix
C:   0000011D  A$lab4kfix$1351                    lab4kfix
C:   0000011D  C$c8051_SDCC.h$113$1$6             lab4kfix
C:   0000011D  XG$Sys_Init$0$0                    lab4kfix
C:   0000011E  A$lab4kfix$1364                    lab4kfix
C:   0000011E  C$c8051_SDCC.h$129$1$6             lab4kfix
C:   0000011E  G$putchar$0$0                      lab4kfix
C:   0000011E  _putchar                           lab4kfix
C:   00000120  A$lab4kfix$1370                    lab4kfix
C:   00000120  C$c8051_SDCC.h$132$1$8             lab4kfix
C:   00000120  C$c8051_SDCC.h$133$1$8             lab4kfix
C:   00000123  A$lab4kfix$1371                    lab4kfix
C:   00000125  A$lab4kfix$1375                    lab4kfix
C:   00000125  C$c8051_SDCC.h$134$1$8             lab4kfix
C:   00000127  A$lab4kfix$1378                    lab4kfix
C:   00000127  C$c8051_SDCC.h$135$1$8             lab4kfix
C:   00000127  XG$putchar$0$0                     lab4kfix
C:   00000128  A$lab4kfix$1396                    lab4kfix
C:   00000128  C$c8051_SDCC.h$154$1$8             lab4kfix
C:   00000128  C$c8051_SDCC.h$157$1$10            lab4kfix
C:   00000128  C$c8051_SDCC.h$158$1$10            lab4kfix
C:   00000128  G$getchar$0$0                      lab4kfix
C:   00000128  _getchar                           lab4kfix
C:   0000012B  A$lab4kfix$1397                    lab4kfix
C:   0000012D  A$lab4kfix$1401                    lab4kfix
C:   0000012D  C$c8051_SDCC.h$159$1$10            lab4kfix
C:   0000012F  A$lab4kfix$1404                    lab4kfix
C:   0000012F  C$c8051_SDCC.h$160$1$10            lab4kfix
C:   00000131  A$lab4kfix$1405                    lab4kfix
C:   00000133  A$lab4kfix$1406                    lab4kfix
C:   00000136  A$lab4kfix$1407                    lab4kfix
C:   00000138  A$lab4kfix$1410                    lab4kfix
C:   00000138  C$c8051_SDCC.h$161$1$10            lab4kfix
C:   0000013A  A$lab4kfix$1413                    lab4kfix
C:   0000013A  C$c8051_SDCC.h$162$1$10            lab4kfix
C:   0000013A  XG$getchar$0$0                     lab4kfix
C:   0000013B  A$lab4kfix$1428                    lab4kfix
C:   0000013B  C$c8051_SDCC.h$168$1$10            lab4kfix
ASxxxx Linker V03.00 + NoICE + sdld,  page 33.
Hexadecimal  [32-Bits]

Area                                    Addr        Size        Decimal Bytes (Attributes)
--------------------------------        ----        ----        ------- ----- ------------
CSEG                                000000D4    00001ADD =        6877. bytes (REL,CON,CODE)

      Value  Global                              Global Defined In Module
      -----  --------------------------------   ------------------------
C:   0000013B  C$c8051_SDCC.h$171$1$12            lab4kfix
C:   0000013B  G$getchar_nw$0$0                   lab4kfix
C:   0000013B  _getchar_nw                        lab4kfix
C:   0000013E  A$lab4kfix$1429                    lab4kfix
C:   00000141  A$lab4kfix$1430                    lab4kfix
C:   00000143  A$lab4kfix$1434                    lab4kfix
C:   00000143  C$c8051_SDCC.h$174$2$13            lab4kfix
C:   00000145  A$lab4kfix$1437                    lab4kfix
C:   00000145  C$c8051_SDCC.h$175$2$13            lab4kfix
C:   00000148  A$lab4kfix$1440                    lab4kfix
C:   00000148  C$c8051_SDCC.h$176$2$13            lab4kfix
C:   0000014B  A$lab4kfix$1443                    lab4kfix
C:   0000014B  C$c8051_SDCC.h$177$2$13            lab4kfix
C:   0000014E  A$lab4kfix$1447                    lab4kfix
C:   0000014E  C$c8051_SDCC.h$179$1$12            lab4kfix
C:   0000014E  XG$getchar_nw$0$0                  lab4kfix
C:   0000014F  A$lab4kfix$1464                    lab4kfix
C:   0000014F  C$i2c.h$84$1$12                    lab4kfix
C:   0000014F  G$lcd_print$0$0                    lab4kfix
C:   0000014F  _lcd_print                         lab4kfix
C:   00000151  A$lab4kfix$1465                    lab4kfix
C:   00000154  A$lab4kfix$1468                    lab4kfix
C:   00000154  C$i2c.h$90$1$81                    lab4kfix
C:   00000156  A$lab4kfix$1469                    lab4kfix
C:   00000158  A$lab4kfix$1470                    lab4kfix
C:   00000159  A$lab4kfix$1471                    lab4kfix
C:   0000015B  A$lab4kfix$1472                    lab4kfix
C:   0000015C  A$lab4kfix$1473                    lab4kfix
C:   0000015E  A$lab4kfix$1474                    lab4kfix
C:   0000015F  A$lab4kfix$1475                    lab4kfix
C:   00000161  A$lab4kfix$1476                    lab4kfix
C:   00000164  A$lab4kfix$1477                    lab4kfix
C:   00000166  A$lab4kfix$1478                    lab4kfix
C:   00000169  A$lab4kfix$1479                    lab4kfix
C:   0000016B  A$lab4kfix$1480                    lab4kfix
C:   0000016D  A$lab4kfix$1481                    lab4kfix
C:   0000016F  A$lab4kfix$1485                    lab4kfix
C:   0000016F  C$i2c.h$92$2$82                    lab4kfix
C:   00000171  A$lab4kfix$1486                    lab4kfix
C:   00000173  A$lab4kfix$1487                    lab4kfix
C:   00000174  A$lab4kfix$1488                    lab4kfix
C:   00000176  A$lab4kfix$1491                    lab4kfix
C:   00000176  C$i2c.h$93$1$81                    lab4kfix
C:   00000178  A$lab4kfix$1492                    lab4kfix
C:   0000017A  A$lab4kfix$1493                    lab4kfix
C:   0000017B  A$lab4kfix$1494                    lab4kfix
C:   0000017D  A$lab4kfix$1495                    lab4kfix
C:   0000017E  A$lab4kfix$1496                    lab4kfix
C:   00000180  A$lab4kfix$1497                    lab4kfix
C:   00000181  A$lab4kfix$1498                    lab4kfix
C:   00000183  A$lab4kfix$1499                    lab4kfix
ASxxxx Linker V03.00 + NoICE + sdld,  page 34.
Hexadecimal  [32-Bits]

Area                                    Addr        Size        Decimal Bytes (Attributes)
--------------------------------        ----        ----        ------- ----- ------------
CSEG                                000000D4    00001ADD =        6877. bytes (REL,CON,CODE)

      Value  Global                              Global Defined In Module
      -----  --------------------------------   ------------------------
C:   00000186  A$lab4kfix$1500                    lab4kfix
C:   00000189  A$lab4kfix$1501                    lab4kfix
C:   0000018C  A$lab4kfix$1504                    lab4kfix
C:   0000018C  C$i2c.h$96$1$81                    lab4kfix
C:   0000018F  A$lab4kfix$1505                    lab4kfix
C:   00000192  A$lab4kfix$1506                    lab4kfix
C:   00000195  A$lab4kfix$1507                    lab4kfix
C:   00000197  A$lab4kfix$1510                    lab4kfix
C:   00000199  A$lab4kfix$1512                    lab4kfix
C:   0000019A  A$lab4kfix$1513                    lab4kfix
C:   0000019B  A$lab4kfix$1514                    lab4kfix
C:   0000019C  A$lab4kfix$1515                    lab4kfix
C:   0000019E  A$lab4kfix$1518                    lab4kfix
C:   0000019E  C$i2c.h$99$2$84                    lab4kfix
C:   0000019F  A$lab4kfix$1519                    lab4kfix
C:   000001A1  A$lab4kfix$1520                    lab4kfix
C:   000001A3  A$lab4kfix$1521                    lab4kfix
C:   000001A4  A$lab4kfix$1522                    lab4kfix
C:   000001A6  A$lab4kfix$1523                    lab4kfix
C:   000001A8  A$lab4kfix$1524                    lab4kfix
C:   000001A9  A$lab4kfix$1525                    lab4kfix
C:   000001AA  A$lab4kfix$1526                    lab4kfix
C:   000001AD  A$lab4kfix$1527                    lab4kfix
C:   000001AE  A$lab4kfix$1528                    lab4kfix
C:   000001B0  A$lab4kfix$1529                    lab4kfix
C:   000001B2  A$lab4kfix$1530                    lab4kfix
C:   000001B3  A$lab4kfix$1531                    lab4kfix
C:   000001B5  A$lab4kfix$1532                    lab4kfix
C:   000001B7  A$lab4kfix$1533                    lab4kfix
C:   000001B9  A$lab4kfix$1534                    lab4kfix
C:   000001BA  A$lab4kfix$1538                    lab4kfix
C:   000001BA  C$i2c.h$97$1$81                    lab4kfix
C:   000001BB  A$lab4kfix$1539                    lab4kfix
C:   000001BD  A$lab4kfix$1543                    lab4kfix
C:   000001BD  C$i2c.h$102$1$81                   lab4kfix
C:   000001C0  A$lab4kfix$1544                    lab4kfix
C:   000001C3  A$lab4kfix$1545                    lab4kfix
C:   000001C6  A$lab4kfix$1546                    lab4kfix
C:   000001C9  A$lab4kfix$1547                    lab4kfix
C:   000001CB  A$lab4kfix$1548                    lab4kfix
C:   000001CE  A$lab4kfix$1549                    lab4kfix
C:   000001D1  A$lab4kfix$1551                    lab4kfix
C:   000001D3  A$lab4kfix$1554                    lab4kfix
C:   000001D3  C$i2c.h$103$1$81                   lab4kfix
C:   000001D3  XG$lcd_print$0$0                   lab4kfix
C:   000001D4  A$lab4kfix$1570                    lab4kfix
C:   000001D4  C$i2c.h$106$1$81                   lab4kfix
C:   000001D4  C$i2c.h$108$1$81                   lab4kfix
C:   000001D4  G$lcd_clear$0$0                    lab4kfix
C:   000001D4  _lcd_clear                         lab4kfix
C:   000001D7  A$lab4kfix$1574                    lab4kfix
ASxxxx Linker V03.00 + NoICE + sdld,  page 35.
Hexadecimal  [32-Bits]

Area                                    Addr        Size        Decimal Bytes (Attributes)
--------------------------------        ----        ----        ------- ----- ------------
CSEG                                000000D4    00001ADD =        6877. bytes (REL,CON,CODE)

      Value  Global                              Global Defined In Module
      -----  --------------------------------   ------------------------
C:   000001D7  C$i2c.h$110$1$85                   lab4kfix
C:   000001D9  A$lab4kfix$1575                    lab4kfix
C:   000001DB  A$lab4kfix$1576                    lab4kfix
C:   000001DD  A$lab4kfix$1577                    lab4kfix
C:   000001E0  A$lab4kfix$1578                    lab4kfix
C:   000001E3  A$lab4kfix$1579                    lab4kfix
C:   000001E6  A$lab4kfix$1580                    lab4kfix
C:   000001E9  A$lab4kfix$1581                    lab4kfix
C:   000001EC  A$lab4kfix$1582                    lab4kfix
C:   000001EF  A$lab4kfix$1583                    lab4kfix
C:   000001F2  A$lab4kfix$1584                    lab4kfix
C:   000001F4  A$lab4kfix$1588                    lab4kfix
C:   000001F4  C$i2c.h$112$1$85                   lab4kfix
C:   000001F7  A$lab4kfix$1591                    lab4kfix
C:   000001F7  C$i2c.h$113$1$85                   lab4kfix
C:   000001FA  A$lab4kfix$1592                    lab4kfix
C:   000001FD  A$lab4kfix$1593                    lab4kfix
C:   00000200  A$lab4kfix$1594                    lab4kfix
C:   00000203  A$lab4kfix$1595                    lab4kfix
C:   00000206  A$lab4kfix$1596                    lab4kfix
C:   00000209  A$lab4kfix$1597                    lab4kfix
C:   0000020C  A$lab4kfix$1600                    lab4kfix
C:   0000020C  C$i2c.h$114$1$85                   lab4kfix
C:   0000020C  XG$lcd_clear$0$0                   lab4kfix
C:   0000020D  A$lab4kfix$1616                    lab4kfix
C:   0000020D  C$i2c.h$117$1$85                   lab4kfix
C:   0000020D  C$i2c.h$121$1$86                   lab4kfix
C:   0000020D  G$read_keypad$0$0                  lab4kfix
C:   0000020D  _read_keypad                       lab4kfix
C:   00000210  A$lab4kfix$1617                    lab4kfix
C:   00000213  A$lab4kfix$1618                    lab4kfix
C:   00000216  A$lab4kfix$1619                    lab4kfix
C:   00000219  A$lab4kfix$1620                    lab4kfix
C:   0000021C  A$lab4kfix$1621                    lab4kfix
C:   0000021F  A$lab4kfix$1622                    lab4kfix
C:   00000222  A$lab4kfix$1625                    lab4kfix
C:   00000222  C$i2c.h$122$1$86                   lab4kfix
C:   00000224  A$lab4kfix$1626                    lab4kfix
C:   00000227  A$lab4kfix$1627                    lab4kfix
C:   0000022A  A$lab4kfix$1628                    lab4kfix
C:   0000022C  A$lab4kfix$1632                    lab4kfix
C:   0000022E  A$lab4kfix$1633                    lab4kfix
C:   00000230  A$lab4kfix$1637                    lab4kfix
C:   00000230  C$i2c.h$126$2$87                   lab4kfix
C:   00000232  A$lab4kfix$1638                    lab4kfix
C:   00000234  A$lab4kfix$1639                    lab4kfix
C:   00000236  A$lab4kfix$1640                    lab4kfix
C:   00000238  A$lab4kfix$1641                    lab4kfix
C:   0000023A  A$lab4kfix$1643                    lab4kfix
C:   0000023B  A$lab4kfix$1644                    lab4kfix
C:   0000023C  A$lab4kfix$1645                    lab4kfix
ASxxxx Linker V03.00 + NoICE + sdld,  page 36.
Hexadecimal  [32-Bits]

Area                                    Addr        Size        Decimal Bytes (Attributes)
--------------------------------        ----        ----        ------- ----- ------------
CSEG                                000000D4    00001ADD =        6877. bytes (REL,CON,CODE)

      Value  Global                              Global Defined In Module
      -----  --------------------------------   ------------------------
C:   0000023D  A$lab4kfix$1646                    lab4kfix
C:   0000023E  A$lab4kfix$1647                    lab4kfix
C:   0000023F  A$lab4kfix$1648                    lab4kfix
C:   00000240  A$lab4kfix$1650                    lab4kfix
C:   00000243  A$lab4kfix$1651                    lab4kfix
C:   00000245  A$lab4kfix$1652                    lab4kfix
C:   00000247  A$lab4kfix$1653                    lab4kfix
C:   00000248  A$lab4kfix$1654                    lab4kfix
C:   0000024A  A$lab4kfix$1655                    lab4kfix
C:   0000024B  A$lab4kfix$1656                    lab4kfix
C:   0000024D  A$lab4kfix$1657                    lab4kfix
C:   0000024E  A$lab4kfix$1658                    lab4kfix
C:   0000024F  A$lab4kfix$1659                    lab4kfix
C:   00000251  A$lab4kfix$1662                    lab4kfix
C:   00000251  C$i2c.h$127$2$87                   lab4kfix
C:   00000253  A$lab4kfix$1663                    lab4kfix
[...]
C:   00000FB5  A$lab4kfix$4337                    lab4kfix
C:   00000FB6  A$lab4kfix$4338                    lab4kfix
C:   00000FB8  A$lab4kfix$4341                    lab4kfix
C:   00000FB8  C$lab4kfix.c$458$1$175             lab4kfix
C:   00000FBB  A$lab4kfix$4342                    lab4kfix
C:   00000FBE  A$lab4kfix$4345                    lab4kfix
C:   00000FBE  C$lab4kfix.c$460$1$175             lab4kfix
C:   00000FBE  XG$ReadRanger$0$0                  lab4kfix
C:   00000FBF  A$lab4kfix$4358                    lab4kfix
C:   00000FBF  C$lab4kfix.c$462$1$175             lab4kfix
C:   00000FBF  C$lab4kfix.c$464$1$176             lab4kfix
C:   00000FBF  G$ReadCompass$0$0                  lab4kfix
C:   00000FBF  _ReadCompass                       lab4kfix
C:   00000FC2  A$lab4kfix$4359                    lab4kfix
C:   00000FC5  A$lab4kfix$4360                    lab4kfix
C:   00000FC8  A$lab4kfix$4361                    lab4kfix
ASxxxx Linker V03.00 + NoICE + sdld,  page 78.
Hexadecimal  [32-Bits]

Area                                    Addr        Size        Decimal Bytes (Attributes)
--------------------------------        ----        ----        ------- ----- ------------
CSEG                                000000D4    00001ADD =        6877. bytes (REL,CON,CODE)

      Value  Global                              Global Defined In Module
      -----  --------------------------------   ------------------------
C:   00000FCB  A$lab4kfix$4362                    lab4kfix
C:   00000FCE  A$lab4kfix$4363                    lab4kfix
C:   00000FD1  A$lab4kfix$4364                    lab4kfix
C:   00000FD4  A$lab4kfix$4367                    lab4kfix
C:   00000FD4  C$lab4kfix.c$465$1$176             lab4kfix
C:   00000FD6  A$lab4kfix$4368                    lab4kfix
C:   00000FD8  A$lab4kfix$4369                    lab4kfix
C:   00000FDA  A$lab4kfix$4370                    lab4kfix
C:   00000FDC  A$lab4kfix$4371                    lab4kfix
C:   00000FDD  A$lab4kfix$4372                    lab4kfix
C:   00000FDE  A$lab4kfix$4373                    lab4kfix
C:   00000FE0  A$lab4kfix$4374                    lab4kfix
C:   00000FE1  A$lab4kfix$4375                    lab4kfix
C:   00000FE2  A$lab4kfix$4376                    lab4kfix
C:   00000FE4  A$lab4kfix$4379                    lab4kfix
C:   00000FE4  C$lab4kfix.c$466$1$176             lab4kfix
C:   00000FE7  A$lab4kfix$4380                    lab4kfix
C:   00000FEA  A$lab4kfix$4383                    lab4kfix
C:   00000FEA  C$lab4kfix.c$467$1$176             lab4kfix
C:   00000FEA  XG$ReadCompass$0$0                 lab4kfix
C:   00000FEB  A$lab4kfix$4396                    lab4kfix
C:   00000FEB  C$lab4kfix.c$469$1$176             lab4kfix
C:   00000FEB  G$read_ADC_value$0$0               lab4kfix
C:   00000FEB  _read_ADC_value                    lab4kfix
C:   00000FEE  A$lab4kfix$4399                    lab4kfix
C:   00000FEE  C$lab4kfix.c$472$1$178             lab4kfix
C:   00000FF1  A$lab4kfix$4402                    lab4kfix
C:   00000FF1  C$lab4kfix.c$473$1$178             lab4kfix
C:   00000FF4  A$lab4kfix$4406                    lab4kfix
C:   00000FF4  C$lab4kfix.c$474$1$178             lab4kfix
C:   00000FF6  A$lab4kfix$4407                    lab4kfix
C:   00000FF9  A$lab4kfix$4410                    lab4kfix
C:   00000FF9  C$lab4kfix.c$475$1$178             lab4kfix
C:   00000FFC  A$lab4kfix$4413                    lab4kfix
C:   00000FFC  C$lab4kfix.c$476$1$178             lab4kfix
C:   00000FFC  XG$read_ADC_value$0$0              lab4kfix
C:   00000FFD  A$lab4kfix$4428                    lab4kfix
C:   00000FFD  C$lab4kfix.c$478$1$178             lab4kfix
C:   00000FFD  C$lab4kfix.c$479$1$180             lab4kfix
C:   00000FFD  G$read_battery_voltage$0$0         lab4kfix
C:   00000FFD  _read_battery_voltage              lab4kfix
C:   00001000  A$lab4kfix$4429                    lab4kfix
C:   00001002  A$lab4kfix$4430                    lab4kfix
C:   00001004  A$lab4kfix$4431                    lab4kfix
C:   00001006  A$lab4kfix$4432                    lab4kfix
C:   00001007  A$lab4kfix$4433                    lab4kfix
C:   00001009  A$lab4kfix$4434                    lab4kfix
C:   0000100B  A$lab4kfix$4435                    lab4kfix
C:   0000100D  A$lab4kfix$4436                    lab4kfix
C:   0000100F  A$lab4kfix$4437                    lab4kfix
C:   00001012  A$lab4kfix$4438                    lab4kfix
ASxxxx Linker V03.00 + NoICE + sdld,  page 79.
Hexadecimal  [32-Bits]

Area                                    Addr        Size        Decimal Bytes (Attributes)
--------------------------------        ----        ----        ------- ----- ------------
CSEG                                000000D4    00001ADD =        6877. bytes (REL,CON,CODE)

      Value  Global                              Global Defined In Module
      -----  --------------------------------   ------------------------
C:   00001015  A$lab4kfix$4439                    lab4kfix
C:   00001017  A$lab4kfix$4440                    lab4kfix
C:   0000101A  A$lab4kfix$4441                    lab4kfix
C:   0000101C  A$lab4kfix$4442                    lab4kfix
C:   0000101E  A$lab4kfix$4443                    lab4kfix
C:   00001020  A$lab4kfix$4444                    lab4kfix
C:   00001021  A$lab4kfix$4445                    lab4kfix
C:   00001023  A$lab4kfix$4446                    lab4kfix
C:   00001025  A$lab4kfix$4447                    lab4kfix
C:   00001027  A$lab4kfix$4448                    lab4kfix
C:   00001028  A$lab4kfix$4449                    lab4kfix
C:   0000102A  A$lab4kfix$4450                    lab4kfix
C:   0000102C  A$lab4kfix$4451                    lab4kfix
C:   0000102E  A$lab4kfix$4452                    lab4kfix
C:   00001030  A$lab4kfix$4453                    lab4kfix
C:   00001032  A$lab4kfix$4454                    lab4kfix
C:   00001034  A$lab4kfix$4455                    lab4kfix
C:   00001036  A$lab4kfix$4456                    lab4kfix
C:   00001038  A$lab4kfix$4457                    lab4kfix
C:   0000103A  A$lab4kfix$4458                    lab4kfix
C:   0000103B  A$lab4kfix$4459                    lab4kfix
C:   0000103E  A$lab4kfix$4460                    lab4kfix
C:   00001040  A$lab4kfix$4461                    lab4kfix
C:   00001042  A$lab4kfix$4462                    lab4kfix
C:   00001044  A$lab4kfix$4463                    lab4kfix
C:   00001045  A$lab4kfix$4464                    lab4kfix
C:   00001047  A$lab4kfix$4465                    lab4kfix
C:   00001049  A$lab4kfix$4466                    lab4kfix
C:   0000104B  A$lab4kfix$4467                    lab4kfix
C:   0000104D  A$lab4kfix$4468                    lab4kfix
C:   0000104F  A$lab4kfix$4469                    lab4kfix
C:   00001051  A$lab4kfix$4470                    lab4kfix
C:   00001053  A$lab4kfix$4471                    lab4kfix
C:   00001056  A$lab4kfix$4472                    lab4kfix
C:   00001059  A$lab4kfix$4473                    lab4kfix
C:   0000105B  A$lab4kfix$4474                    lab4kfix
C:   0000105E  A$lab4kfix$4475                    lab4kfix
C:   00001060  A$lab4kfix$4476                    lab4kfix
C:   00001062  A$lab4kfix$4477                    lab4kfix
C:   00001064  A$lab4kfix$4478                    lab4kfix
C:   00001065  A$lab4kfix$4479                    lab4kfix
C:   00001067  A$lab4kfix$4480                    lab4kfix
C:   00001069  A$lab4kfix$4481                    lab4kfix
C:   0000106B  A$lab4kfix$4482                    lab4kfix
C:   0000106C  A$lab4kfix$4483                    lab4kfix
C:   0000106E  A$lab4kfix$4484                    lab4kfix
C:   00001070  A$lab4kfix$4485                    lab4kfix
C:   00001072  A$lab4kfix$4486                    lab4kfix
C:   00001074  A$lab4kfix$4487                    lab4kfix
C:   00001076  A$lab4kfix$4488                    lab4kfix
C:   00001078  A$lab4kfix$4489                    lab4kfix
ASxxxx Linker V03.00 + NoICE + sdld,  page 80.
Hexadecimal  [32-Bits]

Area                                    Addr        Size        Decimal Bytes (Attributes)
--------------------------------        ----        ----        ------- ----- ------------
CSEG                                000000D4    00001ADD =        6877. bytes (REL,CON,CODE)

      Value  Global                              Global Defined In Module
      -----  --------------------------------   ------------------------
C:   0000107A  A$lab4kfix$4490                    lab4kfix
C:   0000107C  A$lab4kfix$4491                    lab4kfix
C:   0000107E  A$lab4kfix$4492                    lab4kfix
C:   0000107F  A$lab4kfix$4493                    lab4kfix
C:   00001082  A$lab4kfix$4494                    lab4kfix
C:   00001084  A$lab4kfix$4495                    lab4kfix
C:   00001086  A$lab4kfix$4496                    lab4kfix
C:   00001088  A$lab4kfix$4497                    lab4kfix
C:   00001089  A$lab4kfix$4498                    lab4kfix
C:   0000108B  A$lab4kfix$4499                    lab4kfix
C:   0000108D  A$lab4kfix$4500                    lab4kfix
C:   0000108F  A$lab4kfix$4501                    lab4kfix
C:   00001091  A$lab4kfix$4502                    lab4kfix
C:   00001093  A$lab4kfix$4503                    lab4kfix
C:   00001095  A$lab4kfix$4504                    lab4kfix
C:   00001097  A$lab4kfix$4505                    lab4kfix
C:   0000109A  A$lab4kfix$4506                    lab4kfix
C:   0000109D  A$lab4kfix$4507                    lab4kfix
C:   0000109F  A$lab4kfix$4508                    lab4kfix
C:   000010A2  A$lab4kfix$4509                    lab4kfix
C:   000010A4  A$lab4kfix$4510                    lab4kfix
C:   000010A6  A$lab4kfix$4511                    lab4kfix
C:   000010A8  A$lab4kfix$4512                    lab4kfix
C:   000010A9  A$lab4kfix$4513                    lab4kfix
C:   000010AB  A$lab4kfix$4514                    lab4kfix
C:   000010AD  A$lab4kfix$4515                    lab4kfix
C:   000010AF  A$lab4kfix$4516                    lab4kfix
C:   000010B1  A$lab4kfix$4517                    lab4kfix
C:   000010B3  A$lab4kfix$4518                    lab4kfix
C:   000010B5  A$lab4kfix$4519                    lab4kfix
C:   000010B6  A$lab4kfix$4520                    lab4kfix
C:   000010B9  A$lab4kfix$4523                    lab4kfix
C:   000010B9  C$lab4kfix.c$480$1$180             lab4kfix
C:   000010BC  A$lab4kfix$4524                    lab4kfix
C:   000010BF  A$lab4kfix$4527                    lab4kfix
C:   000010BF  C$lab4kfix.c$481$1$180             lab4kfix
C:   000010BF  XG$read_battery_voltage$0$0        lab4kfix
C:   000010C0  ___fssub                           _fssub
C:   000010CB  ___fsmul                           _fsmul
C:   0000116E  fsgetargs                          _fsget2args
C:   0000119C  fs_normalize_a                     _fsnormalize
C:   000011CF  __gptrput                          _gptrput
C:   000011EA  __mulint                           _mulint
C:   000011EA  __mulint_dummy                     _mulint
C:   00001277  _vsprintf                          sprintf
C:   000012B4  _sprintf                           sprintf
C:   00001302  ___fsadd                           _fsadd
C:   00001305  fsadd_direct_entry                 _fsadd
C:   0000135B  ___sint2fs                         _sint2fs
C:   00001368  ___uint2fs                         _uint2fs
C:   00001374  ___fs2uint                         _fs2uint
ASxxxx Linker V03.00 + NoICE + sdld,  page 81.
Hexadecimal  [32-Bits]

Area                                    Addr        Size        Decimal Bytes (Attributes)
--------------------------------        ----        ----        ------- ----- ------------
CSEG                                000000D4    00001ADD =        6877. bytes (REL,CON,CODE)

      Value  Global                              Global Defined In Module
      -----  --------------------------------   ------------------------
C:   0000137F  fs_round_and_return                _fsreturnval
C:   00001397  fs_zerocheck_return                _fsreturnval
C:   000013A0  fs_return_zero                     _fsreturnval
C:   000013A8  fs_direct_return                   _fsreturnval
C:   000013B6  fs_return_inf                      _fsreturnval
C:   000013C3  fs_return_nan                      _fsreturnval
C:   000013D9  _vprintf                           vprintf
C:   000013F2  _printf                            vprintf
C:   000014C9  __print_format                     printf_large
C:   000019D5  fs_swap_a_b                        _fsswapargs
C:   000019EF  _strlen                            _strlen
C:   00001A07  ___fsdiv                           _fsdiv
C:   00001ACA  __gptrget                          _gptrget
C:   00001AE6  ___uchar2fs                        _uchar2fs
C:   00001AF1  ___slong2fs                        _slong2fs
C:   00001AFA  slong2fs_doit                      _slong2fs
C:   00001B1E  ___ulong2fs                        _ulong2fs
C:   00001B27  ulong2fs_doit                      _ulong2fs
C:   00001B31  fs_rshift_a                        _fsrshift
C:   00001B74  __sdcc_external_startup            _startup
C:   00001B78  ___fs2ulong                        _fs2ulong
C:   00001B7A  fs2ulong_begin                     _fs2ulong
C:   00001B9F  fsgetarg                           _fsget1arg

ASxxxx Linker V03.00 + NoICE + sdld,  page 82.
Hexadecimal  [32-Bits]

Area                                    Addr        Size        Decimal Bytes (Attributes)
--------------------------------        ----        ----        ------- ----- ------------
CONST                               00001BB1    000001D4 =         468. bytes (REL,CON,CODE)

      Value  Global                              Global Defined In Module
      -----  --------------------------------   ------------------------
C:   00001BB1  Flab4kfix$__str_0$0$0              lab4kfix
C:   00001BC7  Flab4kfix$__str_1$0$0              lab4kfix
C:   00001BD7  Flab4kfix$__str_2$0$0              lab4kfix
C:   00001BDA  Flab4kfix$__str_3$0$0              lab4kfix
C:   00001C04  Flab4kfix$__str_4$0$0              lab4kfix
C:   00001C29  Flab4kfix$__str_5$0$0              lab4kfix
C:   00001C4B  Flab4kfix$__str_6$0$0              lab4kfix
C:   00001C66  Flab4kfix$__str_7$0$0              lab4kfix
C:   00001C96  Flab4kfix$__str_8$0$0              lab4kfix
C:   00001CA8  Flab4kfix$__str_9$0$0              lab4kfix
C:   00001CBD  Flab4kfix$__str_10$0$0             lab4kfix
C:   00001CD8  Flab4kfix$__str_11$0$0             lab4kfix
C:   00001CE3  Flab4kfix$__str_12$0$0             lab4kfix
C:   00001CF1  Flab4kfix$__str_13$0$0             lab4kfix
C:   00001D01  Flab4kfix$__str_14$0$0             lab4kfix
C:   00001D1B  Flab4kfix$__str_15$0$0             lab4kfix
C:   00001D2A  Flab4kfix$__str_16$0$0             lab4kfix
C:   00001D37  Flab4kfix$__str_17$0$0             lab4kfix
C:   00001D44  Flab4kfix$__str_18$0$0             lab4kfix
C:   00001D4D  Flab4kfix$__str_19$0$0             lab4kfix
C:   00001D63  Flab4kfix$__str_20$0$0             lab4kfix
ASxxxx Linker V03.00 + NoICE + sdld,  page 83.
Hexadecimal  [32-Bits]

Area                                    Addr        Size        Decimal Bytes (Attributes)
--------------------------------        ----        ----        ------- ----- ------------
XINIT                               00001D85    0000000C =          12. bytes (REL,CON,CODE)

      Value  Global                              Global Defined In Module
      -----  --------------------------------   ------------------------
C:   00001D85  Flab4kfix$__xinit_sPW_CENTER$0$0   lab4kfix
C:   00001D87  Flab4kfix$__xinit_sPW_MIN$0$0      lab4kfix
C:   00001D89  Flab4kfix$__xinit_sPW_MAX$0$0      lab4kfix
C:   00001D8B  Flab4kfix$__xinit_mPW_CENTER$0$0   lab4kfix
C:   00001D8D  Flab4kfix$__xinit_mPW_MIN$0$0      lab4kfix
C:   00001D8F  Flab4kfix$__xinit_mPW_MAX$0$0      lab4kfix
ASxxxx Linker V03.00 + NoICE + sdld,  page 84.

Files Linked                              [ module(s) ]

C:\Users\Tim\Downloads\lab4kfix.rel       [  ]


Libraries Linked                          [ object file ]

C:\Program Files\SDCC\bin\..\lib\small/libfloat.lib
                                          [ _fssub.rel ]
C:\Program Files\SDCC\bin\..\lib\small/libfloat.lib
                                          [ _fsmul.rel ]
C:\Program Files\SDCC\bin\..\lib\small/libfloat.lib
                                          [ _fsget2args.rel ]
C:\Program Files\SDCC\bin\..\lib\small/mcs51.lib
                                          [ crtclear.rel ]
C:\Program Files\SDCC\bin\..\lib\small/libfloat.lib
                                          [ _fsnormalize.rel ]
C:\Program Files\SDCC\bin\..\lib\small/mcs51.lib
                                          [ crtxinit.rel ]
C:\Program Files\SDCC\bin\..\lib\small/libsdcc.lib
                                          [ _gptrput.rel ]
C:\Program Files\SDCC\bin\..\lib\small/libint.lib
                                          [ _mulint.rel ]
C:\Program Files\SDCC\bin\..\lib\small/libsdcc.lib
                                          [ sprintf.rel ]
C:\Program Files\SDCC\bin\..\lib\small/mcs51.lib
                                          [ crtxclear.rel ]
C:\Program Files\SDCC\bin\..\lib\small/libfloat.lib
                                          [ _fsadd.rel ]
C:\Program Files\SDCC\bin\..\lib\small/libfloat.lib
                                          [ _sint2fs.rel ]
C:\Program Files\SDCC\bin\..\lib\small/libfloat.lib
                                          [ _uint2fs.rel ]
C:\Program Files\SDCC\bin\..\lib\small/libfloat.lib
                                          [ _fs2uint.rel ]
C:\Program Files\SDCC\bin\..\lib\small/libfloat.lib
                                          [ _fsreturnval.rel ]
C:\Program Files\SDCC\bin\..\lib\small/libsdcc.lib
                                          [ _bp.rel ]
C:\Program Files\SDCC\bin\..\lib\small/libsdcc.lib
                                          [ vprintf.rel ]
C:\Program Files\SDCC\bin\..\lib\small/libsdcc.lib
                                          [ printf_large.rel ]
C:\Program Files\SDCC\bin\..\lib\small/libfloat.lib
                                          [ _fsswapargs.rel ]
C:\Program Files\SDCC\bin\..\lib\small/libsdcc.lib
                                          [ _strlen.rel ]
C:\Program Files\SDCC\bin\..\lib\small/libfloat.lib
                                          [ _fsdiv.rel ]
C:\Program Files\SDCC\bin\..\lib\small/mcs51.lib
                                          [ crtstart.rel ]
C:\Program Files\SDCC\bin\..\lib\small/libsdcc.lib
                                          [ _gptrget.rel ]
C:\Program Files\SDCC\bin\..\lib\small/libfloat.lib
                                          [ _uchar2fs.rel ]
C:\Program Files\SDCC\bin\..\lib\small/libfloat.lib
                                          [ _slong2fs.rel ]
C:\Program Files\SDCC\bin\..\lib\small/libfloat.lib
                                          [ _ulong2fs.rel ]
C:\Program Files\SDCC\bin\..\lib\small/libfloat.lib
                                          [ _fsrshift.rel ]
C:\Program Files\SDCC\bin\..\lib\small/libsdcc.lib
                                          [ _startup.rel ]
C:\Program Files\SDCC\bin\..\lib\small/libfloat.lib
                                          [ _fs2ulong.rel ]
C:\Program Files\SDCC\bin\..\lib\small/libfloat.lib
                                          [ _fsget1arg.rel ]

ASxxxx Linker V03.00 + NoICE + sdld,  page 85.

User Base Address Definitions

HOME = 0x0000
XSEG = 0x0001
PSEG = 0x0001
ISEG = 0x0000
BSEG = 0x0000

