ASxxxx Linker V03.00 + NoICE + sdld,  page 1.
Hexadecimal  [32-Bits]

Area                                    Addr        Size        Decimal Bytes (Attributes)
--------------------------------        ----        ----        ------- ----- ------------
CABS                                00000000    00000000 =           0. bytes (ABS,CON,CODE)

      Value  Global                              Global Defined In Module
      -----  --------------------------------   ------------------------
C:   00000000  l_BIT_BANK                      
C:   00000000  l_CABS                          
C:   00000000  l_GSINIT                        
C:   00000000  l_GSINIT1                       
C:   00000000  l_GSINIT5                       
C:   00000000  l_IABS                          
C:   00000000  l_PSEG                          
C:   00000000  l_REG_BANK_1                    
C:   00000000  l_REG_BANK_2                    
C:   00000000  l_REG_BANK_3                    
C:   00000000  l_RSEG                          
C:   00000000  l_RSEG0                         
C:   00000000  l_RSEG1                         
C:   00000000  l_XABS                          
C:   00000000  l_XINIT                         
C:   00000000  l_XISEG                         
C:   00000000  l_XSEG                          
C:   00000000  l__CODE                         
C:   00000000  s_BSEG                          
C:   00000000  s_CABS                          
C:   00000000  s_DSEG                          
C:   00000000  s_HOME                          
C:   00000000  s_IABS                          
C:   00000000  s_REG_BANK_0                    
C:   00000000  s_RSEG                          
C:   00000000  s_RSEG0                         
C:   00000000  s_RSEG1                         
C:   00000000  s_XABS                          
C:   00000001  s_PSEG                          
C:   00000001  s_XISEG                         
C:   00000001  s_XSEG                          
C:   00000002  l_BSEG_BYTES                    
C:   00000003  l_GSFINAL                       
C:   00000003  l_GSINIT0                       
C:   00000006  l_HOME                          
C:   00000006  l_ISEG                          
C:   00000006  l_OSEG                          
C:   00000006  s_GSINIT0                       
C:   00000008  l_REG_BANK_0                    
C:   00000008  s_REG_BANK_1                    
C:   00000009  s_GSINIT1                       
C:   00000009  s_GSINIT2                       
C:   0000000A  l_BSEG                          
C:   0000000A  l_GSINIT2                       
C:   0000000E  s_OSEG                          
C:   00000010  s_REG_BANK_2                    
C:   00000013  s_GSINIT3                       
C:   00000014  s_ISEG                          
C:   00000018  s_BIT_BANK                      
C:   00000018  s_REG_BANK_3                    
ASxxxx Linker V03.00 + NoICE + sdld,  page 2.
Hexadecimal  [32-Bits]

Area                                    Addr        Size        Decimal Bytes (Attributes)
--------------------------------        ----        ----        ------- ----- ------------
CABS                                00000000    00000000 =           0. bytes (ABS,CON,CODE)

      Value  Global                              Global Defined In Module
      -----  --------------------------------   ------------------------
C:   00000020  s_BSEG_BYTES                    
C:   00000020  s__CODE                         
C:   00000022  l_GSINIT3                       
C:   0000002A  l_GSINIT4                       
C:   00000035  s_GSINIT4                       
C:   0000003C  s_SSEG                          
C:   00000054  l_CONST                         
C:   0000005F  s_GSFINAL                       
C:   0000005F  s_GSINIT                        
C:   0000005F  s_GSINIT5                       
C:   00000062  s_CSEG                          
C:   0000007A  l_DSEG                          
C:   000000C4  l_SSEG                          
C:   00000100  l_IRAM                          
C:   00000A99  l_CSEG                          
C:   00000AFB  s_CONST                         
C:   00000B4F  s_XINIT                         

ASxxxx Linker V03.00 + NoICE + sdld,  page 3.
Hexadecimal  [32-Bits]

Area                                    Addr        Size        Decimal Bytes (Attributes)
--------------------------------        ----        ----        ------- ----- ------------
.  .ABS.                            00000000    00000000 =           0. bytes (ABS,CON)

      Value  Global                              Global Defined In Module
      -----  --------------------------------   ------------------------
     00000000  .__.ABS.                           _fsget1arg
     00000080  G$P0$0$0                           hw7
     00000080  G$P0_0$0$0                         hw7
     00000080  _P0                                hw7
     00000080  _P0_0                              hw7
     00000081  G$P0_1$0$0                         hw7
     00000081  G$SP$0$0                           hw7
     00000081  _P0_1                              hw7
     00000081  _SP                                hw7
     00000082  G$DPL$0$0                          hw7
     00000082  G$P0_2$0$0                         hw7
     00000082  _DPL                               hw7
     00000082  _P0_2                              hw7
     00000083  G$DPH$0$0                          hw7
     00000083  G$P0_3$0$0                         hw7
     00000083  _DPH                               hw7
     00000083  _P0_3                              hw7
     00000084  G$P0_4$0$0                         hw7
     00000084  G$P4$0$0                           hw7
     00000084  _P0_4                              hw7
     00000084  _P4                                hw7
     00000085  G$P0_5$0$0                         hw7
     00000085  G$P5$0$0                           hw7
     00000085  _P0_5                              hw7
     00000085  _P5                                hw7
     00000086  G$P0_6$0$0                         hw7
     00000086  G$P6$0$0                           hw7
     00000086  _P0_6                              hw7
     00000086  _P6                                hw7
     00000087  G$P0_7$0$0                         hw7
     00000087  G$PCON$0$0                         hw7
     00000087  _P0_7                              hw7
     00000087  _PCON                              hw7
     00000088  G$IT0$0$0                          hw7
     00000088  G$TCON$0$0                         hw7
     00000088  _IT0                               hw7
     00000088  _TCON                              hw7
     00000089  G$IE0$0$0                          hw7
     00000089  G$TMOD$0$0                         hw7
     00000089  _IE0                               hw7
     00000089  _TMOD                              hw7
     0000008A  G$IT1$0$0                          hw7
     0000008A  G$TL0$0$0                          hw7
     0000008A  _IT1                               hw7
     0000008A  _TL0                               hw7
     0000008B  G$IE1$0$0                          hw7
     0000008B  G$TL1$0$0                          hw7
     0000008B  _IE1                               hw7
     0000008B  _TL1                               hw7
     0000008C  G$TH0$0$0                          hw7
ASxxxx Linker V03.00 + NoICE + sdld,  page 4.
Hexadecimal  [32-Bits]

Area                                    Addr        Size        Decimal Bytes (Attributes)
--------------------------------        ----        ----        ------- ----- ------------
.  .ABS.                            00000000    00000000 =           0. bytes (ABS,CON)

      Value  Global                              Global Defined In Module
      -----  --------------------------------   ------------------------
     0000008C  G$TR0$0$0                          hw7
     0000008C  _TH0                               hw7
     0000008C  _TR0                               hw7
     0000008D  G$TF0$0$0                          hw7
     0000008D  G$TH1$0$0                          hw7
     0000008D  _TF0                               hw7
     0000008D  _TH1                               hw7
     0000008E  G$CKCON$0$0                        hw7
     0000008E  G$TR1$0$0                          hw7
     0000008E  _CKCON                             hw7
     0000008E  _TR1                               hw7
     0000008F  G$PSCTL$0$0                        hw7
     0000008F  G$TF1$0$0                          hw7
     0000008F  _PSCTL                             hw7
     0000008F  _TF1                               hw7
     00000090  G$P1$0$0                           hw7
     00000090  G$P1_0$0$0                         hw7
     00000090  _P1                                hw7
     00000090  _P1_0                              hw7
     00000091  G$P1_1$0$0                         hw7
     00000091  G$TMR3CN$0$0                       hw7
     00000091  _P1_1                              hw7
     00000091  _TMR3CN                            hw7
     00000092  G$P1_2$0$0                         hw7
     00000092  G$TMR3RLL$0$0                      hw7
     00000092  _P1_2                              hw7
     00000092  _TMR3RLL                           hw7
     00000093  G$P1_3$0$0                         hw7
     00000093  G$TMR3RLH$0$0                      hw7
     00000093  _P1_3                              hw7
     00000093  _TMR3RLH                           hw7
     00000094  G$P1_4$0$0                         hw7
     00000094  G$TMR3L$0$0                        hw7
     00000094  _P1_4                              hw7
     00000094  _TMR3L                             hw7
     00000095  G$P1_5$0$0                         hw7
     00000095  G$TMR3H$0$0                        hw7
     00000095  _P1_5                              hw7
     00000095  _TMR3H                             hw7
     00000096  G$P1_6$0$0                         hw7
     00000096  G$P7$0$0                           hw7
     00000096  _P1_6                              hw7
     00000096  _P7                                hw7
     00000097  G$P1_7$0$0                         hw7
     00000097  _P1_7                              hw7
     00000098  G$RI$0$0                           hw7
     00000098  G$RI0$0$0                          hw7
     00000098  G$SCON$0$0                         hw7
     00000098  G$SCON0$0$0                        hw7
     00000098  _RI                                hw7
     00000098  _RI0                               hw7
ASxxxx Linker V03.00 + NoICE + sdld,  page 5.
Hexadecimal  [32-Bits]

Area                                    Addr        Size        Decimal Bytes (Attributes)
--------------------------------        ----        ----        ------- ----- ------------
.  .ABS.                            00000000    00000000 =           0. bytes (ABS,CON)

      Value  Global                              Global Defined In Module
      -----  --------------------------------   ------------------------
     00000098  _SCON                              hw7
     00000098  _SCON0                             hw7
     00000099  G$SBUF$0$0                         hw7
     00000099  G$SBUF0$0$0                        hw7
     00000099  G$TI$0$0                           hw7
     00000099  G$TI0$0$0                          hw7
     00000099  _SBUF                              hw7
     00000099  _SBUF0                             hw7
     00000099  _TI                                hw7
     00000099  _TI0                               hw7
     0000009A  G$RB8$0$0                          hw7
     0000009A  G$RB80$0$0                         hw7
     0000009A  G$SPI0CFG$0$0                      hw7
     0000009A  _RB8                               hw7
     0000009A  _RB80                              hw7
     0000009A  _SPI0CFG                           hw7
     0000009B  G$SPI0DAT$0$0                      hw7
     0000009B  G$TB8$0$0                          hw7
     0000009B  G$TB80$0$0                         hw7
     0000009B  _SPI0DAT                           hw7
     0000009B  _TB8                               hw7
     0000009B  _TB80                              hw7
     0000009C  G$ADC1$0$0                         hw7
     0000009C  G$REN$0$0                          hw7
     0000009C  G$REN0$0$0                         hw7
     0000009C  _ADC1                              hw7
     0000009C  _REN                               hw7
     0000009C  _REN0                              hw7
     0000009D  G$MCE0$0$0                         hw7
     0000009D  G$SM2$0$0                          hw7
     0000009D  G$SM20$0$0                         hw7
     0000009D  G$SPI0CKR$0$0                      hw7
     0000009D  _MCE0                              hw7
     0000009D  _SM2                               hw7
     0000009D  _SM20                              hw7
     0000009D  _SPI0CKR                           hw7
     0000009E  G$CPT0CN$0$0                       hw7
     0000009E  G$SM1$0$0                          hw7
     0000009E  G$SM10$0$0                         hw7
     0000009E  _CPT0CN                            hw7
     0000009E  _SM1                               hw7
     0000009E  _SM10                              hw7
     0000009F  G$CPT1CN$0$0                       hw7
     0000009F  G$S0MODE$0$0                       hw7
     0000009F  G$SM0$0$0                          hw7
     0000009F  G$SM00$0$0                         hw7
     0000009F  _CPT1CN                            hw7
     0000009F  _S0MODE                            hw7
     0000009F  _SM0                               hw7
     0000009F  _SM00                              hw7
     000000A0  G$P2$0$0                           hw7
ASxxxx Linker V03.00 + NoICE + sdld,  page 6.
Hexadecimal  [32-Bits]

Area                                    Addr        Size        Decimal Bytes (Attributes)
--------------------------------        ----        ----        ------- ----- ------------
.  .ABS.                            00000000    00000000 =           0. bytes (ABS,CON)

      Value  Global                              Global Defined In Module
      -----  --------------------------------   ------------------------
     000000A0  G$P2_0$0$0                         hw7
     000000A0  _P2                                hw7
     000000A0  _P2_0                              hw7
     000000A1  G$EMI0TC$0$0                       hw7
     000000A1  G$P2_1$0$0                         hw7
     000000A1  _EMI0TC                            hw7
     000000A1  _P2_1                              hw7
     000000A2  G$P2_2$0$0                         hw7
     000000A2  _P2_2                              hw7
     000000A3  G$EMI0CF$0$0                       hw7
     000000A3  G$P2_3$0$0                         hw7
     000000A3  _EMI0CF                            hw7
     000000A3  _P2_3                              hw7
     000000A4  G$P0MDOUT$0$0                      hw7
     000000A4  G$P2_4$0$0                         hw7
     000000A4  G$PRT0CF$0$0                       hw7
     000000A4  _P0MDOUT                           hw7
     000000A4  _P2_4                              hw7
     000000A4  _PRT0CF                            hw7
     000000A5  G$P1MDOUT$0$0                      hw7
     000000A5  G$P2_5$0$0                         hw7
     000000A5  G$PRT1CF$0$0                       hw7
     000000A5  _P1MDOUT                           hw7
     000000A5  _P2_5                              hw7
     000000A5  _PRT1CF                            hw7
     000000A6  G$P2MDOUT$0$0                      hw7
     000000A6  G$P2_6$0$0                         hw7
     000000A6  G$PRT2CF$0$0                       hw7
     000000A6  _P2MDOUT                           hw7
     000000A6  _P2_6                              hw7
     000000A6  _PRT2CF                            hw7
     000000A7  G$P2_7$0$0                         hw7
     000000A7  G$P3MDOUT$0$0                      hw7
     000000A7  G$PRT3CF$0$0                       hw7
     000000A7  _P2_7                              hw7
     000000A7  _P3MDOUT                           hw7
     000000A7  _PRT3CF                            hw7
     000000A8  G$EX0$0$0                          hw7
     000000A8  G$IE$0$0                           hw7
     000000A8  _EX0                               hw7
     000000A8  _IE                                hw7
     000000A9  G$ET0$0$0                          hw7
     000000A9  G$SADDR0$0$0                       hw7
     000000A9  _ET0                               hw7
     000000A9  _SADDR0                            hw7
     000000AA  G$ADC1CN$0$0                       hw7
     000000AA  G$EX1$0$0                          hw7
     000000AA  _ADC1CN                            hw7
     000000AA  _EX1                               hw7
     000000AB  G$ADC1CF$0$0                       hw7
     000000AB  G$ET1$0$0                          hw7
ASxxxx Linker V03.00 + NoICE + sdld,  page 7.
Hexadecimal  [32-Bits]

Area                                    Addr        Size        Decimal Bytes (Attributes)
--------------------------------        ----        ----        ------- ----- ------------
.  .ABS.                            00000000    00000000 =           0. bytes (ABS,CON)

      Value  Global                              Global Defined In Module
      -----  --------------------------------   ------------------------
     000000AB  _ADC1CF                            hw7
     000000AB  _ET1                               hw7
     000000AC  G$AMX1SL$0$0                       hw7
     000000AC  G$ES$0$0                           hw7
     000000AC  G$ES0$0$0                          hw7
     000000AC  _AMX1SL                            hw7
     000000AC  _ES                                hw7
     000000AC  _ES0                               hw7
     000000AD  G$ET2$0$0                          hw7
     000000AD  G$P3IF$0$0                         hw7
     000000AD  _ET2                               hw7
     000000AD  _P3IF                              hw7
     000000AE  G$SADEN1$0$0                       hw7
     000000AE  _SADEN1                            hw7
     000000AF  G$EA$0$0                           hw7
     000000AF  G$EMI0CN$0$0                       hw7
     000000AF  G$_XPAGE$0$0                       hw7
     000000AF  _EA                                hw7
     000000AF  _EMI0CN                            hw7
     000000AF  __XPAGE                            hw7
     000000B0  G$P3$0$0                           hw7
     000000B0  G$P3_0$0$0                         hw7
     000000B0  _P3                                hw7
     000000B0  _P3_0                              hw7
     000000B1  G$OSCXCN$0$0                       hw7
     000000B1  G$P3_1$0$0                         hw7
     000000B1  _OSCXCN                            hw7
     000000B1  _P3_1                              hw7
     000000B2  G$OSCICN$0$0                       hw7
     000000B2  G$P3_2$0$0                         hw7
     000000B2  _OSCICN                            hw7
     000000B2  _P3_2                              hw7
     000000B3  G$P3_3$0$0                         hw7
     000000B3  _P3_3                              hw7
     000000B4  G$P3_4$0$0                         hw7
     000000B4  _P3_4                              hw7
     000000B5  G$P3_5$0$0                         hw7
     000000B5  G$P74OUT$0$0                       hw7
     000000B5  _P3_5                              hw7
     000000B5  _P74OUT                            hw7
     000000B6  G$FLSCL$0$0                        hw7
     000000B6  G$P3_6$0$0                         hw7
     000000B6  _FLSCL                             hw7
     000000B6  _P3_6                              hw7
     000000B7  G$FLACL$0$0                        hw7
     000000B7  G$P3_7$0$0                         hw7
     000000B7  _FLACL                             hw7
     000000B7  _P3_7                              hw7
     000000B8  G$IP$0$0                           hw7
     000000B8  G$PX0$0$0                          hw7
     000000B8  _IP                                hw7
ASxxxx Linker V03.00 + NoICE + sdld,  page 8.
Hexadecimal  [32-Bits]

Area                                    Addr        Size        Decimal Bytes (Attributes)
--------------------------------        ----        ----        ------- ----- ------------
.  .ABS.                            00000000    00000000 =           0. bytes (ABS,CON)

      Value  Global                              Global Defined In Module
      -----  --------------------------------   ------------------------
     000000B8  _PX0                               hw7
     000000B9  G$PT0$0$0                          hw7
     000000B9  G$SADEN0$0$0                       hw7
     000000B9  _PT0                               hw7
     000000B9  _SADEN0                            hw7
     000000BA  G$AMX0CF$0$0                       hw7
     000000BA  G$PX1$0$0                          hw7
     000000BA  _AMX0CF                            hw7
     000000BA  _PX1                               hw7
     000000BB  G$AMX0SL$0$0                       hw7
     000000BB  G$PT1$0$0                          hw7
     000000BB  _AMX0SL                            hw7
     000000BB  _PT1                               hw7
     000000BC  G$ADC0CF$0$0                       hw7
     000000BC  G$PS$0$0                           hw7
     000000BC  G$PS0$0$0                          hw7
     000000BC  _ADC0CF                            hw7
     000000BC  _PS                                hw7
     000000BC  _PS0                               hw7
     000000BD  G$P1MDIN$0$0                       hw7
     000000BD  G$PT2$0$0                          hw7
     000000BD  _P1MDIN                            hw7
     000000BD  _PT2                               hw7
     000000BE  G$ADC0L$0$0                        hw7
     000000BE  _ADC0L                             hw7
     000000BF  G$ADC0H$0$0                        hw7
     000000BF  _ADC0H                             hw7
     000000C0  G$SMB0CN$0$0                       hw7
     000000C0  G$SMBTOE$0$0                       hw7
     000000C0  _SMB0CN                            hw7
     000000C0  _SMBTOE                            hw7
     000000C1  G$SMB0STA$0$0                      hw7
     000000C1  G$SMBFTE$0$0                       hw7
     000000C1  _SMB0STA                           hw7
     000000C1  _SMBFTE                            hw7
     000000C2  G$AA$0$0                           hw7
     000000C2  G$SMB0DAT$0$0                      hw7
     000000C2  _AA                                hw7
     000000C2  _SMB0DAT                           hw7
     000000C3  G$SI$0$0                           hw7
     000000C3  G$SMB0ADR$0$0                      hw7
     000000C3  _SI                                hw7
     000000C3  _SMB0ADR                           hw7
     000000C4  G$ADC0GTL$0$0                      hw7
     000000C4  G$STO$0$0                          hw7
     000000C4  _ADC0GTL                           hw7
     000000C4  _STO                               hw7
     000000C5  G$ADC0GTH$0$0                      hw7
     000000C5  G$STA$0$0                          hw7
     000000C5  _ADC0GTH                           hw7
     000000C5  _STA                               hw7
ASxxxx Linker V03.00 + NoICE + sdld,  page 9.
Hexadecimal  [32-Bits]

Area                                    Addr        Size        Decimal Bytes (Attributes)
--------------------------------        ----        ----        ------- ----- ------------
.  .ABS.                            00000000    00000000 =           0. bytes (ABS,CON)

      Value  Global                              Global Defined In Module
      -----  --------------------------------   ------------------------
     000000C6  G$ADC0LTL$0$0                      hw7
     000000C6  G$ENSMB$0$0                        hw7
     000000C6  _ADC0LTL                           hw7
     000000C6  _ENSMB                             hw7
     000000C7  G$ADC0LTH$0$0                      hw7
     000000C7  G$BUSY$0$0                         hw7
     000000C7  _ADC0LTH                           hw7
     000000C7  _BUSY                              hw7
     000000C8  G$CPRL2$0$0                        hw7
     000000C8  G$T2CON$0$0                        hw7
     000000C8  _CPRL2                             hw7
     000000C8  _T2CON                             hw7
     000000C9  G$CT2$0$0                          hw7
     000000C9  G$T4CON$0$0                        hw7
     000000C9  _CT2                               hw7
     000000C9  _T4CON                             hw7
     000000CA  G$RCAP2L$0$0                       hw7
     000000CA  G$TR2$0$0                          hw7
     000000CA  _RCAP2L                            hw7
     000000CA  _TR2                               hw7
     000000CB  G$EXEN2$0$0                        hw7
     000000CB  G$RCAP2H$0$0                       hw7
     000000CB  _EXEN2                             hw7
     000000CB  _RCAP2H                            hw7
     000000CC  G$TCLK$0$0                         hw7
     000000CC  G$TL2$0$0                          hw7
     000000CC  _TCLK                              hw7
     000000CC  _TL2                               hw7
     000000CD  G$RCLK$0$0                         hw7
     000000CD  G$TH2$0$0                          hw7
     000000CD  _RCLK                              hw7
     000000CD  _TH2                               hw7
     000000CE  G$EXF2$0$0                         hw7
     000000CE  _EXF2                              hw7
     000000CF  G$SMB0CR$0$0                       hw7
     000000CF  G$TF2$0$0                          hw7
     000000CF  _SMB0CR                            hw7
     000000CF  _TF2                               hw7
     000000D0  G$P$0$0                            hw7
     000000D0  G$PSW$0$0                          hw7
     000000D0  _P                                 hw7
     000000D0  _PSW                               hw7
     000000D1  G$F1$0$0                           hw7
     000000D1  G$REF0CN$0$0                       hw7
     000000D1  _F1                                hw7
     000000D1  _REF0CN                            hw7
     000000D2  G$DAC0L$0$0                        hw7
     000000D2  G$OV$0$0                           hw7
     000000D2  _DAC0L                             hw7
     000000D2  _OV                                hw7
     000000D3  G$DAC0H$0$0                        hw7
ASxxxx Linker V03.00 + NoICE + sdld,  page 10.
Hexadecimal  [32-Bits]

Area                                    Addr        Size        Decimal Bytes (Attributes)
--------------------------------        ----        ----        ------- ----- ------------
.  .ABS.                            00000000    00000000 =           0. bytes (ABS,CON)

      Value  Global                              Global Defined In Module
      -----  --------------------------------   ------------------------
     000000D3  G$RS0$0$0                          hw7
     000000D3  _DAC0H                             hw7
     000000D3  _RS0                               hw7
     000000D4  G$DAC0CN$0$0                       hw7
     000000D4  G$RS1$0$0                          hw7
     000000D4  _DAC0CN                            hw7
     000000D4  _RS1                               hw7
     000000D5  G$DAC1L$0$0                        hw7
     000000D5  G$F0$0$0                           hw7
     000000D5  _DAC1L                             hw7
     000000D5  _F0                                hw7
     000000D6  G$AC$0$0                           hw7
     000000D6  G$DAC1H$0$0                        hw7
     000000D6  _AC                                hw7
     000000D6  _DAC1H                             hw7
     000000D7  G$CY$0$0                           hw7
     000000D7  G$DAC1CN$0$0                       hw7
     000000D7  _CY                                hw7
     000000D7  _DAC1CN                            hw7
     000000D8  G$CCF0$0$0                         hw7
     000000D8  G$PCA0CN$0$0                       hw7
     000000D8  _CCF0                              hw7
     000000D8  _PCA0CN                            hw7
     000000D9  G$CCF1$0$0                         hw7
     000000D9  G$PCA0MD$0$0                       hw7
     000000D9  _CCF1                              hw7
     000000D9  _PCA0MD                            hw7
     000000DA  G$CCF2$0$0                         hw7
     000000DA  G$PCA0CPM0$0$0                     hw7
     000000DA  _CCF2                              hw7
     000000DA  _PCA0CPM0                          hw7
     000000DB  G$CCF3$0$0                         hw7
     000000DB  G$PCA0CPM1$0$0                     hw7
     000000DB  _CCF3                              hw7
     000000DB  _PCA0CPM1                          hw7
     000000DC  G$CCF4$0$0                         hw7
     000000DC  G$PCA0CPM2$0$0                     hw7
     000000DC  _CCF4                              hw7
     000000DC  _PCA0CPM2                          hw7
     000000DD  G$PCA0CPM3$0$0                     hw7
     000000DD  _PCA0CPM3                          hw7
     000000DE  G$CR$0$0                           hw7
     000000DE  G$PCA0CPM4$0$0                     hw7
     000000DE  _CR                                hw7
     000000DE  _PCA0CPM4                          hw7
     000000DF  G$CF$0$0                           hw7
     000000DF  _CF                                hw7
     000000E0  G$ACC$0$0                          hw7
     000000E0  _ACC                               hw7
     000000E1  G$XBR0$0$0                         hw7
     000000E1  _XBR0                              hw7
ASxxxx Linker V03.00 + NoICE + sdld,  page 11.
Hexadecimal  [32-Bits]

Area                                    Addr        Size        Decimal Bytes (Attributes)
--------------------------------        ----        ----        ------- ----- ------------
.  .ABS.                            00000000    00000000 =           0. bytes (ABS,CON)

      Value  Global                              Global Defined In Module
      -----  --------------------------------   ------------------------
     000000E2  G$XBR1$0$0                         hw7
     000000E2  _XBR1                              hw7
     000000E3  G$XBR2$0$0                         hw7
     000000E3  _XBR2                              hw7
     000000E4  G$RCAP4L$0$0                       hw7
     000000E4  _RCAP4L                            hw7
     000000E5  G$RCAP4H$0$0                       hw7
     000000E5  _RCAP4H                            hw7
     000000E6  G$EIE1$0$0                         hw7
     000000E6  _EIE1                              hw7
     000000E7  G$EIE2$0$0                         hw7
     000000E7  _EIE2                              hw7
     000000E8  G$AD0LJST$0$0                      hw7
     000000E8  G$ADC0CN$0$0                       hw7
     000000E8  G$ADLJST$0$0                       hw7
     000000E8  _AD0LJST                           hw7
     000000E8  _ADC0CN                            hw7
     000000E8  _ADLJST                            hw7
     000000E9  G$AD0WINT$0$0                      hw7
     000000E9  G$ADWINT$0$0                       hw7
     000000E9  G$PCA0L$0$0                        hw7
     000000E9  _AD0WINT                           hw7
     000000E9  _ADWINT                            hw7
     000000E9  _PCA0L                             hw7
     000000EA  G$AD0CM0$0$0                       hw7
     000000EA  G$ADSTM0$0$0                       hw7
     000000EA  G$PCA0CPL0$0$0                     hw7
     000000EA  _AD0CM0                            hw7
     000000EA  _ADSTM0                            hw7
     000000EA  _PCA0CPL0                          hw7
     000000EB  G$AD0CM1$0$0                       hw7
     000000EB  G$ADSTM1$0$0                       hw7
     000000EB  G$PCA0CPL1$0$0                     hw7
     000000EB  _AD0CM1                            hw7
     000000EB  _ADSTM1                            hw7
     000000EB  _PCA0CPL1                          hw7
     000000EC  G$AD0BUSY$0$0                      hw7
     000000EC  G$ADBUSY$0$0                       hw7
     000000EC  G$PCA0CPL2$0$0                     hw7
     000000EC  _AD0BUSY                           hw7
     000000EC  _ADBUSY                            hw7
     000000EC  _PCA0CPL2                          hw7
     000000ED  G$AD0INT$0$0                       hw7
     000000ED  G$ADCINT$0$0                       hw7
     000000ED  G$PCA0CPL3$0$0                     hw7
     000000ED  _AD0INT                            hw7
     000000ED  _ADCINT                            hw7
     000000ED  _PCA0CPL3                          hw7
     000000EE  G$AD0TM$0$0                        hw7
     000000EE  G$ADCTM$0$0                        hw7
     000000EE  G$PCA0CPL4$0$0                     hw7
ASxxxx Linker V03.00 + NoICE + sdld,  page 12.
Hexadecimal  [32-Bits]

Area                                    Addr        Size        Decimal Bytes (Attributes)
--------------------------------        ----        ----        ------- ----- ------------
.  .ABS.                            00000000    00000000 =           0. bytes (ABS,CON)

      Value  Global                              Global Defined In Module
      -----  --------------------------------   ------------------------
     000000EE  _AD0TM                             hw7
     000000EE  _ADCTM                             hw7
     000000EE  _PCA0CPL4                          hw7
     000000EF  G$AD0EN$0$0                        hw7
     000000EF  G$ADCEN$0$0                        hw7
     000000EF  G$RSTSRC$0$0                       hw7
     000000EF  _AD0EN                             hw7
     000000EF  _ADCEN                             hw7
     000000EF  _RSTSRC                            hw7
     000000F0  G$B$0$0                            hw7
     000000F0  _B                                 hw7
     000000F1  G$SCON1$0$0                        hw7
     000000F1  _SCON1                             hw7
     000000F2  G$SBUF1$0$0                        hw7
     000000F2  _SBUF1                             hw7
     000000F3  G$SADDR1$0$0                       hw7
     000000F3  _SADDR1                            hw7
     000000F4  G$TL4$0$0                          hw7
     000000F4  _TL4                               hw7
     000000F5  G$TH4$0$0                          hw7
     000000F5  _B_5                               _gptrget
     000000F5  _TH4                               hw7
     000000F6  G$EIP1$0$0                         hw7
     000000F6  _B_6                               _gptrget
     000000F6  _EIP1                              hw7
     000000F7  G$EIP2$0$0                         hw7
     000000F7  _B_7                               _gptrget
     000000F7  _EIP2                              hw7
     000000F8  G$SPI0CN$0$0                       hw7
     000000F8  G$SPIEN$0$0                        hw7
     000000F8  _SPI0CN                            hw7
     000000F8  _SPIEN                             hw7
     000000F9  G$MSTEN$0$0                        hw7
     000000F9  G$PCA0H$0$0                        hw7
     000000F9  _MSTEN                             hw7
     000000F9  _PCA0H                             hw7
     000000FA  G$PCA0CPH0$0$0                     hw7
     000000FA  G$SLVSEL$0$0                       hw7
     000000FA  _PCA0CPH0                          hw7
     000000FA  _SLVSEL                            hw7
     000000FB  G$PCA0CPH1$0$0                     hw7
     000000FB  G$TXBSY$0$0                        hw7
     000000FB  _PCA0CPH1                          hw7
     000000FB  _TXBSY                             hw7
     000000FC  G$PCA0CPH2$0$0                     hw7
     000000FC  G$RXOVRN$0$0                       hw7
     000000FC  _PCA0CPH2                          hw7
     000000FC  _RXOVRN                            hw7
     000000FD  G$MODF$0$0                         hw7
     000000FD  G$PCA0CPH3$0$0                     hw7
     000000FD  _MODF                              hw7
ASxxxx Linker V03.00 + NoICE + sdld,  page 13.
Hexadecimal  [32-Bits]

Area                                    Addr        Size        Decimal Bytes (Attributes)
--------------------------------        ----        ----        ------- ----- ------------
.  .ABS.                            00000000    00000000 =           0. bytes (ABS,CON)

      Value  Global                              Global Defined In Module
      -----  --------------------------------   ------------------------
     000000FD  _PCA0CPH3                          hw7
     000000FE  G$PCA0CPH4$0$0                     hw7
     000000FE  G$WCOL$0$0                         hw7
     000000FE  _PCA0CPH4                          hw7
     000000FE  _WCOL                              hw7
     000000FF  G$SPIF$0$0                         hw7
     000000FF  G$WDTCN$0$0                        hw7
     000000FF  _SPIF                              hw7
     000000FF  _WDTCN                             hw7
     00008C8A  G$TMR0$0$0                         hw7
     00008C8A  _TMR0                              hw7
     00008D8B  G$TMR1$0$0                         hw7
     00008D8B  _TMR1                              hw7
     00009392  G$TMR3RL$0$0                       hw7
     00009392  _TMR3RL                            hw7
     00009594  G$TMR3$0$0                         hw7
     00009594  _TMR3                              hw7
     0000BFBE  G$ADC0$0$0                         hw7
     0000BFBE  _ADC0                              hw7
     0000C5C4  G$ADC0GT$0$0                       hw7
     0000C5C4  _ADC0GT                            hw7
     0000C7C6  G$ADC0LT$0$0                       hw7
     0000C7C6  _ADC0LT                            hw7
     0000CBCA  G$RCAP2$0$0                        hw7
     0000CBCA  _RCAP2                             hw7
     0000CDCC  G$TMR2$0$0                         hw7
     0000CDCC  _TMR2                              hw7
     0000D3D2  G$DAC0$0$0                         hw7
     0000D3D2  _DAC0                              hw7
     0000D6D5  G$DAC1$0$0                         hw7
     0000D6D5  _DAC1                              hw7
     0000E5E4  G$RCAP4$0$0                        hw7
     0000E5E4  _RCAP4                             hw7
     0000F5F4  G$TMR4$0$0                         hw7
     0000F5F4  _TMR4                              hw7
     0000F9E9  G$PCA0$0$0                         hw7
     0000F9E9  _PCA0                              hw7
     0000FAEA  G$PCA0CP0$0$0                      hw7
     0000FAEA  _PCA0CP0                           hw7
     0000FBEB  G$PCA0CP1$0$0                      hw7
     0000FBEB  _PCA0CP1                           hw7
     0000FCEC  G$PCA0CP2$0$0                      hw7
     0000FCEC  _PCA0CP2                           hw7
     0000FDED  G$PCA0CP3$0$0                      hw7
     0000FDED  _PCA0CP3                           hw7
     0000FEEE  G$PCA0CP4$0$0                      hw7
     0000FEEE  _PCA0CP4                           hw7

ASxxxx Linker V03.00 + NoICE + sdld,  page 14.
Hexadecimal  [32-Bits]

Area                                    Addr        Size        Decimal Bytes (Attributes)
--------------------------------        ----        ----        ------- ----- ------------
BSEG_BYTES                          00000020    00000002 =           2. bytes (REL,CON)

      Value  Global                              Global Defined In Module
      -----  --------------------------------   ------------------------
ASxxxx Linker V03.00 + NoICE + sdld,  page 15.
Hexadecimal  [32-Bits]

Area                                    Addr        Size        Decimal Bytes (Attributes)
--------------------------------        ----        ----        ------- ----- ------------
REG_BANK_0                          00000000    00000008 =           8. bytes (REL,OVR)

      Value  Global                              Global Defined In Module
      -----  --------------------------------   ------------------------
ASxxxx Linker V03.00 + NoICE + sdld,  page 16.
Hexadecimal  [32-Bits]

Area                                    Addr        Size        Decimal Bytes (Attributes)
--------------------------------        ----        ----        ------- ----- ------------
DSEG                                00000000    0000007A =         122. bytes (REL,CON)

      Value  Global                              Global Defined In Module
      -----  --------------------------------   ------------------------
     00000008  G$AD_value$0$0                     hw7
     00000008  _AD_value                          hw7
     00000009  G$input$0$0                        hw7
     00000009  _input                             hw7
     0000000A  G$millivolts$0$0                   hw7
     0000000A  _millivolts                        hw7
     0000000C  _vprintf_PARM_2                    vprintf
     0000000D  _bp                                _bp
     0000002E  __print_format_PARM_2              printf_large
     00000031  __print_format_PARM_3              printf_large
     00000034  __print_format_PARM_4              printf_large

ASxxxx Linker V03.00 + NoICE + sdld,  page 17.
Hexadecimal  [32-Bits]

Area                                    Addr        Size        Decimal Bytes (Attributes)
--------------------------------        ----        ----        ------- ----- ------------
OSEG                                0000000E    00000006 =           6. bytes (REL,OVR)

      Value  Global                              Global Defined In Module
      -----  --------------------------------   ------------------------
ASxxxx Linker V03.00 + NoICE + sdld,  page 18.
Hexadecimal  [32-Bits]

Area                                    Addr        Size        Decimal Bytes (Attributes)
--------------------------------        ----        ----        ------- ----- ------------
ISEG                                00000014    00000006 =           6. bytes (REL,CON)

      Value  Global                              Global Defined In Module
      -----  --------------------------------   ------------------------
ASxxxx Linker V03.00 + NoICE + sdld,  page 19.
Hexadecimal  [32-Bits]

Area                                    Addr        Size        Decimal Bytes (Attributes)
--------------------------------        ----        ----        ------- ----- ------------
SSEG                                0000003C    000000C4 =         196. bytes (REL,OVR)

      Value  Global                              Global Defined In Module
      -----  --------------------------------   ------------------------
     0000003C  __start__stack                     hw7

ASxxxx Linker V03.00 + NoICE + sdld,  page 20.
Hexadecimal  [32-Bits]

Area                                    Addr        Size        Decimal Bytes (Attributes)
--------------------------------        ----        ----        ------- ----- ------------
HOME                                00000000    00000006 =           6. bytes (REL,CON,CODE)

      Value  Global                              Global Defined In Module
      -----  --------------------------------   ------------------------
C:   00000000  A$hw7$938                          hw7
C:   00000003  A$hw7$960                          hw7
C:   00000003  __sdcc_program_startup             hw7
ASxxxx Linker V03.00 + NoICE + sdld,  page 21.
Hexadecimal  [32-Bits]

Area                                    Addr        Size        Decimal Bytes (Attributes)
--------------------------------        ----        ----        ------- ----- ------------
GSINIT0                             00000006    00000003 =           3. bytes (REL,CON,CODE)

      Value  Global                              Global Defined In Module
      -----  --------------------------------   ------------------------
C:   00000006  __sdcc_gsinit_startup              

ASxxxx Linker V03.00 + NoICE + sdld,  page 22.
Hexadecimal  [32-Bits]

Area                                    Addr        Size        Decimal Bytes (Attributes)
--------------------------------        ----        ----        ------- ----- ------------
GSINIT2                             00000009    0000000A =          10. bytes (REL,CON,CODE)

      Value  Global                              Global Defined In Module
      -----  --------------------------------   ------------------------
ASxxxx Linker V03.00 + NoICE + sdld,  page 23.
Hexadecimal  [32-Bits]

Area                                    Addr        Size        Decimal Bytes (Attributes)
--------------------------------        ----        ----        ------- ----- ------------
GSINIT3                             00000013    00000022 =          34. bytes (REL,CON,CODE)

      Value  Global                              Global Defined In Module
      -----  --------------------------------   ------------------------
C:   00000013  __mcs51_genXINIT                   

ASxxxx Linker V03.00 + NoICE + sdld,  page 24.
Hexadecimal  [32-Bits]

Area                                    Addr        Size        Decimal Bytes (Attributes)
--------------------------------        ----        ----        ------- ----- ------------
GSINIT4                             00000035    0000002A =          42. bytes (REL,CON,CODE)

      Value  Global                              Global Defined In Module
      -----  --------------------------------   ------------------------
C:   00000035  __mcs51_genRAMCLEAR                
C:   0000003B  __mcs51_genXRAMCLEAR               

ASxxxx Linker V03.00 + NoICE + sdld,  page 25.
Hexadecimal  [32-Bits]

Area                                    Addr        Size        Decimal Bytes (Attributes)
--------------------------------        ----        ----        ------- ----- ------------
GSFINAL                             0000005F    00000003 =           3. bytes (REL,CON,CODE)

      Value  Global                              Global Defined In Module
      -----  --------------------------------   ------------------------
C:   0000005F  A$hw7$953                          hw7

ASxxxx Linker V03.00 + NoICE + sdld,  page 26.
Hexadecimal  [32-Bits]

Area                                    Addr        Size        Decimal Bytes (Attributes)
--------------------------------        ----        ----        ------- ----- ------------
CSEG                                00000062    00000A99 =        2713. bytes (REL,CON,CODE)

      Value  Global                              Global Defined In Module
      -----  --------------------------------   ------------------------
C:   00000062  A$hw7$988                          hw7
C:   00000062  C$c8051_SDCC.h$62$0$0              hw7
C:   00000062  C$c8051_SDCC.h$66$1$2              hw7
C:   00000062  G$SYSCLK_Init$0$0                  hw7
C:   00000062  _SYSCLK_Init                       hw7
C:   00000065  A$hw7$991                          hw7
C:   00000065  C$c8051_SDCC.h$69$1$2              hw7
C:   00000067  A$hw7$992                          hw7
C:   00000069  A$hw7$994                          hw7
C:   0000006A  A$hw7$995                          hw7
C:   0000006C  A$hw7$996                          hw7
C:   0000006D  A$hw7$997                          hw7
C:   0000006E  A$hw7$998                          hw7
C:   00000070  A$hw7$999                          hw7
C:   00000071  A$hw7$1000                         hw7
C:   00000073  A$hw7$1001                         hw7
C:   00000075  A$hw7$1002                         hw7
C:   00000076  A$hw7$1003                         hw7
C:   00000077  A$hw7$1004                         hw7
C:   00000079  A$hw7$1008                         hw7
C:   00000079  C$c8051_SDCC.h$71$1$2              hw7
C:   0000007B  A$hw7$1009                         hw7
C:   0000007E  A$hw7$1012                         hw7
C:   0000007E  C$c8051_SDCC.h$73$1$2              hw7
C:   00000081  A$hw7$1015                         hw7
C:   00000081  C$c8051_SDCC.h$76$1$2              hw7
C:   00000081  XG$SYSCLK_Init$0$0                 hw7
C:   00000082  A$hw7$1028                         hw7
C:   00000082  C$c8051_SDCC.h$84$1$2              hw7
C:   00000082  C$c8051_SDCC.h$86$1$4              hw7
C:   00000082  G$UART0_Init$0$0                   hw7
C:   00000082  _UART0_Init                        hw7
C:   00000085  A$hw7$1031                         hw7
C:   00000085  C$c8051_SDCC.h$87$1$4              hw7
C:   00000088  A$hw7$1034                         hw7
C:   00000088  C$c8051_SDCC.h$88$1$4              hw7
C:   0000008B  A$hw7$1037                         hw7
C:   0000008B  C$c8051_SDCC.h$89$1$4              hw7
C:   0000008D  A$hw7$1040                         hw7
C:   0000008D  C$c8051_SDCC.h$90$1$4              hw7
C:   00000090  A$hw7$1043                         hw7
C:   00000090  C$c8051_SDCC.h$91$1$4              hw7
C:   00000093  A$hw7$1046                         hw7
C:   00000093  C$c8051_SDCC.h$93$1$4              hw7
C:   00000095  A$hw7$1049                         hw7
C:   00000095  C$c8051_SDCC.h$94$1$4              hw7
C:   00000098  A$hw7$1052                         hw7
C:   00000098  C$c8051_SDCC.h$95$1$4              hw7
C:   00000098  XG$UART0_Init$0$0                  hw7
C:   00000099  A$hw7$1065                         hw7
ASxxxx Linker V03.00 + NoICE + sdld,  page 27.
Hexadecimal  [32-Bits]

Area                                    Addr        Size        Decimal Bytes (Attributes)
--------------------------------        ----        ----        ------- ----- ------------
CSEG                                00000062    00000A99 =        2713. bytes (REL,CON,CODE)

      Value  Global                              Global Defined In Module
      -----  --------------------------------   ------------------------
C:   00000099  C$c8051_SDCC.h$103$1$4             hw7
C:   00000099  C$c8051_SDCC.h$105$1$6             hw7
C:   00000099  G$Sys_Init$0$0                     hw7
C:   00000099  _Sys_Init                          hw7
C:   0000009C  A$hw7$1068                         hw7
C:   0000009C  C$c8051_SDCC.h$106$1$6             hw7
C:   0000009F  A$hw7$1071                         hw7
C:   0000009F  C$c8051_SDCC.h$108$1$6             hw7
C:   000000A2  A$hw7$1074                         hw7
C:   000000A2  C$c8051_SDCC.h$109$1$6             hw7
C:   000000A5  A$hw7$1077                         hw7
C:   000000A5  C$c8051_SDCC.h$111$1$6             hw7
C:   000000A8  A$hw7$1080                         hw7
C:   000000A8  C$c8051_SDCC.h$112$1$6             hw7
C:   000000AB  A$hw7$1083                         hw7
C:   000000AB  C$c8051_SDCC.h$113$1$6             hw7
C:   000000AB  XG$Sys_Init$0$0                    hw7
C:   000000AC  A$hw7$1096                         hw7
C:   000000AC  C$c8051_SDCC.h$129$1$6             hw7
C:   000000AC  G$putchar$0$0                      hw7
C:   000000AC  _putchar                           hw7
C:   000000AE  A$hw7$1102                         hw7
C:   000000AE  C$c8051_SDCC.h$132$1$8             hw7
C:   000000AE  C$c8051_SDCC.h$133$1$8             hw7
C:   000000B1  A$hw7$1103                         hw7
C:   000000B3  A$hw7$1107                         hw7
C:   000000B3  C$c8051_SDCC.h$134$1$8             hw7
C:   000000B5  A$hw7$1110                         hw7
C:   000000B5  C$c8051_SDCC.h$135$1$8             hw7
C:   000000B5  XG$putchar$0$0                     hw7
C:   000000B6  A$hw7$1128                         hw7
C:   000000B6  C$c8051_SDCC.h$154$1$8             hw7
C:   000000B6  C$c8051_SDCC.h$157$1$10            hw7
C:   000000B6  C$c8051_SDCC.h$158$1$10            hw7
C:   000000B6  G$getchar$0$0                      hw7
C:   000000B6  _getchar                           hw7
C:   000000B9  A$hw7$1129                         hw7
C:   000000BB  A$hw7$1133                         hw7
C:   000000BB  C$c8051_SDCC.h$159$1$10            hw7
C:   000000BD  A$hw7$1136                         hw7
C:   000000BD  C$c8051_SDCC.h$160$1$10            hw7
C:   000000BF  A$hw7$1137                         hw7
C:   000000C1  A$hw7$1138                         hw7
C:   000000C4  A$hw7$1139                         hw7
C:   000000C6  A$hw7$1142                         hw7
C:   000000C6  C$c8051_SDCC.h$161$1$10            hw7
C:   000000C8  A$hw7$1145                         hw7
C:   000000C8  C$c8051_SDCC.h$162$1$10            hw7
C:   000000C8  XG$getchar$0$0                     hw7
C:   000000C9  A$hw7$1160                         hw7
C:   000000C9  C$c8051_SDCC.h$168$1$10            hw7
ASxxxx Linker V03.00 + NoICE + sdld,  page 28.
Hexadecimal  [32-Bits]

Area                                    Addr        Size        Decimal Bytes (Attributes)
--------------------------------        ----        ----        ------- ----- ------------
CSEG                                00000062    00000A99 =        2713. bytes (REL,CON,CODE)

      Value  Global                              Global Defined In Module
      -----  --------------------------------   ------------------------
C:   000000C9  C$c8051_SDCC.h$171$1$12            hw7
C:   000000C9  G$getchar_nw$0$0                   hw7
C:   000000C9  _getchar_nw                        hw7
C:   000000CC  A$hw7$1161                         hw7
C:   000000CF  A$hw7$1162                         hw7
C:   000000D1  A$hw7$1166                         hw7
C:   000000D1  C$c8051_SDCC.h$174$2$13            hw7
C:   000000D3  A$hw7$1169                         hw7
C:   000000D3  C$c8051_SDCC.h$175$2$13            hw7
C:   000000D6  A$hw7$1172                         hw7
C:   000000D6  C$c8051_SDCC.h$176$2$13            hw7
C:   000000D9  A$hw7$1175                         hw7
C:   000000D9  C$c8051_SDCC.h$177$2$13            hw7
C:   000000DC  A$hw7$1179                         hw7
C:   000000DC  C$c8051_SDCC.h$179$1$12            hw7
C:   000000DC  XG$getchar_nw$0$0                  hw7
C:   000000DD  A$hw7$1192                         hw7
C:   000000DD  C$hw7.c$41$1$12                    hw7
C:   000000DD  C$hw7.c$43$1$31                    hw7
C:   000000DD  G$main$0$0                         hw7
C:   000000DD  _main                              hw7
C:   000000E0  A$hw7$1195                         hw7
C:   000000E0  C$hw7.c$44$1$31                    hw7
C:   000000E3  A$hw7$1196                         hw7
C:   000000E6  A$hw7$1199                         hw7
C:   000000E6  C$hw7.c$45$1$31                    hw7
C:   000000E9  A$hw7$1202                         hw7
C:   000000E9  C$hw7.c$46$1$31                    hw7
C:   000000EC  A$hw7$1205                         hw7
C:   000000EC  C$hw7.c$47$1$31                    hw7
C:   000000EE  A$hw7$1206                         hw7
C:   000000F0  A$hw7$1207                         hw7
C:   000000F2  A$hw7$1208                         hw7
C:   000000F4  A$hw7$1209                         hw7
C:   000000F6  A$hw7$1210                         hw7
C:   000000F8  A$hw7$1211                         hw7
C:   000000FB  A$hw7$1212                         hw7
C:   000000FD  A$hw7$1213                         hw7
C:   000000FF  A$hw7$1214                         hw7
C:   00000101  A$hw7$1220                         hw7
C:   00000101  C$hw7.c$48$1$31                    hw7
C:   00000101  C$hw7.c$50$2$32                    hw7
C:   00000103  A$hw7$1221                         hw7
C:   00000105  A$hw7$1222                         hw7
C:   00000107  A$hw7$1223                         hw7
C:   00000109  A$hw7$1224                         hw7
C:   0000010B  A$hw7$1225                         hw7
C:   0000010D  A$hw7$1226                         hw7
C:   00000110  A$hw7$1227                         hw7
C:   00000112  A$hw7$1228                         hw7
C:   00000114  A$hw7$1229                         hw7
ASxxxx Linker V03.00 + NoICE + sdld,  page 29.
Hexadecimal  [32-Bits]

Area                                    Addr        Size        Decimal Bytes (Attributes)
--------------------------------        ----        ----        ------- ----- ------------
CSEG                                00000062    00000A99 =        2713. bytes (REL,CON,CODE)

      Value  Global                              Global Defined In Module
      -----  --------------------------------   ------------------------
C:   00000116  A$hw7$1232                         hw7
C:   00000116  C$hw7.c$51$2$32                    hw7
C:   00000119  A$hw7$1233                         hw7
C:   0000011C  A$hw7$1236                         hw7
C:   0000011C  C$hw7.c$55$2$32                    hw7
C:   0000011F  A$hw7$1237                         hw7
C:   00000122  A$hw7$1240                         hw7
C:   00000122  C$hw7.c$56$1$31                    hw7
C:   00000125  A$hw7$1241                         hw7
C:   00000128  A$hw7$1242                         hw7
C:   0000012A  A$hw7$1243                         hw7
C:   0000012C  A$hw7$1244                         hw7
C:   0000012E  A$hw7$1245                         hw7
C:   0000012F  A$hw7$1246                         hw7
C:   00000131  A$hw7$1247                         hw7
C:   00000133  A$hw7$1248                         hw7
C:   00000135  A$hw7$1249                         hw7
C:   00000137  A$hw7$1250                         hw7
C:   0000013A  A$hw7$1251                         hw7
C:   0000013D  A$hw7$1252                         hw7
C:   0000013F  A$hw7$1253                         hw7
C:   00000142  A$hw7$1254                         hw7
C:   00000144  A$hw7$1255                         hw7
C:   00000146  A$hw7$1256                         hw7
C:   00000148  A$hw7$1257                         hw7
C:   00000149  A$hw7$1258                         hw7
C:   0000014B  A$hw7$1259                         hw7
C:   0000014D  A$hw7$1260                         hw7
C:   0000014F  A$hw7$1261                         hw7
C:   00000151  A$hw7$1262                         hw7
C:   00000153  A$hw7$1263                         hw7
C:   00000155  A$hw7$1264                         hw7
C:   00000157  A$hw7$1265                         hw7
C:   0000015A  A$hw7$1266                         hw7
C:   0000015D  A$hw7$1267                         hw7
C:   0000015F  A$hw7$1268                         hw7
C:   00000162  A$hw7$1269                         hw7
C:   00000164  A$hw7$1270                         hw7
C:   00000166  A$hw7$1271                         hw7
C:   00000168  A$hw7$1272                         hw7
C:   00000169  A$hw7$1273                         hw7
C:   0000016B  A$hw7$1274                         hw7
C:   0000016D  A$hw7$1275                         hw7
C:   0000016F  A$hw7$1276                         hw7
C:   00000170  A$hw7$1277                         hw7
C:   00000172  A$hw7$1278                         hw7
C:   00000174  A$hw7$1279                         hw7
C:   00000176  A$hw7$1280                         hw7
C:   00000178  A$hw7$1281                         hw7
C:   0000017A  A$hw7$1282                         hw7
C:   0000017C  A$hw7$1283                         hw7
ASxxxx Linker V03.00 + NoICE + sdld,  page 30.
Hexadecimal  [32-Bits]

Area                                    Addr        Size        Decimal Bytes (Attributes)
--------------------------------        ----        ----        ------- ----- ------------
CSEG                                00000062    00000A99 =        2713. bytes (REL,CON,CODE)

      Value  Global                              Global Defined In Module
      -----  --------------------------------   ------------------------
C:   0000017E  A$hw7$1284                         hw7
C:   00000180  A$hw7$1285                         hw7
C:   00000181  A$hw7$1286                         hw7
C:   00000184  A$hw7$1287                         hw7
C:   00000186  A$hw7$1288                         hw7
C:   00000188  A$hw7$1289                         hw7
C:   0000018A  A$hw7$1290                         hw7
C:   0000018B  A$hw7$1291                         hw7
C:   0000018D  A$hw7$1292                         hw7
C:   0000018F  A$hw7$1293                         hw7
C:   00000191  A$hw7$1294                         hw7
C:   00000193  A$hw7$1295                         hw7
C:   00000195  A$hw7$1296                         hw7
C:   00000197  A$hw7$1297                         hw7
C:   00000198  A$hw7$1298                         hw7
C:   0000019B  A$hw7$1299                         hw7
C:   0000019E  A$hw7$1300                         hw7
C:   000001A1  A$hw7$1303                         hw7
C:   000001A1  C$hw7.c$58$2$32                    hw7
C:   000001A3  A$hw7$1304                         hw7
C:   000001A5  A$hw7$1305                         hw7
C:   000001A7  A$hw7$1306                         hw7
C:   000001A9  A$hw7$1307                         hw7
C:   000001AB  A$hw7$1308                         hw7
C:   000001AD  A$hw7$1309                         hw7
C:   000001AF  A$hw7$1310                         hw7
C:   000001B1  A$hw7$1311                         hw7
C:   000001B3  A$hw7$1312                         hw7
C:   000001B5  A$hw7$1313                         hw7
C:   000001B8  A$hw7$1314                         hw7
C:   000001BA  A$hw7$1315                         hw7
C:   000001BC  A$hw7$1316                         hw7
C:   000001BE  A$hw7$1319                         hw7
C:   000001BE  C$hw7.c$59$2$32                    hw7
C:   000001C0  A$hw7$1320                         hw7
C:   000001C2  A$hw7$1321                         hw7
C:   000001C4  A$hw7$1322                         hw7
C:   000001C6  A$hw7$1323                         hw7
C:   000001C8  A$hw7$1324                         hw7
C:   000001CA  A$hw7$1325                         hw7
C:   000001CC  A$hw7$1326                         hw7
C:   000001CE  A$hw7$1327                         hw7
C:   000001D1  A$hw7$1328                         hw7
C:   000001D3  A$hw7$1329                         hw7
C:   000001D5  A$hw7$1330                         hw7
C:   000001D7  A$hw7$1331                         hw7
C:   000001DA  A$hw7$1334                         hw7
C:   000001DA  C$hw7.c$62$1$31                    hw7
C:   000001DA  XG$main$0$0                        hw7
C:   000001DB  A$hw7$1347                         hw7
C:   000001DB  C$hw7.c$68$1$31                    hw7
ASxxxx Linker V03.00 + NoICE + sdld,  page 31.
Hexadecimal  [32-Bits]

Area                                    Addr        Size        Decimal Bytes (Attributes)
--------------------------------        ----        ----        ------- ----- ------------
CSEG                                00000062    00000A99 =        2713. bytes (REL,CON,CODE)

      Value  Global                              Global Defined In Module
      -----  --------------------------------   ------------------------
C:   000001DB  C$hw7.c$70$1$34                    hw7
C:   000001DB  G$ADC_Init$0$0                     hw7
C:   000001DB  _ADC_Init                          hw7
C:   000001DE  A$hw7$1350                         hw7
C:   000001DE  C$hw7.c$71$1$34                    hw7
C:   000001E1  A$hw7$1353                         hw7
C:   000001E1  C$hw7.c$72$1$34                    hw7
C:   000001E4  A$hw7$1356                         hw7
C:   000001E4  C$hw7.c$74$1$34                    hw7
C:   000001E4  XG$ADC_Init$0$0                    hw7
C:   000001E5  A$hw7$1369                         hw7
C:   000001E5  C$hw7.c$78$1$34                    hw7
C:   000001E5  G$read_AD_input$0$0                hw7
C:   000001E5  _read_AD_input                     hw7
C:   000001E8  A$hw7$1372                         hw7
C:   000001E8  C$hw7.c$81$1$36                    hw7
C:   000001EB  A$hw7$1375                         hw7
C:   000001EB  C$hw7.c$82$1$36                    hw7
C:   000001EE  A$hw7$1379                         hw7
C:   000001EE  C$hw7.c$83$1$36                    hw7
C:   000001F0  A$hw7$1380                         hw7
C:   000001F3  A$hw7$1383                         hw7
C:   000001F3  C$hw7.c$84$1$36                    hw7
C:   000001F6  A$hw7$1386                         hw7
C:   000001F6  C$hw7.c$85$1$36                    hw7
C:   000001F6  XG$read_AD_input$0$0               hw7
C:   000001F7  A$hw7$1399                         hw7
C:   000001F7  C$hw7.c$89$1$36                    hw7
C:   000001F7  C$hw7.c$92$1$38                    hw7
C:   000001F7  G$Port_Init$0$0                    hw7
C:   000001F7  _Port_Init                         hw7
C:   000001FA  A$hw7$1402                         hw7
C:   000001FA  C$hw7.c$93$1$38                    hw7
C:   000001FD  A$hw7$1405                         hw7
C:   000001FD  C$hw7.c$94$1$38                    hw7
C:   00000200  A$hw7$1408                         hw7
C:   00000200  C$hw7.c$95$1$38                    hw7
C:   00000200  XG$Port_Init$0$0                   hw7
C:   00000201  ___fsmul                           _fsmul
C:   000002A4  fsgetargs                          _fsget2args
C:   000002D2  fs_normalize_a                     _fsnormalize
C:   00000305  ___fs2uint                         _fs2uint
C:   00000310  fs_round_and_return                _fsreturnval
C:   00000328  fs_zerocheck_return                _fsreturnval
C:   00000331  fs_return_zero                     _fsreturnval
C:   00000339  fs_direct_return                   _fsreturnval
C:   00000347  fs_return_inf                      _fsreturnval
C:   00000354  fs_return_nan                      _fsreturnval
C:   0000036A  _vprintf                           vprintf
C:   00000383  _printf                            vprintf
C:   0000045A  __print_format                     printf_large
ASxxxx Linker V03.00 + NoICE + sdld,  page 32.
Hexadecimal  [32-Bits]

Area                                    Addr        Size        Decimal Bytes (Attributes)
--------------------------------        ----        ----        ------- ----- ------------
CSEG                                00000062    00000A99 =        2713. bytes (REL,CON,CODE)

      Value  Global                              Global Defined In Module
      -----  --------------------------------   ------------------------
C:   00000966  _strlen                            _strlen
C:   0000097E  ___fsdiv                           _fsdiv
C:   00000A41  __gptrget                          _gptrget
C:   00000A5D  ___uchar2fs                        _uchar2fs
C:   00000A68  ___ulong2fs                        _ulong2fs
C:   00000A71  ulong2fs_doit                      _ulong2fs
C:   00000A7B  __sdcc_external_startup            _startup
C:   00000A7F  ___fs2ulong                        _fs2ulong
C:   00000A81  fs2ulong_begin                     _fs2ulong
C:   00000AA6  fs_rshift_a                        _fsrshift
C:   00000AE9  fsgetarg                           _fsget1arg

ASxxxx Linker V03.00 + NoICE + sdld,  page 33.
Hexadecimal  [32-Bits]

Area                                    Addr        Size        Decimal Bytes (Attributes)
--------------------------------        ----        ----        ------- ----- ------------
CONST                               00000AFB    00000054 =          84. bytes (REL,CON,CODE)

      Value  Global                              Global Defined In Module
      -----  --------------------------------   ------------------------
C:   00000AFB  Fhw7$__str_0$0$0                   hw7
C:   00000B04  Fhw7$__str_1$0$0                   hw7
C:   00000B23  Fhw7$__str_2$0$0                   hw7
C:   00000B32  Fhw7$__str_3$0$0                   hw7

ASxxxx Linker V03.00 + NoICE + sdld,  page 34.

Files Linked                              [ module(s) ]

C:\Users\Tim\Documents\LITEC\hw7\hw7.rel  [  ]


Libraries Linked                          [ object file ]

C:\Program Files\SDCC\bin\..\lib\small/libfloat.lib
                                          [ _fsmul.rel ]
C:\Program Files\SDCC\bin\..\lib\small/libfloat.lib
                                          [ _fsget2args.rel ]
C:\Program Files\SDCC\bin\..\lib\small/mcs51.lib
                                          [ crtclear.rel ]
C:\Program Files\SDCC\bin\..\lib\small/libfloat.lib
                                          [ _fsnormalize.rel ]
C:\Program Files\SDCC\bin\..\lib\small/mcs51.lib
                                          [ crtxinit.rel ]
C:\Program Files\SDCC\bin\..\lib\small/mcs51.lib
                                          [ crtxclear.rel ]
C:\Program Files\SDCC\bin\..\lib\small/libfloat.lib
                                          [ _fs2uint.rel ]
C:\Program Files\SDCC\bin\..\lib\small/libfloat.lib
                                          [ _fsreturnval.rel ]
C:\Program Files\SDCC\bin\..\lib\small/libsdcc.lib
                                          [ vprintf.rel ]
C:\Program Files\SDCC\bin\..\lib\small/libsdcc.lib
                                          [ printf_large.rel ]
C:\Program Files\SDCC\bin\..\lib\small/libsdcc.lib
                                          [ _strlen.rel ]
C:\Program Files\SDCC\bin\..\lib\small/libfloat.lib
                                          [ _fsdiv.rel ]
C:\Program Files\SDCC\bin\..\lib\small/mcs51.lib
                                          [ crtstart.rel ]
C:\Program Files\SDCC\bin\..\lib\small/libsdcc.lib
                                          [ _gptrget.rel ]
C:\Program Files\SDCC\bin\..\lib\small/libfloat.lib
                                          [ _uchar2fs.rel ]
C:\Program Files\SDCC\bin\..\lib\small/libfloat.lib
                                          [ _ulong2fs.rel ]
C:\Program Files\SDCC\bin\..\lib\small/libsdcc.lib
                                          [ _startup.rel ]
C:\Program Files\SDCC\bin\..\lib\small/libfloat.lib
                                          [ _fs2ulong.rel ]
C:\Program Files\SDCC\bin\..\lib\small/libsdcc.lib
                                          [ _bp.rel ]
C:\Program Files\SDCC\bin\..\lib\small/libfloat.lib
                                          [ _fsrshift.rel ]
C:\Program Files\SDCC\bin\..\lib\small/libfloat.lib
                                          [ _fsget1arg.rel ]

ASxxxx Linker V03.00 + NoICE + sdld,  page 35.

User Base Address Definitions

HOME = 0x0000
XSEG = 0x0001
PSEG = 0x0001
ISEG = 0x0000
BSEG = 0x0000

