ASxxxx Linker V03.00 + NoICE + sdld,  page 1.
Hexadecimal  [32-Bits]

Area                                    Addr        Size        Decimal Bytes (Attributes)
--------------------------------        ----        ----        ------- ----- ------------
CABS                                00000000    00000000 =           0. bytes (ABS,CON,CODE)

      Value  Global                              Global Defined In Module
      -----  --------------------------------   ------------------------
C:   00000000  l_BIT_BANK                      
C:   00000000  l_CABS                          
C:   00000000  l_GSINIT1                       
C:   00000000  l_GSINIT5                       
C:   00000000  l_IABS                          
C:   00000000  l_PSEG                          
C:   00000000  l_REG_BANK_1                    
C:   00000000  l_REG_BANK_2                    
C:   00000000  l_REG_BANK_3                    
C:   00000000  l_RSEG                          
C:   00000000  l_RSEG0                         
C:   00000000  l_RSEG1                         
C:   00000000  l_XABS                          
C:   00000000  l_XINIT                         
C:   00000000  l_XISEG                         
C:   00000000  l_XSEG                          
C:   00000000  l__CODE                         
C:   00000000  s_BSEG                          
C:   00000000  s_CABS                          
C:   00000000  s_DSEG                          
C:   00000000  s_HOME                          
C:   00000000  s_IABS                          
C:   00000000  s_REG_BANK_0                    
C:   00000000  s_RSEG                          
C:   00000000  s_RSEG0                         
C:   00000000  s_RSEG1                         
C:   00000000  s_XABS                          
C:   00000001  s_PSEG                          
C:   00000001  s_XISEG                         
C:   00000001  s_XSEG                          
C:   00000002  l_BSEG_BYTES                    
C:   00000003  l_GSFINAL                       
C:   00000003  l_GSINIT0                       
C:   00000006  l_ISEG                          
C:   00000006  l_OSEG                          
C:   00000008  l_REG_BANK_0                    
C:   00000008  s_REG_BANK_1                    
C:   0000000A  l_BSEG                          
C:   0000000A  l_GSINIT2                       
C:   0000000E  s_OSEG                          
C:   00000010  s_REG_BANK_2                    
C:   00000011  l_HOME                          
C:   00000011  s_GSINIT0                       
C:   00000014  s_GSINIT1                       
C:   00000014  s_GSINIT2                       
C:   00000014  s_ISEG                          
C:   00000018  s_BIT_BANK                      
C:   00000018  s_REG_BANK_3                    
C:   0000001E  s_GSINIT3                       
C:   00000020  s_BSEG_BYTES                    
ASxxxx Linker V03.00 + NoICE + sdld,  page 2.
Hexadecimal  [32-Bits]

Area                                    Addr        Size        Decimal Bytes (Attributes)
--------------------------------        ----        ----        ------- ----- ------------
CABS                                00000000    00000000 =           0. bytes (ABS,CON,CODE)

      Value  Global                              Global Defined In Module
      -----  --------------------------------   ------------------------
C:   00000020  s__CODE                         
C:   00000021  l_GSINIT                        
C:   00000022  l_GSINIT3                       
C:   0000002A  l_GSINIT4                       
C:   00000040  s_GSINIT4                       
C:   00000066  s_SSEG                          
C:   0000006A  s_GSINIT                        
C:   0000006A  s_GSINIT5                       
C:   0000007A  l_DSEG                          
C:   0000008B  s_GSFINAL                       
C:   0000008E  s_CSEG                          
C:   0000009A  l_SSEG                          
C:   00000100  l_IRAM                          
C:   00000476  l_CONST                         
C:   00001920  l_CSEG                          
C:   000019AE  s_CONST                         
C:   00001E24  s_XINIT                         

ASxxxx Linker V03.00 + NoICE + sdld,  page 3.
Hexadecimal  [32-Bits]

Area                                    Addr        Size        Decimal Bytes (Attributes)
--------------------------------        ----        ----        ------- ----- ------------
.  .ABS.                            00000000    00000000 =           0. bytes (ABS,CON)

      Value  Global                              Global Defined In Module
      -----  --------------------------------   ------------------------
     00000000  .__.ABS.                           _fsget1arg
     00000080  G$P0$0$0                           lab2_func
     00000080  G$P0_0$0$0                         lab2_func
     00000080  _P0                                lab2_func
     00000080  _P0_0                              lab2_func
     00000081  G$P0_1$0$0                         lab2_func
     00000081  G$SP$0$0                           lab2_func
     00000081  _P0_1                              lab2_func
     00000081  _SP                                lab2_func
     00000082  G$DPL$0$0                          lab2_func
     00000082  G$P0_2$0$0                         lab2_func
     00000082  _DPL                               lab2_func
     00000082  _P0_2                              lab2_func
     00000083  G$DPH$0$0                          lab2_func
     00000083  G$P0_3$0$0                         lab2_func
     00000083  _DPH                               lab2_func
     00000083  _P0_3                              lab2_func
     00000084  G$P0_4$0$0                         lab2_func
     00000084  G$P4$0$0                           lab2_func
     00000084  _P0_4                              lab2_func
     00000084  _P4                                lab2_func
     00000085  G$P0_5$0$0                         lab2_func
     00000085  G$P5$0$0                           lab2_func
     00000085  _P0_5                              lab2_func
     00000085  _P5                                lab2_func
     00000086  G$P0_6$0$0                         lab2_func
     00000086  G$P6$0$0                           lab2_func
     00000086  _P0_6                              lab2_func
     00000086  _P6                                lab2_func
     00000087  G$P0_7$0$0                         lab2_func
     00000087  G$PCON$0$0                         lab2_func
     00000087  _P0_7                              lab2_func
     00000087  _PCON                              lab2_func
     00000088  G$IT0$0$0                          lab2_func
     00000088  G$TCON$0$0                         lab2_func
     00000088  _IT0                               lab2_func
     00000088  _TCON                              lab2_func
     00000089  G$IE0$0$0                          lab2_func
     00000089  G$TMOD$0$0                         lab2_func
     00000089  _IE0                               lab2_func
     00000089  _TMOD                              lab2_func
     0000008A  G$IT1$0$0                          lab2_func
     0000008A  G$TL0$0$0                          lab2_func
     0000008A  _IT1                               lab2_func
     0000008A  _TL0                               lab2_func
     0000008B  G$IE1$0$0                          lab2_func
     0000008B  G$TL1$0$0                          lab2_func
     0000008B  _IE1                               lab2_func
     0000008B  _TL1                               lab2_func
     0000008C  G$TH0$0$0                          lab2_func
ASxxxx Linker V03.00 + NoICE + sdld,  page 4.
Hexadecimal  [32-Bits]

Area                                    Addr        Size        Decimal Bytes (Attributes)
--------------------------------        ----        ----        ------- ----- ------------
.  .ABS.                            00000000    00000000 =           0. bytes (ABS,CON)

      Value  Global                              Global Defined In Module
      -----  --------------------------------   ------------------------
     0000008C  G$TR0$0$0                          lab2_func
     0000008C  _TH0                               lab2_func
     0000008C  _TR0                               lab2_func
     0000008D  G$TF0$0$0                          lab2_func
     0000008D  G$TH1$0$0                          lab2_func
     0000008D  _TF0                               lab2_func
     0000008D  _TH1                               lab2_func
     0000008E  G$CKCON$0$0                        lab2_func
     0000008E  G$TR1$0$0                          lab2_func
     0000008E  _CKCON                             lab2_func
     0000008E  _TR1                               lab2_func
     0000008F  G$PSCTL$0$0                        lab2_func
     0000008F  G$TF1$0$0                          lab2_func
     0000008F  _PSCTL                             lab2_func
     0000008F  _TF1                               lab2_func
     00000090  G$P1$0$0                           lab2_func
     00000090  G$P1_0$0$0                         lab2_func
     00000090  _P1                                lab2_func
     00000090  _P1_0                              lab2_func
     00000091  G$P1_1$0$0                         lab2_func
     00000091  G$TMR3CN$0$0                       lab2_func
     00000091  _P1_1                              lab2_func
     00000091  _TMR3CN                            lab2_func
     00000092  G$P1_2$0$0                         lab2_func
     00000092  G$TMR3RLL$0$0                      lab2_func
     00000092  _P1_2                              lab2_func
     00000092  _TMR3RLL                           lab2_func
     00000093  G$P1_3$0$0                         lab2_func
     00000093  G$TMR3RLH$0$0                      lab2_func
     00000093  _P1_3                              lab2_func
     00000093  _TMR3RLH                           lab2_func
     00000094  G$P1_4$0$0                         lab2_func
     00000094  G$TMR3L$0$0                        lab2_func
     00000094  _P1_4                              lab2_func
     00000094  _TMR3L                             lab2_func
     00000095  G$P1_5$0$0                         lab2_func
     00000095  G$TMR3H$0$0                        lab2_func
     00000095  _P1_5                              lab2_func
     00000095  _TMR3H                             lab2_func
     00000096  G$P1_6$0$0                         lab2_func
     00000096  G$P7$0$0                           lab2_func
     00000096  _P1_6                              lab2_func
     00000096  _P7                                lab2_func
     00000097  G$P1_7$0$0                         lab2_func
     00000097  _P1_7                              lab2_func
     00000098  G$RI$0$0                           lab2_func
     00000098  G$RI0$0$0                          lab2_func
     00000098  G$SCON$0$0                         lab2_func
     00000098  G$SCON0$0$0                        lab2_func
     00000098  _RI                                lab2_func
     00000098  _RI0                               lab2_func
ASxxxx Linker V03.00 + NoICE + sdld,  page 5.
Hexadecimal  [32-Bits]

Area                                    Addr        Size        Decimal Bytes (Attributes)
--------------------------------        ----        ----        ------- ----- ------------
.  .ABS.                            00000000    00000000 =           0. bytes (ABS,CON)

      Value  Global                              Global Defined In Module
      -----  --------------------------------   ------------------------
     00000098  _SCON                              lab2_func
     00000098  _SCON0                             lab2_func
     00000099  G$SBUF$0$0                         lab2_func
     00000099  G$SBUF0$0$0                        lab2_func
     00000099  G$TI$0$0                           lab2_func
     00000099  G$TI0$0$0                          lab2_func
     00000099  _SBUF                              lab2_func
     00000099  _SBUF0                             lab2_func
     00000099  _TI                                lab2_func
     00000099  _TI0                               lab2_func
     0000009A  G$RB8$0$0                          lab2_func
     0000009A  G$RB80$0$0                         lab2_func
     0000009A  G$SPI0CFG$0$0                      lab2_func
     0000009A  _RB8                               lab2_func
     0000009A  _RB80                              lab2_func
     0000009A  _SPI0CFG                           lab2_func
     0000009B  G$SPI0DAT$0$0                      lab2_func
     0000009B  G$TB8$0$0                          lab2_func
     0000009B  G$TB80$0$0                         lab2_func
     0000009B  _SPI0DAT                           lab2_func
     0000009B  _TB8                               lab2_func
     0000009B  _TB80                              lab2_func
     0000009C  G$ADC1$0$0                         lab2_func
     0000009C  G$REN$0$0                          lab2_func
     0000009C  G$REN0$0$0                         lab2_func
     0000009C  _ADC1                              lab2_func
     0000009C  _REN                               lab2_func
     0000009C  _REN0                              lab2_func
     0000009D  G$MCE0$0$0                         lab2_func
     0000009D  G$SM2$0$0                          lab2_func
     0000009D  G$SM20$0$0                         lab2_func
     0000009D  G$SPI0CKR$0$0                      lab2_func
     0000009D  _MCE0                              lab2_func
     0000009D  _SM2                               lab2_func
     0000009D  _SM20                              lab2_func
     0000009D  _SPI0CKR                           lab2_func
     0000009E  G$CPT0CN$0$0                       lab2_func
     0000009E  G$SM1$0$0                          lab2_func
     0000009E  G$SM10$0$0                         lab2_func
     0000009E  _CPT0CN                            lab2_func
     0000009E  _SM1                               lab2_func
     0000009E  _SM10                              lab2_func
     0000009F  G$CPT1CN$0$0                       lab2_func
     0000009F  G$S0MODE$0$0                       lab2_func
     0000009F  G$SM0$0$0                          lab2_func
     0000009F  G$SM00$0$0                         lab2_func
     0000009F  _CPT1CN                            lab2_func
     0000009F  _S0MODE                            lab2_func
     0000009F  _SM0                               lab2_func
     0000009F  _SM00                              lab2_func
     000000A0  G$LED0$0$0                         lab2_func
ASxxxx Linker V03.00 + NoICE + sdld,  page 6.
Hexadecimal  [32-Bits]

Area                                    Addr        Size        Decimal Bytes (Attributes)
--------------------------------        ----        ----        ------- ----- ------------
.  .ABS.                            00000000    00000000 =           0. bytes (ABS,CON)

      Value  Global                              Global Defined In Module
      -----  --------------------------------   ------------------------
     000000A0  G$P2$0$0                           lab2_func
     000000A0  G$P2_0$0$0                         lab2_func
     000000A0  _LED0                              lab2_func
     000000A0  _P2                                lab2_func
     000000A0  _P2_0                              lab2_func
     000000A1  G$BILED2$0$0                       lab2_func
     000000A1  G$EMI0TC$0$0                       lab2_func
     000000A1  G$P2_1$0$0                         lab2_func
     000000A1  _BILED2                            lab2_func
     000000A1  _EMI0TC                            lab2_func
     000000A1  _P2_1                              lab2_func
     000000A2  G$LED1$0$0                         lab2_func
     000000A2  G$P2_2$0$0                         lab2_func
     000000A2  _LED1                              lab2_func
     000000A2  _P2_2                              lab2_func
     000000A3  G$EMI0CF$0$0                       lab2_func
     000000A3  G$LED2$0$0                         lab2_func
     000000A3  G$P2_3$0$0                         lab2_func
     000000A3  _EMI0CF                            lab2_func
     000000A3  _LED2                              lab2_func
     000000A3  _P2_3                              lab2_func
     000000A4  G$P0MDOUT$0$0                      lab2_func
     000000A4  G$P2_4$0$0                         lab2_func
     000000A4  G$PRT0CF$0$0                       lab2_func
     000000A4  _P0MDOUT                           lab2_func
     000000A4  _P2_4                              lab2_func
     000000A4  _PRT0CF                            lab2_func
     000000A5  G$LED3$0$0                         lab2_func
     000000A5  G$P1MDOUT$0$0                      lab2_func
     000000A5  G$P2_5$0$0                         lab2_func
     000000A5  G$PRT1CF$0$0                       lab2_func
     000000A5  _LED3                              lab2_func
     000000A5  _P1MDOUT                           lab2_func
     000000A5  _P2_5                              lab2_func
     000000A5  _PRT1CF                            lab2_func
     000000A6  G$P2MDOUT$0$0                      lab2_func
     000000A6  G$P2_6$0$0                         lab2_func
     000000A6  G$PRT2CF$0$0                       lab2_func
     000000A6  _P2MDOUT                           lab2_func
     000000A6  _P2_6                              lab2_func
     000000A6  _PRT2CF                            lab2_func
     000000A7  G$P2_7$0$0                         lab2_func
     000000A7  G$P3MDOUT$0$0                      lab2_func
     000000A7  G$PRT3CF$0$0                       lab2_func
     000000A7  _P2_7                              lab2_func
     000000A7  _P3MDOUT                           lab2_func
     000000A7  _PRT3CF                            lab2_func
     000000A8  G$EX0$0$0                          lab2_func
     000000A8  G$IE$0$0                           lab2_func
     000000A8  _EX0                               lab2_func
     000000A8  _IE                                lab2_func
ASxxxx Linker V03.00 + NoICE + sdld,  page 7.
Hexadecimal  [32-Bits]

Area                                    Addr        Size        Decimal Bytes (Attributes)
--------------------------------        ----        ----        ------- ----- ------------
.  .ABS.                            00000000    00000000 =           0. bytes (ABS,CON)

      Value  Global                              Global Defined In Module
      -----  --------------------------------   ------------------------
     000000A9  G$ET0$0$0                          lab2_func
     000000A9  G$SADDR0$0$0                       lab2_func
     000000A9  _ET0                               lab2_func
     000000A9  _SADDR0                            lab2_func
     000000AA  G$ADC1CN$0$0                       lab2_func
     000000AA  G$EX1$0$0                          lab2_func
     000000AA  _ADC1CN                            lab2_func
     000000AA  _EX1                               lab2_func
     000000AB  G$ADC1CF$0$0                       lab2_func
     000000AB  G$ET1$0$0                          lab2_func
     000000AB  _ADC1CF                            lab2_func
     000000AB  _ET1                               lab2_func
     000000AC  G$AMX1SL$0$0                       lab2_func
     000000AC  G$ES$0$0                           lab2_func
     000000AC  G$ES0$0$0                          lab2_func
     000000AC  _AMX1SL                            lab2_func
     000000AC  _ES                                lab2_func
     000000AC  _ES0                               lab2_func
     000000AD  G$ET2$0$0                          lab2_func
     000000AD  G$P3IF$0$0                         lab2_func
     000000AD  _ET2                               lab2_func
     000000AD  _P3IF                              lab2_func
     000000AE  G$SADEN1$0$0                       lab2_func
     000000AE  _SADEN1                            lab2_func
     000000AF  G$EA$0$0                           lab2_func
     000000AF  G$EMI0CN$0$0                       lab2_func
     000000AF  G$_XPAGE$0$0                       lab2_func
     000000AF  _EA                                lab2_func
     000000AF  _EMI0CN                            lab2_func
     000000AF  __XPAGE                            lab2_func
     000000B0  G$P3$0$0                           lab2_func
     000000B0  G$P3_0$0$0                         lab2_func
     000000B0  G$SS1$0$0                          lab2_func
     000000B0  _P3                                lab2_func
     000000B0  _P3_0                              lab2_func
     000000B0  _SS1                               lab2_func
     000000B1  G$OSCXCN$0$0                       lab2_func
     000000B1  G$P3_1$0$0                         lab2_func
     000000B1  G$SS0$0$0                          lab2_func
     000000B1  _OSCXCN                            lab2_func
     000000B1  _P3_1                              lab2_func
     000000B1  _SS0                               lab2_func
     000000B2  G$OSCICN$0$0                       lab2_func
     000000B2  G$P3_2$0$0                         lab2_func
     000000B2  G$PB0$0$0                          lab2_func
     000000B2  _OSCICN                            lab2_func
     000000B2  _P3_2                              lab2_func
     000000B2  _PB0                               lab2_func
     000000B3  G$P3_3$0$0                         lab2_func
     000000B3  G$PB2$0$0                          lab2_func
     000000B3  _P3_3                              lab2_func
ASxxxx Linker V03.00 + NoICE + sdld,  page 8.
Hexadecimal  [32-Bits]

Area                                    Addr        Size        Decimal Bytes (Attributes)
--------------------------------        ----        ----        ------- ----- ------------
.  .ABS.                            00000000    00000000 =           0. bytes (ABS,CON)

      Value  Global                              Global Defined In Module
      -----  --------------------------------   ------------------------
     000000B3  _PB2                               lab2_func
     000000B4  G$P3_4$0$0                         lab2_func
     000000B4  G$PB1$0$0                          lab2_func
     000000B4  _P3_4                              lab2_func
     000000B4  _PB1                               lab2_func
     000000B5  G$P3_5$0$0                         lab2_func
     000000B5  G$P74OUT$0$0                       lab2_func
     000000B5  G$PB3$0$0                          lab2_func
     000000B5  _P3_5                              lab2_func
     000000B5  _P74OUT                            lab2_func
     000000B5  _PB3                               lab2_func
     000000B6  G$BUZZER$0$0                       lab2_func
     000000B6  G$FLSCL$0$0                        lab2_func
     000000B6  G$P3_6$0$0                         lab2_func
     000000B6  _BUZZER                            lab2_func
     000000B6  _FLSCL                             lab2_func
     000000B6  _P3_6                              lab2_func
     000000B7  G$BILED1$0$0                       lab2_func
     000000B7  G$FLACL$0$0                        lab2_func
     000000B7  G$P3_7$0$0                         lab2_func
     000000B7  _BILED1                            lab2_func
     000000B7  _FLACL                             lab2_func
     000000B7  _P3_7                              lab2_func
     000000B8  G$IP$0$0                           lab2_func
     000000B8  G$PX0$0$0                          lab2_func
     000000B8  _IP                                lab2_func
     000000B8  _PX0                               lab2_func
     000000B9  G$PT0$0$0                          lab2_func
     000000B9  G$SADEN0$0$0                       lab2_func
     000000B9  _PT0                               lab2_func
     000000B9  _SADEN0                            lab2_func
     000000BA  G$AMX0CF$0$0                       lab2_func
     000000BA  G$PX1$0$0                          lab2_func
     000000BA  _AMX0CF                            lab2_func
     000000BA  _PX1                               lab2_func
     000000BB  G$AMX0SL$0$0                       lab2_func
     000000BB  G$PT1$0$0                          lab2_func
     000000BB  _AMX0SL                            lab2_func
     000000BB  _PT1                               lab2_func
     000000BC  G$ADC0CF$0$0                       lab2_func
     000000BC  G$PS$0$0                           lab2_func
     000000BC  G$PS0$0$0                          lab2_func
     000000BC  _ADC0CF                            lab2_func
     000000BC  _PS                                lab2_func
     000000BC  _PS0                               lab2_func
     000000BD  G$P1MDIN$0$0                       lab2_func
     000000BD  G$PT2$0$0                          lab2_func
     000000BD  _P1MDIN                            lab2_func
     000000BD  _PT2                               lab2_func
     000000BE  G$ADC0L$0$0                        lab2_func
     000000BE  _ADC0L                             lab2_func
ASxxxx Linker V03.00 + NoICE + sdld,  page 9.
Hexadecimal  [32-Bits]

Area                                    Addr        Size        Decimal Bytes (Attributes)
--------------------------------        ----        ----        ------- ----- ------------
.  .ABS.                            00000000    00000000 =           0. bytes (ABS,CON)

      Value  Global                              Global Defined In Module
      -----  --------------------------------   ------------------------
     000000BF  G$ADC0H$0$0                        lab2_func
     000000BF  _ADC0H                             lab2_func
     000000C0  G$SMB0CN$0$0                       lab2_func
     000000C0  G$SMBTOE$0$0                       lab2_func
     000000C0  _SMB0CN                            lab2_func
     000000C0  _SMBTOE                            lab2_func
     000000C1  G$SMB0STA$0$0                      lab2_func
     000000C1  G$SMBFTE$0$0                       lab2_func
     000000C1  _SMB0STA                           lab2_func
     000000C1  _SMBFTE                            lab2_func
     000000C2  G$AA$0$0                           lab2_func
     000000C2  G$SMB0DAT$0$0                      lab2_func
     000000C2  _AA                                lab2_func
     000000C2  _SMB0DAT                           lab2_func
     000000C3  G$SI$0$0                           lab2_func
     000000C3  G$SMB0ADR$0$0                      lab2_func
     000000C3  _SI                                lab2_func
     000000C3  _SMB0ADR                           lab2_func
     000000C4  G$ADC0GTL$0$0                      lab2_func
     000000C4  G$STO$0$0                          lab2_func
     000000C4  _ADC0GTL                           lab2_func
     000000C4  _STO                               lab2_func
     000000C5  G$ADC0GTH$0$0                      lab2_func
     000000C5  G$STA$0$0                          lab2_func
     000000C5  _ADC0GTH                           lab2_func
     000000C5  _STA                               lab2_func
     000000C6  G$ADC0LTL$0$0                      lab2_func
     000000C6  G$ENSMB$0$0                        lab2_func
     000000C6  _ADC0LTL                           lab2_func
     000000C6  _ENSMB                             lab2_func
     000000C7  G$ADC0LTH$0$0                      lab2_func
     000000C7  G$BUSY$0$0                         lab2_func
     000000C7  _ADC0LTH                           lab2_func
     000000C7  _BUSY                              lab2_func
     000000C8  G$CPRL2$0$0                        lab2_func
     000000C8  G$T2CON$0$0                        lab2_func
     000000C8  _CPRL2                             lab2_func
     000000C8  _T2CON                             lab2_func
     000000C9  G$CT2$0$0                          lab2_func
     000000C9  G$T4CON$0$0                        lab2_func
     000000C9  _CT2                               lab2_func
     000000C9  _T4CON                             lab2_func
     000000CA  G$RCAP2L$0$0                       lab2_func
     000000CA  G$TR2$0$0                          lab2_func
     000000CA  _RCAP2L                            lab2_func
     000000CA  _TR2                               lab2_func
     000000CB  G$EXEN2$0$0                        lab2_func
     000000CB  G$RCAP2H$0$0                       lab2_func
     000000CB  _EXEN2                             lab2_func
     000000CB  _RCAP2H                            lab2_func
     000000CC  G$TCLK$0$0                         lab2_func
ASxxxx Linker V03.00 + NoICE + sdld,  page 10.
Hexadecimal  [32-Bits]

Area                                    Addr        Size        Decimal Bytes (Attributes)
--------------------------------        ----        ----        ------- ----- ------------
.  .ABS.                            00000000    00000000 =           0. bytes (ABS,CON)

      Value  Global                              Global Defined In Module
      -----  --------------------------------   ------------------------
     000000CC  G$TL2$0$0                          lab2_func
     000000CC  _TCLK                              lab2_func
     000000CC  _TL2                               lab2_func
     000000CD  G$RCLK$0$0                         lab2_func
     000000CD  G$TH2$0$0                          lab2_func
     000000CD  _RCLK                              lab2_func
     000000CD  _TH2                               lab2_func
     000000CE  G$EXF2$0$0                         lab2_func
     000000CE  _EXF2                              lab2_func
     000000CF  G$SMB0CR$0$0                       lab2_func
     000000CF  G$TF2$0$0                          lab2_func
     000000CF  _SMB0CR                            lab2_func
     000000CF  _TF2                               lab2_func
     000000D0  G$P$0$0                            lab2_func
     000000D0  G$PSW$0$0                          lab2_func
     000000D0  _P                                 lab2_func
     000000D0  _PSW                               lab2_func
     000000D1  G$F1$0$0                           lab2_func
     000000D1  G$REF0CN$0$0                       lab2_func
     000000D1  _F1                                lab2_func
     000000D1  _REF0CN                            lab2_func
     000000D2  G$DAC0L$0$0                        lab2_func
     000000D2  G$OV$0$0                           lab2_func
     000000D2  _DAC0L                             lab2_func
     000000D2  _OV                                lab2_func
     000000D3  G$DAC0H$0$0                        lab2_func
     000000D3  G$RS0$0$0                          lab2_func
     000000D3  _DAC0H                             lab2_func
     000000D3  _RS0                               lab2_func
     000000D4  G$DAC0CN$0$0                       lab2_func
     000000D4  G$RS1$0$0                          lab2_func
     000000D4  _DAC0CN                            lab2_func
     000000D4  _RS1                               lab2_func
     000000D5  G$DAC1L$0$0                        lab2_func
     000000D5  G$F0$0$0                           lab2_func
     000000D5  _DAC1L                             lab2_func
     000000D5  _F0                                lab2_func
     000000D6  G$AC$0$0                           lab2_func
     000000D6  G$DAC1H$0$0                        lab2_func
     000000D6  _AC                                lab2_func
     000000D6  _DAC1H                             lab2_func
     000000D7  G$CY$0$0                           lab2_func
     000000D7  G$DAC1CN$0$0                       lab2_func
     000000D7  _CY                                lab2_func
     000000D7  _DAC1CN                            lab2_func
     000000D8  G$CCF0$0$0                         lab2_func
     000000D8  G$PCA0CN$0$0                       lab2_func
     000000D8  _CCF0                              lab2_func
     000000D8  _PCA0CN                            lab2_func
     000000D9  G$CCF1$0$0                         lab2_func
     000000D9  G$PCA0MD$0$0                       lab2_func
ASxxxx Linker V03.00 + NoICE + sdld,  page 11.
Hexadecimal  [32-Bits]

Area                                    Addr        Size        Decimal Bytes (Attributes)
--------------------------------        ----        ----        ------- ----- ------------
.  .ABS.                            00000000    00000000 =           0. bytes (ABS,CON)

      Value  Global                              Global Defined In Module
      -----  --------------------------------   ------------------------
     000000D9  _CCF1                              lab2_func
     000000D9  _PCA0MD                            lab2_func
     000000DA  G$CCF2$0$0                         lab2_func
     000000DA  G$PCA0CPM0$0$0                     lab2_func
     000000DA  _CCF2                              lab2_func
     000000DA  _PCA0CPM0                          lab2_func
     000000DB  G$CCF3$0$0                         lab2_func
     000000DB  G$PCA0CPM1$0$0                     lab2_func
     000000DB  _CCF3                              lab2_func
     000000DB  _PCA0CPM1                          lab2_func
     000000DC  G$CCF4$0$0                         lab2_func
     000000DC  G$PCA0CPM2$0$0                     lab2_func
     000000DC  _CCF4                              lab2_func
     000000DC  _PCA0CPM2                          lab2_func
     000000DD  G$PCA0CPM3$0$0                     lab2_func
     000000DD  _PCA0CPM3                          lab2_func
     000000DE  G$CR$0$0                           lab2_func
     000000DE  G$PCA0CPM4$0$0                     lab2_func
     000000DE  _CR                                lab2_func
     000000DE  _PCA0CPM4                          lab2_func
     000000DF  G$CF$0$0                           lab2_func
     000000DF  _CF                                lab2_func
     000000E0  G$ACC$0$0                          lab2_func
     000000E0  _ACC                               lab2_func
     000000E1  G$XBR0$0$0                         lab2_func
     000000E1  _XBR0                              lab2_func
     000000E2  G$XBR1$0$0                         lab2_func
     000000E2  _XBR1                              lab2_func
     000000E3  G$XBR2$0$0                         lab2_func
     000000E3  _XBR2                              lab2_func
     000000E4  G$RCAP4L$0$0                       lab2_func
     000000E4  _RCAP4L                            lab2_func
     000000E5  G$RCAP4H$0$0                       lab2_func
     000000E5  _RCAP4H                            lab2_func
     000000E6  G$EIE1$0$0                         lab2_func
     000000E6  _EIE1                              lab2_func
     000000E7  G$EIE2$0$0                         lab2_func
     000000E7  _EIE2                              lab2_func
     000000E8  G$AD0LJST$0$0                      lab2_func
     000000E8  G$ADC0CN$0$0                       lab2_func
     000000E8  G$ADLJST$0$0                       lab2_func
     000000E8  _AD0LJST                           lab2_func
     000000E8  _ADC0CN                            lab2_func
     000000E8  _ADLJST                            lab2_func
     000000E9  G$AD0WINT$0$0                      lab2_func
     000000E9  G$ADWINT$0$0                       lab2_func
     000000E9  G$PCA0L$0$0                        lab2_func
     000000E9  _AD0WINT                           lab2_func
     000000E9  _ADWINT                            lab2_func
     000000E9  _PCA0L                             lab2_func
     000000EA  G$AD0CM0$0$0                       lab2_func
ASxxxx Linker V03.00 + NoICE + sdld,  page 12.
Hexadecimal  [32-Bits]

Area                                    Addr        Size        Decimal Bytes (Attributes)
--------------------------------        ----        ----        ------- ----- ------------
.  .ABS.                            00000000    00000000 =           0. bytes (ABS,CON)

      Value  Global                              Global Defined In Module
      -----  --------------------------------   ------------------------
     000000EA  G$ADSTM0$0$0                       lab2_func
     000000EA  G$PCA0CPL0$0$0                     lab2_func
     000000EA  _AD0CM0                            lab2_func
     000000EA  _ADSTM0                            lab2_func
     000000EA  _PCA0CPL0                          lab2_func
     000000EB  G$AD0CM1$0$0                       lab2_func
     000000EB  G$ADSTM1$0$0                       lab2_func
     000000EB  G$PCA0CPL1$0$0                     lab2_func
     000000EB  _AD0CM1                            lab2_func
     000000EB  _ADSTM1                            lab2_func
     000000EB  _PCA0CPL1                          lab2_func
     000000EC  G$AD0BUSY$0$0                      lab2_func
     000000EC  G$ADBUSY$0$0                       lab2_func
     000000EC  G$PCA0CPL2$0$0                     lab2_func
     000000EC  _AD0BUSY                           lab2_func
     000000EC  _ADBUSY                            lab2_func
     000000EC  _PCA0CPL2                          lab2_func
     000000ED  G$AD0INT$0$0                       lab2_func
     000000ED  G$ADCINT$0$0                       lab2_func
     000000ED  G$PCA0CPL3$0$0                     lab2_func
     000000ED  _AD0INT                            lab2_func
     000000ED  _ADCINT                            lab2_func
     000000ED  _PCA0CPL3                          lab2_func
     000000EE  G$AD0TM$0$0                        lab2_func
     000000EE  G$ADCTM$0$0                        lab2_func
     000000EE  G$PCA0CPL4$0$0                     lab2_func
     000000EE  _AD0TM                             lab2_func
     000000EE  _ADCTM                             lab2_func
     000000EE  _PCA0CPL4                          lab2_func
     000000EF  G$AD0EN$0$0                        lab2_func
     000000EF  G$ADCEN$0$0                        lab2_func
     000000EF  G$RSTSRC$0$0                       lab2_func
     000000EF  _AD0EN                             lab2_func
     000000EF  _ADCEN                             lab2_func
     000000EF  _RSTSRC                            lab2_func
     000000F0  G$B$0$0                            lab2_func
     000000F0  _B                                 lab2_func
     000000F1  G$SCON1$0$0                        lab2_func
     000000F1  _SCON1                             lab2_func
     000000F2  G$SBUF1$0$0                        lab2_func
     000000F2  _SBUF1                             lab2_func
     000000F3  G$SADDR1$0$0                       lab2_func
     000000F3  _SADDR1                            lab2_func
     000000F4  G$TL4$0$0                          lab2_func
     000000F4  _TL4                               lab2_func
     000000F5  G$TH4$0$0                          lab2_func
     000000F5  _B_5                               _gptrget
     000000F5  _TH4                               lab2_func
     000000F6  G$EIP1$0$0                         lab2_func
     000000F6  _B_6                               _gptrget
     000000F6  _EIP1                              lab2_func
ASxxxx Linker V03.00 + NoICE + sdld,  page 13.
Hexadecimal  [32-Bits]

Area                                    Addr        Size        Decimal Bytes (Attributes)
--------------------------------        ----        ----        ------- ----- ------------
.  .ABS.                            00000000    00000000 =           0. bytes (ABS,CON)

      Value  Global                              Global Defined In Module
      -----  --------------------------------   ------------------------
     000000F7  G$EIP2$0$0                         lab2_func
     000000F7  _B_7                               _gptrget
     000000F7  _EIP2                              lab2_func
     000000F8  G$SPI0CN$0$0                       lab2_func
     000000F8  G$SPIEN$0$0                        lab2_func
     000000F8  _SPI0CN                            lab2_func
     000000F8  _SPIEN                             lab2_func
     000000F9  G$MSTEN$0$0                        lab2_func
     000000F9  G$PCA0H$0$0                        lab2_func
     000000F9  _MSTEN                             lab2_func
     000000F9  _PCA0H                             lab2_func
     000000FA  G$PCA0CPH0$0$0                     lab2_func
     000000FA  G$SLVSEL$0$0                       lab2_func
     000000FA  _PCA0CPH0                          lab2_func
     000000FA  _SLVSEL                            lab2_func
     000000FB  G$PCA0CPH1$0$0                     lab2_func
     000000FB  G$TXBSY$0$0                        lab2_func
     000000FB  _PCA0CPH1                          lab2_func
     000000FB  _TXBSY                             lab2_func
     000000FC  G$PCA0CPH2$0$0                     lab2_func
     000000FC  G$RXOVRN$0$0                       lab2_func
     000000FC  _PCA0CPH2                          lab2_func
     000000FC  _RXOVRN                            lab2_func
     000000FD  G$MODF$0$0                         lab2_func
     000000FD  G$PCA0CPH3$0$0                     lab2_func
     000000FD  _MODF                              lab2_func
     000000FD  _PCA0CPH3                          lab2_func
     000000FE  G$PCA0CPH4$0$0                     lab2_func
     000000FE  G$WCOL$0$0                         lab2_func
     000000FE  _PCA0CPH4                          lab2_func
     000000FE  _WCOL                              lab2_func
     000000FF  G$SPIF$0$0                         lab2_func
     000000FF  G$WDTCN$0$0                        lab2_func
     000000FF  _SPIF                              lab2_func
     000000FF  _WDTCN                             lab2_func
     00008C8A  G$TMR0$0$0                         lab2_func
     00008C8A  _TMR0                              lab2_func
     00008D8B  G$TMR1$0$0                         lab2_func
     00008D8B  _TMR1                              lab2_func
     00009392  G$TMR3RL$0$0                       lab2_func
     00009392  _TMR3RL                            lab2_func
     00009594  G$TMR3$0$0                         lab2_func
     00009594  _TMR3                              lab2_func
     0000BFBE  G$ADC0$0$0                         lab2_func
     0000BFBE  _ADC0                              lab2_func
     0000C5C4  G$ADC0GT$0$0                       lab2_func
     0000C5C4  _ADC0GT                            lab2_func
     0000C7C6  G$ADC0LT$0$0                       lab2_func
     0000C7C6  _ADC0LT                            lab2_func
     0000CBCA  G$RCAP2$0$0                        lab2_func
     0000CBCA  _RCAP2                             lab2_func
ASxxxx Linker V03.00 + NoICE + sdld,  page 14.
Hexadecimal  [32-Bits]

Area                                    Addr        Size        Decimal Bytes (Attributes)
--------------------------------        ----        ----        ------- ----- ------------
.  .ABS.                            00000000    00000000 =           0. bytes (ABS,CON)

      Value  Global                              Global Defined In Module
      -----  --------------------------------   ------------------------
     0000CDCC  G$TMR2$0$0                         lab2_func
     0000CDCC  _TMR2                              lab2_func
     0000D3D2  G$DAC0$0$0                         lab2_func
     0000D3D2  _DAC0                              lab2_func
     0000D6D5  G$DAC1$0$0                         lab2_func
     0000D6D5  _DAC1                              lab2_func
     0000E5E4  G$RCAP4$0$0                        lab2_func
     0000E5E4  _RCAP4                             lab2_func
     0000F5F4  G$TMR4$0$0                         lab2_func
     0000F5F4  _TMR4                              lab2_func
     0000F9E9  G$PCA0$0$0                         lab2_func
     0000F9E9  _PCA0                              lab2_func
     0000FAEA  G$PCA0CP0$0$0                      lab2_func
     0000FAEA  _PCA0CP0                           lab2_func
     0000FBEB  G$PCA0CP1$0$0                      lab2_func
     0000FBEB  _PCA0CP1                           lab2_func
     0000FCEC  G$PCA0CP2$0$0                      lab2_func
     0000FCEC  _PCA0CP2                           lab2_func
     0000FDED  G$PCA0CP3$0$0                      lab2_func
     0000FDED  _PCA0CP3                           lab2_func
     0000FEEE  G$PCA0CP4$0$0                      lab2_func
     0000FEEE  _PCA0CP4                           lab2_func
ASxxxx Linker V03.00 + NoICE + sdld,  page 15.
Hexadecimal  [32-Bits]

Area                                    Addr        Size        Decimal Bytes (Attributes)
--------------------------------        ----        ----        ------- ----- ------------
BSEG_BYTES                          00000020    00000002 =           2. bytes (REL,CON)

      Value  Global                              Global Defined In Module
      -----  --------------------------------   ------------------------
ASxxxx Linker V03.00 + NoICE + sdld,  page 16.
Hexadecimal  [32-Bits]

Area                                    Addr        Size        Decimal Bytes (Attributes)
--------------------------------        ----        ----        ------- ----- ------------
REG_BANK_0                          00000000    00000008 =           8. bytes (REL,OVR)

      Value  Global                              Global Defined In Module
      -----  --------------------------------   ------------------------
ASxxxx Linker V03.00 + NoICE + sdld,  page 17.
Hexadecimal  [32-Bits]

Area                                    Addr        Size        Decimal Bytes (Attributes)
--------------------------------        ----        ----        ------- ----- ------------
DSEG                                00000000    0000007A =         122. bytes (REL,CON)

      Value  Global                              Global Defined In Module
      -----  --------------------------------   ------------------------
     0000000C  _vprintf_PARM_2                    vprintf
     0000000D  _bp                                _bp
     00000022  G$Counts$0$0                       lab2_func
     00000022  _Counts                            lab2_func
     00000024  G$score$0$0                        lab2_func
     00000024  _score                             lab2_func
     00000026  G$input$0$0                        lab2_func
     00000026  _input                             lab2_func
     00000027  G$i$0$0                            lab2_func
     00000027  _i                                 lab2_func
     00000028  G$speed$0$0                        lab2_func
     00000028  _speed                             lab2_func
     0000002A  G$light$0$0                        lab2_func
     0000002A  _light                             lab2_func
     00000032  G$times$0$0                        lab2_func
     00000032  _times                             lab2_func
     0000003A  G$alive$0$0                        lab2_func
     0000003A  _alive                             lab2_func
     0000003C  G$seq$0$0                          lab2_func
     0000003C  _seq                               lab2_func
     0000003D  G$rep$0$0                          lab2_func
     0000003D  _rep                               lab2_func
     0000003E  G$currLED$0$0                      lab2_func
     0000003E  _currLED                           lab2_func
     0000003F  G$adc$0$0                          lab2_func
     0000003F  _adc                               lab2_func
     00000040  G$whichLED$0$0                     lab2_func
     00000040  _whichLED                          lab2_func
     00000041  G$blink$0$0                        lab2_func
     00000041  _blink                             lab2_func
     00000042  G$ADresult$0$0                     lab2_func
     00000042  _ADresult                          lab2_func
     00000043  G$blink_rate$0$0                   lab2_func
     00000043  _blink_rate                        lab2_func
     00000045  G$delay$0$0                        lab2_func
     00000045  _delay                             lab2_func
     00000047  G$led_on$0$0                       lab2_func
     00000047  _led_on                            lab2_func
     00000048  G$currCounts$0$0                   lab2_func
     00000048  _currCounts                        lab2_func
     0000004A  Llab2_func.aligned_alloc$size$1$   lab2_func
     0000004A  _aligned_alloc_PARM_2              lab2_func
     00000058  __print_format_PARM_2              printf_large
     0000005B  __print_format_PARM_3              printf_large
     0000005E  __print_format_PARM_4              printf_large
ASxxxx Linker V03.00 + NoICE + sdld,  page 18.
Hexadecimal  [32-Bits]

Area                                    Addr        Size        Decimal Bytes (Attributes)
--------------------------------        ----        ----        ------- ----- ------------
OSEG                                0000000E    00000006 =           6. bytes (REL,OVR)

      Value  Global                              Global Defined In Module
      -----  --------------------------------   ------------------------
     0000000E  __divsint_PARM_2                   _divuint
     0000000E  __divuint_PARM_2                   _divuint
     0000000E  __modsint_PARM_2                   _moduint
     0000000E  __moduint_PARM_2                   _moduint
     0000000E  __mulint_PARM_2                    _mulint
     0000000E  __mullong_PARM_2                   _mullong
ASxxxx Linker V03.00 + NoICE + sdld,  page 19.
Hexadecimal  [32-Bits]

Area                                    Addr        Size        Decimal Bytes (Attributes)
--------------------------------        ----        ----        ------- ----- ------------
ISEG                                00000014    00000006 =           6. bytes (REL,CON)

      Value  Global                              Global Defined In Module
      -----  --------------------------------   ------------------------
ASxxxx Linker V03.00 + NoICE + sdld,  page 20.
Hexadecimal  [32-Bits]

Area                                    Addr        Size        Decimal Bytes (Attributes)
--------------------------------        ----        ----        ------- ----- ------------
SSEG                                00000066    0000009A =         154. bytes (REL,OVR)

      Value  Global                              Global Defined In Module
      -----  --------------------------------   ------------------------
     00000066  __start__stack                     lab2_func

ASxxxx Linker V03.00 + NoICE + sdld,  page 21.
Hexadecimal  [32-Bits]

Area                                    Addr        Size        Decimal Bytes (Attributes)
--------------------------------        ----        ----        ------- ----- ------------
HOME                                00000000    00000011 =          17. bytes (REL,CON,CODE)

      Value  Global                              Global Defined In Module
      -----  --------------------------------   ------------------------
C:   00000000  A$lab2-func$1061                   lab2_func
C:   00000003  A$lab2-func$1062                   lab2_func
C:   0000000B  A$lab2-func$1064                   lab2_func
C:   0000000E  A$lab2-func$1107                   lab2_func
C:   0000000E  __sdcc_program_startup             lab2_func

ASxxxx Linker V03.00 + NoICE + sdld,  page 22.
Hexadecimal  [32-Bits]

Area                                    Addr        Size        Decimal Bytes (Attributes)
--------------------------------        ----        ----        ------- ----- ------------
GSINIT0                             00000011    00000003 =           3. bytes (REL,CON,CODE)

      Value  Global                              Global Defined In Module
      -----  --------------------------------   ------------------------
C:   00000011  __sdcc_gsinit_startup              

ASxxxx Linker V03.00 + NoICE + sdld,  page 23.
Hexadecimal  [32-Bits]

Area                                    Addr        Size        Decimal Bytes (Attributes)
--------------------------------        ----        ----        ------- ----- ------------
GSINIT2                             00000014    0000000A =          10. bytes (REL,CON,CODE)

      Value  Global                              Global Defined In Module
      -----  --------------------------------   ------------------------
ASxxxx Linker V03.00 + NoICE + sdld,  page 24.
Hexadecimal  [32-Bits]

Area                                    Addr        Size        Decimal Bytes (Attributes)
--------------------------------        ----        ----        ------- ----- ------------
GSINIT3                             0000001E    00000022 =          34. bytes (REL,CON,CODE)

      Value  Global                              Global Defined In Module
      -----  --------------------------------   ------------------------
C:   0000001E  __mcs51_genXINIT                   

ASxxxx Linker V03.00 + NoICE + sdld,  page 25.
Hexadecimal  [32-Bits]

Area                                    Addr        Size        Decimal Bytes (Attributes)
--------------------------------        ----        ----        ------- ----- ------------
GSINIT4                             00000040    0000002A =          42. bytes (REL,CON,CODE)

      Value  Global                              Global Defined In Module
      -----  --------------------------------   ------------------------
C:   00000040  __mcs51_genRAMCLEAR                
C:   00000046  __mcs51_genXRAMCLEAR               

ASxxxx Linker V03.00 + NoICE + sdld,  page 26.
Hexadecimal  [32-Bits]

Area                                    Addr        Size        Decimal Bytes (Attributes)
--------------------------------        ----        ----        ------- ----- ------------
GSINIT                              0000006A    00000021 =          33. bytes (REL,CON,CODE)

      Value  Global                              Global Defined In Module
      -----  --------------------------------   ------------------------
C:   0000006A  A$lab2-func$1080                   lab2_func
C:   0000006A  C$lab2_func.c$55$1$139             lab2_func
C:   0000006B  A$lab2-func$1081                   lab2_func
C:   0000006D  A$lab2-func$1082                   lab2_func
C:   0000006F  A$lab2-func$1085                   lab2_func
C:   0000006F  C$lab2_func.c$56$1$139             lab2_func
C:   00000071  A$lab2-func$1086                   lab2_func
C:   00000073  A$lab2-func$1089                   lab2_func
C:   00000073  C$lab2_func.c$59$1$139             lab2_func
C:   00000076  A$lab2-func$1090                   lab2_func
C:   00000079  A$lab2-func$1093                   lab2_func
C:   00000079  C$lab2_func.c$64$1$139             lab2_func
C:   0000007C  A$lab2-func$1095                   lab2_func
C:   0000007E  A$lab2-func$1098                   lab2_func
C:   0000007E  C$lab2_func.c$67$1$139             lab2_func
ASxxxx Linker V03.00 + NoICE + sdld,  page 27.
Hexadecimal  [32-Bits]

Area                                    Addr        Size        Decimal Bytes (Attributes)
--------------------------------        ----        ----        ------- ----- ------------
GSFINAL                             0000008B    00000003 =           3. bytes (REL,CON,CODE)

      Value  Global                              Global Defined In Module
      -----  --------------------------------   ------------------------
C:   0000008B  A$lab2-func$1100                   lab2_func

ASxxxx Linker V03.00 + NoICE + sdld,  page 28.
Hexadecimal  [32-Bits]

Area                                    Addr        Size        Decimal Bytes (Attributes)
--------------------------------        ----        ----        ------- ----- ------------
CSEG                                0000008E    00001920 =        6432. bytes (REL,CON,CODE)

      Value  Global                              Global Defined In Module
      -----  --------------------------------   ------------------------
C:   0000008E  A$lab2-func$1135                   lab2_func
C:   0000008E  C$c8051_SDCC.h$62$0$0              lab2_func
C:   0000008E  C$c8051_SDCC.h$66$1$2              lab2_func
C:   0000008E  G$SYSCLK_Init$0$0                  lab2_func
C:   0000008E  _SYSCLK_Init                       lab2_func
C:   00000091  A$lab2-func$1138                   lab2_func
C:   00000091  C$c8051_SDCC.h$69$1$2              lab2_func
C:   00000093  A$lab2-func$1139                   lab2_func
C:   00000095  A$lab2-func$1141                   lab2_func
C:   00000096  A$lab2-func$1142                   lab2_func
C:   00000098  A$lab2-func$1143                   lab2_func
C:   00000099  A$lab2-func$1144                   lab2_func
C:   0000009A  A$lab2-func$1145                   lab2_func
C:   0000009C  A$lab2-func$1146                   lab2_func
C:   0000009D  A$lab2-func$1147                   lab2_func
C:   0000009F  A$lab2-func$1148                   lab2_func
C:   000000A1  A$lab2-func$1149                   lab2_func
C:   000000A2  A$lab2-func$1150                   lab2_func
C:   000000A3  A$lab2-func$1151                   lab2_func
C:   000000A5  A$lab2-func$1155                   lab2_func
C:   000000A5  C$c8051_SDCC.h$71$1$2              lab2_func
C:   000000A7  A$lab2-func$1156                   lab2_func
C:   000000AA  A$lab2-func$1159                   lab2_func
C:   000000AA  C$c8051_SDCC.h$73$1$2              lab2_func
C:   000000AD  A$lab2-func$1162                   lab2_func
C:   000000AD  C$c8051_SDCC.h$76$1$2              lab2_func
C:   000000AD  XG$SYSCLK_Init$0$0                 lab2_func
C:   000000AE  A$lab2-func$1175                   lab2_func
C:   000000AE  C$c8051_SDCC.h$84$1$2              lab2_func
C:   000000AE  C$c8051_SDCC.h$86$1$4              lab2_func
C:   000000AE  G$UART0_Init$0$0                   lab2_func
C:   000000AE  _UART0_Init                        lab2_func
C:   000000B1  A$lab2-func$1178                   lab2_func
C:   000000B1  C$c8051_SDCC.h$87$1$4              lab2_func
C:   000000B4  A$lab2-func$1181                   lab2_func
C:   000000B4  C$c8051_SDCC.h$88$1$4              lab2_func
C:   000000B7  A$lab2-func$1184                   lab2_func
C:   000000B7  C$c8051_SDCC.h$89$1$4              lab2_func
C:   000000B9  A$lab2-func$1187                   lab2_func
C:   000000B9  C$c8051_SDCC.h$90$1$4              lab2_func
C:   000000BC  A$lab2-func$1190                   lab2_func
C:   000000BC  C$c8051_SDCC.h$91$1$4              lab2_func
C:   000000BF  A$lab2-func$1193                   lab2_func
C:   000000BF  C$c8051_SDCC.h$93$1$4              lab2_func
C:   000000C1  A$lab2-func$1196                   lab2_func
C:   000000C1  C$c8051_SDCC.h$94$1$4              lab2_func
C:   000000C4  A$lab2-func$1199                   lab2_func
C:   000000C4  C$c8051_SDCC.h$95$1$4              lab2_func
C:   000000C4  XG$UART0_Init$0$0                  lab2_func
C:   000000C5  A$lab2-func$1212                   lab2_func
ASxxxx Linker V03.00 + NoICE + sdld,  page 29.
Hexadecimal  [32-Bits]

Area                                    Addr        Size        Decimal Bytes (Attributes)
--------------------------------        ----        ----        ------- ----- ------------
CSEG                                0000008E    00001920 =        6432. bytes (REL,CON,CODE)

      Value  Global                              Global Defined In Module
      -----  --------------------------------   ------------------------
C:   000000C5  C$c8051_SDCC.h$103$1$4             lab2_func
C:   000000C5  C$c8051_SDCC.h$105$1$6             lab2_func
C:   000000C5  G$Sys_Init$0$0                     lab2_func
C:   000000C5  _Sys_Init                          lab2_func
C:   000000C8  A$lab2-func$1215                   lab2_func
C:   000000C8  C$c8051_SDCC.h$106$1$6             lab2_func
C:   000000CB  A$lab2-func$1218                   lab2_func
C:   000000CB  C$c8051_SDCC.h$108$1$6             lab2_func
C:   000000CE  A$lab2-func$1221                   lab2_func
C:   000000CE  C$c8051_SDCC.h$109$1$6             lab2_func
C:   000000D1  A$lab2-func$1224                   lab2_func
C:   000000D1  C$c8051_SDCC.h$111$1$6             lab2_func
C:   000000D4  A$lab2-func$1227                   lab2_func
C:   000000D4  C$c8051_SDCC.h$112$1$6             lab2_func
C:   000000D7  A$lab2-func$1230                   lab2_func
C:   000000D7  C$c8051_SDCC.h$113$1$6             lab2_func
C:   000000D7  XG$Sys_Init$0$0                    lab2_func
C:   000000D8  A$lab2-func$1243                   lab2_func
C:   000000D8  C$c8051_SDCC.h$129$1$6             lab2_func
C:   000000D8  G$putchar$0$0                      lab2_func
C:   000000D8  _putchar                           lab2_func
C:   000000DA  A$lab2-func$1249                   lab2_func
C:   000000DA  C$c8051_SDCC.h$132$1$8             lab2_func
C:   000000DA  C$c8051_SDCC.h$133$1$8             lab2_func
C:   000000DD  A$lab2-func$1250                   lab2_func
C:   000000DF  A$lab2-func$1254                   lab2_func
C:   000000DF  C$c8051_SDCC.h$134$1$8             lab2_func
C:   000000E1  A$lab2-func$1257                   lab2_func
C:   000000E1  C$c8051_SDCC.h$135$1$8             lab2_func
C:   000000E1  XG$putchar$0$0                     lab2_func
C:   000000E2  A$lab2-func$1275                   lab2_func
C:   000000E2  C$c8051_SDCC.h$154$1$8             lab2_func
C:   000000E2  C$c8051_SDCC.h$157$1$10            lab2_func
C:   000000E2  C$c8051_SDCC.h$158$1$10            lab2_func
C:   000000E2  G$getchar$0$0                      lab2_func
C:   000000E2  _getchar                           lab2_func
C:   000000E5  A$lab2-func$1276                   lab2_func
C:   000000E7  A$lab2-func$1280                   lab2_func
C:   000000E7  C$c8051_SDCC.h$159$1$10            lab2_func
C:   000000E9  A$lab2-func$1283                   lab2_func
C:   000000E9  C$c8051_SDCC.h$160$1$10            lab2_func
C:   000000EB  A$lab2-func$1284                   lab2_func
C:   000000ED  A$lab2-func$1285                   lab2_func
C:   000000F0  A$lab2-func$1286                   lab2_func
C:   000000F2  A$lab2-func$1289                   lab2_func
C:   000000F2  C$c8051_SDCC.h$161$1$10            lab2_func
C:   000000F4  A$lab2-func$1292                   lab2_func
C:   000000F4  C$c8051_SDCC.h$162$1$10            lab2_func
C:   000000F4  XG$getchar$0$0                     lab2_func
C:   000000F5  A$lab2-func$1307                   lab2_func
C:   000000F5  C$c8051_SDCC.h$168$1$10            lab2_func
ASxxxx Linker V03.00 + NoICE + sdld,  page 30.
Hexadecimal  [32-Bits]

Area                                    Addr        Size        Decimal Bytes (Attributes)
--------------------------------        ----        ----        ------- ----- ------------
CSEG                                0000008E    00001920 =        6432. bytes (REL,CON,CODE)

      Value  Global                              Global Defined In Module
      -----  --------------------------------   ------------------------
C:   000000F5  C$c8051_SDCC.h$171$1$12            lab2_func
C:   000000F5  G$getchar_nw$0$0                   lab2_func
C:   000000F5  _getchar_nw                        lab2_func
C:   000000F8  A$lab2-func$1308                   lab2_func
C:   000000FB  A$lab2-func$1309                   lab2_func
C:   000000FD  A$lab2-func$1313                   lab2_func
C:   000000FD  C$c8051_SDCC.h$174$2$13            lab2_func
C:   000000FF  A$lab2-func$1316                   lab2_func
C:   000000FF  C$c8051_SDCC.h$175$2$13            lab2_func
C:   00000102  A$lab2-func$1319                   lab2_func
C:   00000102  C$c8051_SDCC.h$176$2$13            lab2_func
C:   00000105  A$lab2-func$1322                   lab2_func
C:   00000105  C$c8051_SDCC.h$177$2$13            lab2_func
C:   00000108  A$lab2-func$1326                   lab2_func
C:   00000108  C$c8051_SDCC.h$179$1$12            lab2_func
C:   00000108  XG$getchar_nw$0$0                  lab2_func
C:   00000109  A$lab2-func$1339                   lab2_func
C:   00000109  C$lab2_func.c$88$1$12              lab2_func
C:   00000109  C$lab2_func.c$90$1$65              lab2_func
C:   00000109  G$main$0$0                         lab2_func
C:   00000109  _main                              lab2_func
C:   0000010C  A$lab2-func$1342                   lab2_func
C:   0000010C  C$lab2_func.c$91$1$65              lab2_func
C:   0000010F  A$lab2-func$1345                   lab2_func
C:   0000010F  C$lab2_func.c$92$1$65              lab2_func
C:   00000112  A$lab2-func$1348                   lab2_func
C:   00000112  C$lab2_func.c$93$1$65              lab2_func
C:   00000115  A$lab2-func$1351                   lab2_func
C:   00000115  C$lab2_func.c$94$1$65              lab2_func
C:   00000118  A$lab2-func$1354                   lab2_func
C:   00000118  C$lab2_func.c$95$1$65              lab2_func
C:   0000011A  A$lab2-func$1355                   lab2_func
C:   0000011C  A$lab2-func$1356                   lab2_func
C:   0000011E  A$lab2-func$1357                   lab2_func
C:   00000120  A$lab2-func$1358                   lab2_func
C:   00000122  A$lab2-func$1359                   lab2_func
C:   00000124  A$lab2-func$1360                   lab2_func
C:   00000127  A$lab2-func$1361                   lab2_func
C:   00000129  A$lab2-func$1362                   lab2_func
C:   0000012B  A$lab2-func$1363                   lab2_func
C:   0000012D  A$lab2-func$1366                   lab2_func
C:   0000012D  C$lab2_func.c$96$1$65              lab2_func
C:   00000130  A$lab2-func$1367                   lab2_func
C:   00000133  A$lab2-func$1373                   lab2_func
C:   00000133  C$lab2_func.c$97$1$65              lab2_func
C:   00000133  C$lab2_func.c$99$2$66              lab2_func
C:   00000136  A$lab2-func$1376                   lab2_func
C:   00000136  C$lab2_func.c$100$2$66             lab2_func
C:   00000139  A$lab2-func$1379                   lab2_func
C:   00000139  C$lab2_func.c$101$2$66             lab2_func
C:   0000013A  A$lab2-func$1380                   lab2_func
ASxxxx Linker V03.00 + NoICE + sdld,  page 31.
Hexadecimal  [32-Bits]

Area                                    Addr        Size        Decimal Bytes (Attributes)
--------------------------------        ----        ----        ------- ----- ------------
CSEG                                0000008E    00001920 =        6432. bytes (REL,CON,CODE)

      Value  Global                              Global Defined In Module
      -----  --------------------------------   ------------------------
C:   0000013C  A$lab2-func$1381                   lab2_func
C:   0000013E  A$lab2-func$1382                   lab2_func
C:   00000140  A$lab2-func$1383                   lab2_func
C:   00000142  A$lab2-func$1386                   lab2_func
C:   00000142  C$lab2_func.c$104$1$65             lab2_func
C:   00000142  XG$main$0$0                        lab2_func
C:   00000143  A$lab2-func$1399                   lab2_func
C:   00000143  C$lab2_func.c$107$1$65             lab2_func
C:   00000143  C$lab2_func.c$110$1$68             lab2_func
C:   00000143  G$Port_Init$0$0                    lab2_func
C:   00000143  _Port_Init                         lab2_func
C:   00000146  A$lab2-func$1402                   lab2_func
C:   00000146  C$lab2_func.c$111$1$68             lab2_func
C:   00000149  A$lab2-func$1405                   lab2_func
C:   00000149  C$lab2_func.c$112$1$68             lab2_func
C:   0000014C  A$lab2-func$1408                   lab2_func
C:   0000014C  C$lab2_func.c$115$1$68             lab2_func
C:   0000014F  A$lab2-func$1411                   lab2_func
C:   0000014F  C$lab2_func.c$118$1$68             lab2_func
C:   00000152  A$lab2-func$1414                   lab2_func
C:   00000152  C$lab2_func.c$119$1$68             lab2_func
C:   00000155  A$lab2-func$1417                   lab2_func
C:   00000155  C$lab2_func.c$120$1$68             lab2_func
C:   00000158  A$lab2-func$1420                   lab2_func
C:   00000158  C$lab2_func.c$121$1$68             lab2_func
C:   00000158  XG$Port_Init$0$0                   lab2_func
C:   00000159  A$lab2-func$1433                   lab2_func
C:   00000159  C$lab2_func.c$123$1$68             lab2_func
C:   00000159  C$lab2_func.c$125$1$70             lab2_func
C:   00000159  G$Interrupt_Init$0$0               lab2_func
C:   00000159  _Interrupt_Init                    lab2_func
C:   0000015C  A$lab2-func$1436                   lab2_func
C:   0000015C  C$lab2_func.c$126$1$70             lab2_func
C:   0000015E  A$lab2-func$1439                   lab2_func
C:   0000015E  C$lab2_func.c$127$1$70             lab2_func
C:   0000015E  XG$Interrupt_Init$0$0              lab2_func
C:   0000015F  A$lab2-func$1452                   lab2_func
C:   0000015F  C$lab2_func.c$129$1$70             lab2_func
C:   0000015F  C$lab2_func.c$132$1$72             lab2_func
C:   0000015F  G$Timer_Init$0$0                   lab2_func
C:   0000015F  _Timer_Init                        lab2_func
C:   00000162  A$lab2-func$1455                   lab2_func
C:   00000162  C$lab2_func.c$133$1$72             lab2_func
C:   00000165  A$lab2-func$1458                   lab2_func
C:   00000165  C$lab2_func.c$134$1$72             lab2_func
C:   00000168  A$lab2-func$1461                   lab2_func
C:   00000168  C$lab2_func.c$135$1$72             lab2_func
C:   0000016A  A$lab2-func$1464                   lab2_func
C:   0000016A  C$lab2_func.c$136$1$72             lab2_func
C:   0000016B  A$lab2-func$1465                   lab2_func
C:   0000016D  A$lab2-func$1466                   lab2_func
ASxxxx Linker V03.00 + NoICE + sdld,  page 32.
Hexadecimal  [32-Bits]

Area                                    Addr        Size        Decimal Bytes (Attributes)
--------------------------------        ----        ----        ------- ----- ------------
CSEG                                0000008E    00001920 =        6432. bytes (REL,CON,CODE)

      Value  Global                              Global Defined In Module
      -----  --------------------------------   ------------------------
C:   0000016F  A$lab2-func$1469                   lab2_func
C:   0000016F  C$lab2_func.c$138$1$72             lab2_func
C:   0000016F  XG$Timer_Init$0$0                  lab2_func
C:   00000170  A$lab2-func$1480                   lab2_func
C:   00000170  C$lab2_func.c$142$1$72             lab2_func
C:   00000170  G$Timer0_ISR$0$0                   lab2_func
C:   00000170  _Timer0_ISR                        lab2_func
C:   00000172  A$lab2-func$1481                   lab2_func
C:   00000174  A$lab2-func$1484                   lab2_func
C:   00000174  C$lab2_func.c$144$1$74             lab2_func
C:   00000176  A$lab2-func$1485                   lab2_func
C:   00000177  A$lab2-func$1486                   lab2_func
C:   0000017A  A$lab2-func$1487                   lab2_func
C:   0000017C  A$lab2-func$1489                   lab2_func
C:   0000017E  A$lab2-func$1490                   lab2_func
C:   00000180  A$lab2-func$1493                   lab2_func
C:   00000180  C$lab2_func.c$146$1$74             lab2_func
C:   00000180  XG$Timer0_ISR$0$0                  lab2_func
C:   00000181  A$lab2-func$1510                   lab2_func
C:   00000181  C$lab2_func.c$148$1$74             lab2_func
C:   00000181  C$lab2_func.c$150$1$76             lab2_func
C:   00000181  G$ADC_Init$0$0                     lab2_func
C:   00000181  _ADC_Init                          lab2_func
C:   00000184  A$lab2-func$1513                   lab2_func
C:   00000184  C$lab2_func.c$151$1$76             lab2_func
C:   00000187  A$lab2-func$1516                   lab2_func
C:   00000187  C$lab2_func.c$152$1$76             lab2_func
C:   0000018A  A$lab2-func$1519                   lab2_func
C:   0000018A  C$lab2_func.c$153$1$76             lab2_func
C:   0000018A  XG$ADC_Init$0$0                    lab2_func
C:   0000018B  A$lab2-func$1532                   lab2_func
C:   0000018B  C$lab2_func.c$155$1$76             lab2_func
C:   0000018B  G$read_AD_input$0$0                lab2_func
C:   0000018B  _read_AD_input                     lab2_func
C:   0000018E  A$lab2-func$1535                   lab2_func
C:   0000018E  C$lab2_func.c$158$1$78             lab2_func
C:   00000191  A$lab2-func$1538                   lab2_func
C:   00000191  C$lab2_func.c$159$1$78             lab2_func
C:   00000194  A$lab2-func$1542                   lab2_func
C:   00000194  C$lab2_func.c$160$1$78             lab2_func
C:   00000196  A$lab2-func$1543                   lab2_func
C:   00000199  A$lab2-func$1546                   lab2_func
C:   00000199  C$lab2_func.c$161$1$78             lab2_func
C:   0000019C  A$lab2-func$1549                   lab2_func
C:   0000019C  C$lab2_func.c$162$1$78             lab2_func
C:   0000019C  XG$read_AD_input$0$0               lab2_func
C:   0000019D  A$lab2-func$1564                   lab2_func
C:   0000019D  C$lab2_func.c$171$1$78             lab2_func
C:   0000019D  C$lab2_func.c$173$1$80             lab2_func
C:   0000019D  G$random$0$0                       lab2_func
C:   0000019D  _random                            lab2_func
ASxxxx Linker V03.00 + NoICE + sdld,  page 33.
Hexadecimal  [32-Bits]

Area                                    Addr        Size        Decimal Bytes (Attributes)
--------------------------------        ----        ----        ------- ----- ------------
CSEG                                0000008E    00001920 =        6432. bytes (REL,CON,CODE)

      Value  Global                              Global Defined In Module
      -----  --------------------------------   ------------------------
C:   0000019F  A$lab2-func$1565                   lab2_func
C:   000001A0  A$lab2-func$1566                   lab2_func
C:   000001A2  A$lab2-func$1569                   lab2_func
C:   000001A2  C$lab2_func.c$174$1$80             lab2_func
C:   000001A5  A$lab2-func$1570                   lab2_func
C:   000001A8  A$lab2-func$1571                   lab2_func
C:   000001AB  A$lab2-func$1572                   lab2_func
C:   000001AE  A$lab2-func$1573                   lab2_func
C:   000001B0  A$lab2-func$1574                   lab2_func
C:   000001B2  A$lab2-func$1575                   lab2_func
C:   000001B4  A$lab2-func$1579                   lab2_func
C:   000001B4  C$lab2_func.c$175$1$80             lab2_func
C:   000001B7  A$lab2-func$1582                   lab2_func
C:   000001B7  C$lab2_func.c$176$1$80             lab2_func
C:   000001BA  A$lab2-func$1583                   lab2_func
C:   000001BD  A$lab2-func$1584                   lab2_func
C:   000001C0  A$lab2-func$1585                   lab2_func
C:   000001C3  A$lab2-func$1586                   lab2_func
C:   000001C5  A$lab2-func$1587                   lab2_func
C:   000001C7  A$lab2-func$1588                   lab2_func
C:   000001C8  A$lab2-func$1589                   lab2_func
C:   000001C9  A$lab2-func$1590                   lab2_func
C:   000001CB  A$lab2-func$1591                   lab2_func
C:   000001CD  A$lab2-func$1595                   lab2_func
C:   000001CD  C$lab2_func.c$177$1$80             lab2_func
C:   000001D0  A$lab2-func$1598                   lab2_func
C:   000001D0  C$lab2_func.c$178$1$80             lab2_func
C:   000001D3  A$lab2-func$1599                   lab2_func
C:   000001D6  A$lab2-func$1600                   lab2_func
C:   000001D9  A$lab2-func$1601                   lab2_func
C:   000001DC  A$lab2-func$1602                   lab2_func
C:   000001DE  A$lab2-func$1603                   lab2_func
C:   000001E0  A$lab2-func$1604                   lab2_func
C:   000001E2  A$lab2-func$1608                   lab2_func
C:   000001E2  C$lab2_func.c$180$1$80             lab2_func
C:   000001E5  A$lab2-func$1612                   lab2_func
C:   000001E5  C$lab2_func.c$181$1$80             lab2_func
C:   000001E5  XG$random$0$0                      lab2_func
C:   000001E6  A$lab2-func$1625                   lab2_func
C:   000001E6  C$lab2_func.c$185$1$80             lab2_func
C:   000001E6  C$lab2_func.c$187$1$82             lab2_func
C:   000001E6  G$clear$0$0                        lab2_func
C:   000001E6  _clear                             lab2_func
C:   000001E8  A$lab2-func$1628                   lab2_func
C:   000001E8  C$lab2_func.c$188$1$82             lab2_func
C:   000001EA  A$lab2-func$1631                   lab2_func
C:   000001EA  C$lab2_func.c$189$1$82             lab2_func
C:   000001EC  A$lab2-func$1634                   lab2_func
C:   000001EC  C$lab2_func.c$190$1$82             lab2_func
C:   000001EE  A$lab2-func$1637                   lab2_func
C:   000001EE  C$lab2_func.c$191$1$82             lab2_func
ASxxxx Linker V03.00 + NoICE + sdld,  page 34.
Hexadecimal  [32-Bits]

Area                                    Addr        Size        Decimal Bytes (Attributes)
--------------------------------        ----        ----        ------- ----- ------------
CSEG                                0000008E    00001920 =        6432. bytes (REL,CON,CODE)

      Value  Global                              Global Defined In Module
      -----  --------------------------------   ------------------------
C:   000001F0  A$lab2-func$1640                   lab2_func
C:   000001F0  C$lab2_func.c$192$1$82             lab2_func
C:   000001F2  A$lab2-func$1643                   lab2_func
C:   000001F2  C$lab2_func.c$193$1$82             lab2_func
C:   000001F4  A$lab2-func$1646                   lab2_func
C:   000001F4  C$lab2_func.c$194$1$82             lab2_func
C:   000001F4  XG$clear$0$0                       lab2_func
C:   000001F5  A$lab2-func$1659                   lab2_func
C:   000001F5  C$lab2_func.c$197$1$82             lab2_func
C:   000001F5  C$lab2_func.c$199$1$84             lab2_func
C:   000001F5  G$CDS$0$0                          lab2_func
C:   000001F5  _CDS                               lab2_func
C:   000001F7  A$lab2-func$1660                   lab2_func
C:   000001F9  A$lab2-func$1661                   lab2_func
[...]
C:   00000D4E  A$lab2-func$3837                   lab2_func
C:   00000D50  A$lab2-func$3838                   lab2_func
C:   00000D51  A$lab2-func$3839                   lab2_func
C:   00000D52  A$lab2-func$3840                   lab2_func
C:   00000D54  A$lab2-func$3841                   lab2_func
C:   00000D55  A$lab2-func$3842                   lab2_func
C:   00000D57  A$lab2-func$3843                   lab2_func
C:   00000D59  A$lab2-func$3846                   lab2_func
C:   00000D59  C$lab2_func.c$643$6$144            lab2_func
C:   00000D5B  A$lab2-func$3847                   lab2_func
C:   00000D5D  A$lab2-func$3848                   lab2_func
C:   00000D5F  A$lab2-func$3849                   lab2_func
C:   00000D61  A$lab2-func$3850                   lab2_func
ASxxxx Linker V03.00 + NoICE + sdld,  page 68.
Hexadecimal  [32-Bits]

Area                                    Addr        Size        Decimal Bytes (Attributes)
--------------------------------        ----        ----        ------- ----- ------------
CSEG                                0000008E    00001920 =        6432. bytes (REL,CON,CODE)

      Value  Global                              Global Defined In Module
      -----  --------------------------------   ------------------------
C:   00000D63  A$lab2-func$3851                   lab2_func
C:   00000D65  A$lab2-func$3852                   lab2_func
C:   00000D68  A$lab2-func$3853                   lab2_func
C:   00000D6A  A$lab2-func$3854                   lab2_func
C:   00000D6C  A$lab2-func$3855                   lab2_func
C:   00000D6E  A$lab2-func$3858                   lab2_func
C:   00000D6E  C$lab2_func.c$644$6$144            lab2_func
C:   00000D70  A$lab2-func$3862                   lab2_func
C:   00000D70  C$lab2_func.c$646$4$142            lab2_func
C:   00000D73  A$lab2-func$3863                   lab2_func
C:   00000D76  A$lab2-func$3864                   lab2_func
C:   00000D79  A$lab2-func$3865                   lab2_func
C:   00000D7C  A$lab2-func$3869                   lab2_func
C:   00000D7C  C$lab2_func.c$647$4$142            lab2_func
C:   00000D7F  A$lab2-func$3870                   lab2_func
C:   00000D82  A$lab2-func$3873                   lab2_func
C:   00000D82  C$lab2_func.c$648$4$142            lab2_func
C:   00000D84  A$lab2-func$3874                   lab2_func
C:   00000D86  A$lab2-func$3875                   lab2_func
C:   00000D87  A$lab2-func$3876                   lab2_func
C:   00000D88  A$lab2-func$3877                   lab2_func
C:   00000D89  A$lab2-func$3878                   lab2_func
C:   00000D8C  A$lab2-func$3879                   lab2_func
C:   00000D8E  A$lab2-func$3883                   lab2_func
C:   00000D8E  C$lab2_func.c$650$5$145            lab2_func
C:   00000D8F  A$lab2-func$3884                   lab2_func
C:   00000D91  A$lab2-func$3885                   lab2_func
C:   00000D93  A$lab2-func$3888                   lab2_func
C:   00000D93  C$lab2_func.c$651$5$145            lab2_func
C:   00000D95  A$lab2-func$3889                   lab2_func
C:   00000D97  A$lab2-func$3890                   lab2_func
C:   00000D99  A$lab2-func$3891                   lab2_func
C:   00000D9B  A$lab2-func$3892                   lab2_func
C:   00000D9D  A$lab2-func$3893                   lab2_func
C:   00000D9F  A$lab2-func$3894                   lab2_func
C:   00000DA1  A$lab2-func$3895                   lab2_func
C:   00000DA3  A$lab2-func$3896                   lab2_func
C:   00000DA5  A$lab2-func$3897                   lab2_func
C:   00000DA7  A$lab2-func$3898                   lab2_func
C:   00000DA9  A$lab2-func$3899                   lab2_func
C:   00000DAB  A$lab2-func$3900                   lab2_func
C:   00000DAE  A$lab2-func$3901                   lab2_func
C:   00000DB0  A$lab2-func$3902                   lab2_func
C:   00000DB2  A$lab2-func$3903                   lab2_func
C:   00000DB4  A$lab2-func$3906                   lab2_func
C:   00000DB4  C$lab2_func.c$653$5$145            lab2_func
C:   00000DB6  A$lab2-func$3909                   lab2_func
C:   00000DB6  C$lab2_func.c$654$5$145            lab2_func
C:   00000DB9  A$lab2-func$3912                   lab2_func
C:   00000DB9  C$lab2_func.c$655$5$145            lab2_func
C:   00000DBB  A$lab2-func$3915                   lab2_func
ASxxxx Linker V03.00 + NoICE + sdld,  page 69.
Hexadecimal  [32-Bits]

Area                                    Addr        Size        Decimal Bytes (Attributes)
--------------------------------        ----        ----        ------- ----- ------------
CSEG                                0000008E    00001920 =        6432. bytes (REL,CON,CODE)

      Value  Global                              Global Defined In Module
      -----  --------------------------------   ------------------------
C:   00000DBB  C$lab2_func.c$656$5$145            lab2_func
C:   00000DBD  A$lab2-func$3919                   lab2_func
C:   00000DBD  C$lab2_func.c$637$3$141            lab2_func
C:   00000DBF  A$lab2-func$3920                   lab2_func
C:   00000DC2  A$lab2-func$3924                   lab2_func
C:   00000DC2  C$lab2_func.c$659$3$141            lab2_func
C:   00000DC4  A$lab2-func$3925                   lab2_func
C:   00000DC6  A$lab2-func$3926                   lab2_func
C:   00000DC8  A$lab2-func$3929                   lab2_func
C:   00000DC8  C$lab2_func.c$660$3$141            lab2_func
C:   00000DCA  A$lab2-func$3930                   lab2_func
C:   00000DCB  A$lab2-func$3931                   lab2_func
C:   00000DCE  A$lab2-func$3932                   lab2_func
C:   00000DD0  A$lab2-func$3936                   lab2_func
C:   00000DD0  C$lab2_func.c$635$2$140            lab2_func
C:   00000DD2  A$lab2-func$3937                   lab2_func
C:   00000DD5  A$lab2-func$3941                   lab2_func
C:   00000DD5  C$lab2_func.c$664$2$140            lab2_func
C:   00000DD7  A$lab2-func$3942                   lab2_func
C:   00000DD9  A$lab2-func$3943                   lab2_func
C:   00000DDB  A$lab2-func$3946                   lab2_func
C:   00000DDB  C$lab2_func.c$666$3$146            lab2_func
C:   00000DDD  A$lab2-func$3949                   lab2_func
C:   00000DDD  C$lab2_func.c$667$3$146            lab2_func
C:   00000DDF  A$lab2-func$3953                   lab2_func
C:   00000DDF  C$lab2_func.c$671$3$147            lab2_func
C:   00000DE2  A$lab2-func$3954                   lab2_func
C:   00000DE5  A$lab2-func$3957                   lab2_func
C:   00000DE5  C$lab2_func.c$672$3$147            lab2_func
C:   00000DE7  A$lab2-func$3961                   lab2_func
C:   00000DE7  C$lab2_func.c$673$3$147            lab2_func
C:   00000DE9  A$lab2-func$3962                   lab2_func
C:   00000DEB  A$lab2-func$3963                   lab2_func
C:   00000DEC  A$lab2-func$3964                   lab2_func
C:   00000DEE  A$lab2-func$3965                   lab2_func
C:   00000DF0  A$lab2-func$3966                   lab2_func
C:   00000DF1  A$lab2-func$3967                   lab2_func
C:   00000DF2  A$lab2-func$3968                   lab2_func
C:   00000DF4  A$lab2-func$3969                   lab2_func
C:   00000DF5  A$lab2-func$3970                   lab2_func
C:   00000DF7  A$lab2-func$3971                   lab2_func
C:   00000DF8  A$lab2-func$3972                   lab2_func
C:   00000DFA  A$lab2-func$3975                   lab2_func
C:   00000DFA  C$lab2_func.c$674$3$147            lab2_func
C:   00000DFC  A$lab2-func$3978                   lab2_func
C:   00000DFC  C$lab2_func.c$675$3$147            lab2_func
C:   00000DFE  A$lab2-func$3979                   lab2_func
C:   00000E00  A$lab2-func$3980                   lab2_func
C:   00000E02  A$lab2-func$3981                   lab2_func
C:   00000E04  A$lab2-func$3982                   lab2_func
C:   00000E06  A$lab2-func$3983                   lab2_func
ASxxxx Linker V03.00 + NoICE + sdld,  page 70.
Hexadecimal  [32-Bits]

Area                                    Addr        Size        Decimal Bytes (Attributes)
--------------------------------        ----        ----        ------- ----- ------------
CSEG                                0000008E    00001920 =        6432. bytes (REL,CON,CODE)

      Value  Global                              Global Defined In Module
      -----  --------------------------------   ------------------------
C:   00000E08  A$lab2-func$3984                   lab2_func
C:   00000E0B  A$lab2-func$3985                   lab2_func
C:   00000E0D  A$lab2-func$3986                   lab2_func
C:   00000E0F  A$lab2-func$3987                   lab2_func
C:   00000E11  A$lab2-func$3990                   lab2_func
C:   00000E11  C$lab2_func.c$678$2$140            lab2_func
C:   00000E13  A$lab2-func$3993                   lab2_func
C:   00000E13  C$lab2_func.c$621$1$139            lab2_func
C:   00000E15  A$lab2-func$3994                   lab2_func
C:   00000E17  A$lab2-func$3995                   lab2_func
C:   00000E19  A$lab2-func$3996                   lab2_func
C:   00000E1B  A$lab2-func$3997                   lab2_func
C:   00000E1E  A$lab2-func$4002                   lab2_func
C:   00000E1E  C$lab2_func.c$681$1$139            lab2_func
C:   00000E20  A$lab2-func$4003                   lab2_func
C:   00000E22  A$lab2-func$4004                   lab2_func
C:   00000E24  A$lab2-func$4007                   lab2_func
C:   00000E24  C$lab2_func.c$682$1$139            lab2_func
C:   00000E26  A$lab2-func$4008                   lab2_func
C:   00000E28  A$lab2-func$4009                   lab2_func
C:   00000E2A  A$lab2-func$4010                   lab2_func
C:   00000E2C  A$lab2-func$4011                   lab2_func
C:   00000E2E  A$lab2-func$4012                   lab2_func
C:   00000E30  A$lab2-func$4013                   lab2_func
C:   00000E33  A$lab2-func$4014                   lab2_func
C:   00000E35  A$lab2-func$4015                   lab2_func
C:   00000E37  A$lab2-func$4016                   lab2_func
C:   00000E39  A$lab2-func$4020                   lab2_func
C:   00000E39  C$lab2_func.c$684$1$139            lab2_func
C:   00000E39  XG$game$0$0                        lab2_func
C:   00000E3A  __divuint                          _divuint
C:   00000E63  _rand                              rand
C:   00000E9F  _srand                             rand
C:   00000EAE  ___fsmul                           _fsmul
C:   00000F51  fsgetargs                          _fsget2args
C:   00000F7F  fs_normalize_a                     _fsnormalize
C:   00000FB2  ___fslt                            _fslt
C:   00000FE2  __mulint                           _mulint
C:   00000FE2  __mulint_dummy                     _mulint
C:   00000FFF  __mullong                          _mullong
C:   00000FFF  __mullong_dummy                    _mullong
C:   0000106D  __moduint                          _moduint
C:   000010BA  ___fsadd                           _fsadd
C:   000010BD  fsadd_direct_entry                 _fsadd
C:   00001113  fs_compare_uint32                  _fscmp
C:   00001131  fs_check_negative_zeros            _fscmp
C:   0000115C  ___fs2uint                         _fs2uint
C:   00001167  ___uint2fs                         _uint2fs
C:   00001173  fs_round_and_return                _fsreturnval
C:   0000118B  fs_zerocheck_return                _fsreturnval
C:   00001194  fs_return_zero                     _fsreturnval
ASxxxx Linker V03.00 + NoICE + sdld,  page 71.
Hexadecimal  [32-Bits]

Area                                    Addr        Size        Decimal Bytes (Attributes)
--------------------------------        ----        ----        ------- ----- ------------
CSEG                                0000008E    00001920 =        6432. bytes (REL,CON,CODE)

      Value  Global                              Global Defined In Module
      -----  --------------------------------   ------------------------
C:   0000119C  fs_direct_return                   _fsreturnval
C:   000011AA  fs_return_inf                      _fsreturnval
C:   000011B7  fs_return_nan                      _fsreturnval
C:   000011CD  _vprintf                           vprintf
C:   000011E6  _printf                            vprintf
C:   000012BD  __print_format                     printf_large
C:   000017C9  fs_swap_a_b                        _fsswapargs
C:   000017E3  _strlen                            _strlen
C:   000017FB  ___fsdiv                           _fsdiv
C:   000018BE  __gptrget                          _gptrget
C:   000018DA  ___uchar2fs                        _uchar2fs
C:   000018E5  __modsint                          _modsint
C:   0000191B  ___ulong2fs                        _ulong2fs
C:   00001924  ulong2fs_doit                      _ulong2fs
C:   0000192E  fs_rshift_a                        _fsrshift
C:   00001971  __sdcc_external_startup            _startup
C:   00001975  ___fs2ulong                        _fs2ulong
C:   00001977  fs2ulong_begin                     _fs2ulong
C:   0000199C  fsgetarg                           _fsget1arg
ASxxxx Linker V03.00 + NoICE + sdld,  page 72.
Hexadecimal  [32-Bits]

Area                                    Addr        Size        Decimal Bytes (Attributes)
--------------------------------        ----        ----        ------- ----- ------------
CONST                               000019AE    00000476 =        1142. bytes (REL,CON,CODE)

      Value  Global                              Global Defined In Module
      -----  --------------------------------   ------------------------
C:   000019AE  Flab2_func$__str_0$0$0             lab2_func
C:   000019C0  Flab2_func$__str_1$0$0             lab2_func
C:   00001A6F  Flab2_func$__str_2$0$0             lab2_func
C:   00001AB5  Flab2_func$__str_3$0$0             lab2_func
C:   00001AD9  Flab2_func$__str_4$0$0             lab2_func
C:   00001B03  Flab2_func$__str_5$0$0             lab2_func
C:   00001B2C  Flab2_func$__str_6$0$0             lab2_func
C:   00001B5D  Flab2_func$__str_7$0$0             lab2_func
C:   00001B69  Flab2_func$__str_8$0$0             lab2_func
C:   00001B72  Flab2_func$__str_9$0$0             lab2_func
C:   00001B7E  Flab2_func$__str_10$0$0            lab2_func
C:   00001BB0  Flab2_func$__str_11$0$0            lab2_func
C:   00001BBB  Flab2_func$__str_12$0$0            lab2_func
C:   00001BE0  Flab2_func$__str_13$0$0            lab2_func
C:   00001BEA  Flab2_func$__str_14$0$0            lab2_func
C:   00001C2D  Flab2_func$__str_15$0$0            lab2_func
C:   00001C74  Flab2_func$__str_16$0$0            lab2_func
C:   00001CAF  Flab2_func$__str_17$0$0            lab2_func
C:   00001CDA  Flab2_func$__str_18$0$0            lab2_func
C:   00001CF6  Flab2_func$__str_19$0$0            lab2_func
C:   00001D05  Flab2_func$__str_20$0$0            lab2_func
C:   00001D18  Flab2_func$__str_21$0$0            lab2_func
C:   00001D28  Flab2_func$__str_22$0$0            lab2_func
C:   00001D33  Flab2_func$__str_23$0$0            lab2_func
C:   00001D57  Flab2_func$__str_24$0$0            lab2_func
C:   00001D7E  Flab2_func$__str_25$0$0            lab2_func
C:   00001DA0  Flab2_func$__str_26$0$0            lab2_func
C:   00001DB2  Flab2_func$__str_27$0$0            lab2_func
C:   00001DCF  Flab2_func$__str_28$0$0            lab2_func
C:   00001DDC  Flab2_func$__str_29$0$0            lab2_func
C:   00001DF2  Flab2_func$__str_30$0$0            lab2_func
C:   00001DFD  Flab2_func$__str_31$0$0            lab2_func
C:   00001E04  Flab2_func$__str_32$0$0            lab2_func
C:   00001E0B  Flab2_func$__str_33$0$0            lab2_func
C:   00001E12  Flab2_func$__str_34$0$0            lab2_func

ASxxxx Linker V03.00 + NoICE + sdld,  page 73.

Files Linked                              [ module(s) ]

C:\Users\Tim\Documents\LITEC\Lab2\lab2-func.rel
                                          [  ]


Libraries Linked                          [ object file ]

C:\Program Files\SDCC\bin\..\lib\small/libint.lib
                                          [ _divuint.rel ]
C:\Program Files\SDCC\bin\..\lib\small/libsdcc.lib
                                          [ rand.rel ]
C:\Program Files\SDCC\bin\..\lib\small/libfloat.lib
                                          [ _fsmul.rel ]
C:\Program Files\SDCC\bin\..\lib\small/libfloat.lib
                                          [ _fsget2args.rel ]
C:\Program Files\SDCC\bin\..\lib\small/mcs51.lib
                                          [ crtclear.rel ]
C:\Program Files\SDCC\bin\..\lib\small/libfloat.lib
                                          [ _fsnormalize.rel ]
C:\Program Files\SDCC\bin\..\lib\small/mcs51.lib
                                          [ crtxinit.rel ]
C:\Program Files\SDCC\bin\..\lib\small/libfloat.lib
                                          [ _fslt.rel ]
C:\Program Files\SDCC\bin\..\lib\small/libint.lib
                                          [ _mulint.rel ]
C:\Program Files\SDCC\bin\..\lib\small/liblong.lib
                                          [ _mullong.rel ]
C:\Program Files\SDCC\bin\..\lib\small/libint.lib
                                          [ _moduint.rel ]
C:\Program Files\SDCC\bin\..\lib\small/mcs51.lib
                                          [ crtxclear.rel ]
C:\Program Files\SDCC\bin\..\lib\small/libfloat.lib
                                          [ _fsadd.rel ]
C:\Program Files\SDCC\bin\..\lib\small/libfloat.lib
                                          [ _fscmp.rel ]
C:\Program Files\SDCC\bin\..\lib\small/libfloat.lib
                                          [ _fs2uint.rel ]
C:\Program Files\SDCC\bin\..\lib\small/libfloat.lib
                                          [ _uint2fs.rel ]
C:\Program Files\SDCC\bin\..\lib\small/libfloat.lib
                                          [ _fsreturnval.rel ]
C:\Program Files\SDCC\bin\..\lib\small/libsdcc.lib
                                          [ vprintf.rel ]
C:\Program Files\SDCC\bin\..\lib\small/libsdcc.lib
                                          [ printf_large.rel ]
C:\Program Files\SDCC\bin\..\lib\small/libfloat.lib
                                          [ _fsswapargs.rel ]
C:\Program Files\SDCC\bin\..\lib\small/libsdcc.lib
                                          [ _strlen.rel ]
C:\Program Files\SDCC\bin\..\lib\small/libfloat.lib
                                          [ _fsdiv.rel ]
C:\Program Files\SDCC\bin\..\lib\small/mcs51.lib
                                          [ crtstart.rel ]
C:\Program Files\SDCC\bin\..\lib\small/libsdcc.lib
                                          [ _gptrget.rel ]
C:\Program Files\SDCC\bin\..\lib\small/libfloat.lib
                                          [ _uchar2fs.rel ]
C:\Program Files\SDCC\bin\..\lib\small/libint.lib
                                          [ _modsint.rel ]
C:\Program Files\SDCC\bin\..\lib\small/libfloat.lib
                                          [ _ulong2fs.rel ]
C:\Program Files\SDCC\bin\..\lib\small/libfloat.lib
                                          [ _fsrshift.rel ]
C:\Program Files\SDCC\bin\..\lib\small/libsdcc.lib
                                          [ _startup.rel ]
C:\Program Files\SDCC\bin\..\lib\small/libfloat.lib
                                          [ _fs2ulong.rel ]
C:\Program Files\SDCC\bin\..\lib\small/libsdcc.lib
                                          [ _bp.rel ]
C:\Program Files\SDCC\bin\..\lib\small/libfloat.lib
                                          [ _fsget1arg.rel ]

ASxxxx Linker V03.00 + NoICE + sdld,  page 74.

User Base Address Definitions

HOME = 0x0000
XSEG = 0x0001
PSEG = 0x0001
ISEG = 0x0000
BSEG = 0x0000

