ASxxxx Linker V03.00 + NoICE + sdld,  page 1.
Hexadecimal  [32-Bits]

Area                                    Addr        Size        Decimal Bytes (Attributes)
--------------------------------        ----        ----        ------- ----- ------------
CABS                                00000000    00000000 =           0. bytes (ABS,CON,CODE)

      Value  Global                              Global Defined In Module
      -----  --------------------------------   ------------------------
C:   00000000  l_BIT_BANK                      
C:   00000000  l_CABS                          
C:   00000000  l_GSINIT1                       
C:   00000000  l_GSINIT5                       
C:   00000000  l_IABS                          
C:   00000000  l_PSEG                          
C:   00000000  l_REG_BANK_1                    
C:   00000000  l_REG_BANK_2                    
C:   00000000  l_REG_BANK_3                    
C:   00000000  l_RSEG                          
C:   00000000  l_RSEG0                         
C:   00000000  l_RSEG1                         
C:   00000000  l_XABS                          
C:   00000000  l__CODE                         
C:   00000000  s_BSEG                          
C:   00000000  s_CABS                          
C:   00000000  s_DSEG                          
C:   00000000  s_HOME                          
C:   00000000  s_IABS                          
C:   00000000  s_REG_BANK_0                    
C:   00000000  s_RSEG                          
C:   00000000  s_RSEG0                         
C:   00000000  s_RSEG1                         
C:   00000000  s_XABS                          
C:   00000001  s_PSEG                          
C:   00000001  s_XSEG                          
C:   00000002  l_BSEG_BYTES                    
C:   00000003  l_GSFINAL                       
C:   00000003  l_GSINIT0                       
C:   00000006  l_ISEG                          
C:   00000006  l_OSEG                          
C:   00000006  l_XINIT                         
C:   00000006  l_XISEG                         
C:   00000008  l_REG_BANK_0                    
C:   00000008  s_REG_BANK_1                    
C:   0000000A  l_BSEG                          
C:   0000000A  l_GSINIT2                       
C:   00000010  s_REG_BANK_2                    
C:   00000011  s_OSEG                          
C:   00000017  s_ISEG                          
C:   00000018  s_BIT_BANK                      
C:   00000018  s_REG_BANK_3                    
C:   00000020  l_GSINIT                        
C:   00000020  s_BSEG_BYTES                    
C:   00000020  s__CODE                         
C:   00000022  l_GSINIT3                       
C:   0000002A  l_GSINIT4                       
C:   00000051  l_HOME                          
C:   00000051  s_GSINIT0                       
C:   00000052  l_XSEG                          
ASxxxx Linker V03.00 + NoICE + sdld,  page 2.
Hexadecimal  [32-Bits]

Area                                    Addr        Size        Decimal Bytes (Attributes)
--------------------------------        ----        ----        ------- ----- ------------
CABS                                00000000    00000000 =           0. bytes (ABS,CON,CODE)

      Value  Global                              Global Defined In Module
      -----  --------------------------------   ------------------------
C:   00000053  s_XISEG                         
C:   00000054  s_GSINIT1                       
C:   00000054  s_GSINIT2                       
C:   0000005E  s_GSINIT3                       
C:   0000007B  s_SSEG                          
C:   0000007D  l_DSEG                          
C:   00000080  s_GSINIT4                       
C:   00000085  l_SSEG                          
C:   000000AA  s_GSINIT                        
C:   000000AA  s_GSINIT5                       
C:   000000CA  s_GSFINAL                       
C:   000000CD  s_CSEG                          
C:   00000100  l_IRAM                          
C:   00000229  l_CONST                         
C:   00001662  l_CSEG                          
C:   0000172F  s_CONST                         
C:   00001958  s_XINIT                         

ASxxxx Linker V03.00 + NoICE + sdld,  page 3.
Hexadecimal  [32-Bits]

Area                                    Addr        Size        Decimal Bytes (Attributes)
--------------------------------        ----        ----        ------- ----- ------------
.  .ABS.                            00000000    00000000 =           0. bytes (ABS,CON)

      Value  Global                              Global Defined In Module
      -----  --------------------------------   ------------------------
     00000000  .__.ABS.                           _fsget1arg
     00000080  G$P0$0$0                           lab6Timothy_Ho_Shengyi_Shen_
     00000080  G$P0_0$0$0                         lab6Timothy_Ho_Shengyi_Shen_
     00000080  _P0                                lab6Timothy_Ho_Shengyi_Shen_
     00000080  _P0_0                              lab6Timothy_Ho_Shengyi_Shen_
     00000081  G$P0_1$0$0                         lab6Timothy_Ho_Shengyi_Shen_
     00000081  G$SP$0$0                           lab6Timothy_Ho_Shengyi_Shen_
     00000081  _P0_1                              lab6Timothy_Ho_Shengyi_Shen_
     00000081  _SP                                lab6Timothy_Ho_Shengyi_Shen_
     00000082  G$DPL$0$0                          lab6Timothy_Ho_Shengyi_Shen_
     00000082  G$P0_2$0$0                         lab6Timothy_Ho_Shengyi_Shen_
     00000082  _DPL                               lab6Timothy_Ho_Shengyi_Shen_
     00000082  _P0_2                              lab6Timothy_Ho_Shengyi_Shen_
     00000083  G$BUS_SCL$0$0                      lab6Timothy_Ho_Shengyi_Shen_
     00000083  G$DPH$0$0                          lab6Timothy_Ho_Shengyi_Shen_
     00000083  G$P0_3$0$0                         lab6Timothy_Ho_Shengyi_Shen_
     00000083  _BUS_SCL                           lab6Timothy_Ho_Shengyi_Shen_
     00000083  _DPH                               lab6Timothy_Ho_Shengyi_Shen_
     00000083  _P0_3                              lab6Timothy_Ho_Shengyi_Shen_
     00000084  G$P0_4$0$0                         lab6Timothy_Ho_Shengyi_Shen_
     00000084  G$P4$0$0                           lab6Timothy_Ho_Shengyi_Shen_
     00000084  _P0_4                              lab6Timothy_Ho_Shengyi_Shen_
     00000084  _P4                                lab6Timothy_Ho_Shengyi_Shen_
     00000085  G$P0_5$0$0                         lab6Timothy_Ho_Shengyi_Shen_
     00000085  G$P5$0$0                           lab6Timothy_Ho_Shengyi_Shen_
     00000085  _P0_5                              lab6Timothy_Ho_Shengyi_Shen_
     00000085  _P5                                lab6Timothy_Ho_Shengyi_Shen_
     00000086  G$P0_6$0$0                         lab6Timothy_Ho_Shengyi_Shen_
     00000086  G$P6$0$0                           lab6Timothy_Ho_Shengyi_Shen_
     00000086  _P0_6                              lab6Timothy_Ho_Shengyi_Shen_
     00000086  _P6                                lab6Timothy_Ho_Shengyi_Shen_
     00000087  G$P0_7$0$0                         lab6Timothy_Ho_Shengyi_Shen_
     00000087  G$PCON$0$0                         lab6Timothy_Ho_Shengyi_Shen_
     00000087  _P0_7                              lab6Timothy_Ho_Shengyi_Shen_
     00000087  _PCON                              lab6Timothy_Ho_Shengyi_Shen_
     00000088  G$IT0$0$0                          lab6Timothy_Ho_Shengyi_Shen_
     00000088  G$TCON$0$0                         lab6Timothy_Ho_Shengyi_Shen_
     00000088  _IT0                               lab6Timothy_Ho_Shengyi_Shen_
     00000088  _TCON                              lab6Timothy_Ho_Shengyi_Shen_
     00000089  G$IE0$0$0                          lab6Timothy_Ho_Shengyi_Shen_
     00000089  G$TMOD$0$0                         lab6Timothy_Ho_Shengyi_Shen_
     00000089  _IE0                               lab6Timothy_Ho_Shengyi_Shen_
     00000089  _TMOD                              lab6Timothy_Ho_Shengyi_Shen_
     0000008A  G$IT1$0$0                          lab6Timothy_Ho_Shengyi_Shen_
     0000008A  G$TL0$0$0                          lab6Timothy_Ho_Shengyi_Shen_
     0000008A  _IT1                               lab6Timothy_Ho_Shengyi_Shen_
     0000008A  _TL0                               lab6Timothy_Ho_Shengyi_Shen_
     0000008B  G$IE1$0$0                          lab6Timothy_Ho_Shengyi_Shen_
     0000008B  G$TL1$0$0                          lab6Timothy_Ho_Shengyi_Shen_
     0000008B  _IE1                               lab6Timothy_Ho_Shengyi_Shen_
ASxxxx Linker V03.00 + NoICE + sdld,  page 4.
Hexadecimal  [32-Bits]

Area                                    Addr        Size        Decimal Bytes (Attributes)
--------------------------------        ----        ----        ------- ----- ------------
.  .ABS.                            00000000    00000000 =           0. bytes (ABS,CON)

      Value  Global                              Global Defined In Module
      -----  --------------------------------   ------------------------
     0000008B  _TL1                               lab6Timothy_Ho_Shengyi_Shen_
     0000008C  G$TH0$0$0                          lab6Timothy_Ho_Shengyi_Shen_
     0000008C  G$TR0$0$0                          lab6Timothy_Ho_Shengyi_Shen_
     0000008C  _TH0                               lab6Timothy_Ho_Shengyi_Shen_
     0000008C  _TR0                               lab6Timothy_Ho_Shengyi_Shen_
     0000008D  G$TF0$0$0                          lab6Timothy_Ho_Shengyi_Shen_
     0000008D  G$TH1$0$0                          lab6Timothy_Ho_Shengyi_Shen_
     0000008D  _TF0                               lab6Timothy_Ho_Shengyi_Shen_
     0000008D  _TH1                               lab6Timothy_Ho_Shengyi_Shen_
     0000008E  G$CKCON$0$0                        lab6Timothy_Ho_Shengyi_Shen_
     0000008E  G$TR1$0$0                          lab6Timothy_Ho_Shengyi_Shen_
     0000008E  _CKCON                             lab6Timothy_Ho_Shengyi_Shen_
     0000008E  _TR1                               lab6Timothy_Ho_Shengyi_Shen_
     0000008F  G$PSCTL$0$0                        lab6Timothy_Ho_Shengyi_Shen_
     0000008F  G$TF1$0$0                          lab6Timothy_Ho_Shengyi_Shen_
     0000008F  _PSCTL                             lab6Timothy_Ho_Shengyi_Shen_
     0000008F  _TF1                               lab6Timothy_Ho_Shengyi_Shen_
     00000090  G$P1$0$0                           lab6Timothy_Ho_Shengyi_Shen_
     00000090  G$P1_0$0$0                         lab6Timothy_Ho_Shengyi_Shen_
     00000090  _P1                                lab6Timothy_Ho_Shengyi_Shen_
     00000090  _P1_0                              lab6Timothy_Ho_Shengyi_Shen_
     00000091  G$P1_1$0$0                         lab6Timothy_Ho_Shengyi_Shen_
     00000091  G$TMR3CN$0$0                       lab6Timothy_Ho_Shengyi_Shen_
     00000091  _P1_1                              lab6Timothy_Ho_Shengyi_Shen_
     00000091  _TMR3CN                            lab6Timothy_Ho_Shengyi_Shen_
     00000092  G$P1_2$0$0                         lab6Timothy_Ho_Shengyi_Shen_
     00000092  G$TMR3RLL$0$0                      lab6Timothy_Ho_Shengyi_Shen_
     00000092  _P1_2                              lab6Timothy_Ho_Shengyi_Shen_
     00000092  _TMR3RLL                           lab6Timothy_Ho_Shengyi_Shen_
     00000093  G$P1_3$0$0                         lab6Timothy_Ho_Shengyi_Shen_
     00000093  G$TMR3RLH$0$0                      lab6Timothy_Ho_Shengyi_Shen_
     00000093  _P1_3                              lab6Timothy_Ho_Shengyi_Shen_
     00000093  _TMR3RLH                           lab6Timothy_Ho_Shengyi_Shen_
     00000094  G$P1_4$0$0                         lab6Timothy_Ho_Shengyi_Shen_
     00000094  G$TMR3L$0$0                        lab6Timothy_Ho_Shengyi_Shen_
     00000094  _P1_4                              lab6Timothy_Ho_Shengyi_Shen_
     00000094  _TMR3L                             lab6Timothy_Ho_Shengyi_Shen_
     00000095  G$P1_5$0$0                         lab6Timothy_Ho_Shengyi_Shen_
     00000095  G$TMR3H$0$0                        lab6Timothy_Ho_Shengyi_Shen_
     00000095  _P1_5                              lab6Timothy_Ho_Shengyi_Shen_
     00000095  _TMR3H                             lab6Timothy_Ho_Shengyi_Shen_
     00000096  G$P1_6$0$0                         lab6Timothy_Ho_Shengyi_Shen_
     00000096  G$P7$0$0                           lab6Timothy_Ho_Shengyi_Shen_
     00000096  _P1_6                              lab6Timothy_Ho_Shengyi_Shen_
     00000096  _P7                                lab6Timothy_Ho_Shengyi_Shen_
     00000097  G$P1_7$0$0                         lab6Timothy_Ho_Shengyi_Shen_
     00000097  _P1_7                              lab6Timothy_Ho_Shengyi_Shen_
     00000098  G$RI$0$0                           lab6Timothy_Ho_Shengyi_Shen_
     00000098  G$RI0$0$0                          lab6Timothy_Ho_Shengyi_Shen_
     00000098  G$SCON$0$0                         lab6Timothy_Ho_Shengyi_Shen_
     00000098  G$SCON0$0$0                        lab6Timothy_Ho_Shengyi_Shen_
ASxxxx Linker V03.00 + NoICE + sdld,  page 5.
Hexadecimal  [32-Bits]

Area                                    Addr        Size        Decimal Bytes (Attributes)
--------------------------------        ----        ----        ------- ----- ------------
.  .ABS.                            00000000    00000000 =           0. bytes (ABS,CON)

      Value  Global                              Global Defined In Module
      -----  --------------------------------   ------------------------
     00000098  _RI                                lab6Timothy_Ho_Shengyi_Shen_
     00000098  _RI0                               lab6Timothy_Ho_Shengyi_Shen_
     00000098  _SCON                              lab6Timothy_Ho_Shengyi_Shen_
     00000098  _SCON0                             lab6Timothy_Ho_Shengyi_Shen_
     00000099  G$SBUF$0$0                         lab6Timothy_Ho_Shengyi_Shen_
     00000099  G$SBUF0$0$0                        lab6Timothy_Ho_Shengyi_Shen_
     00000099  G$TI$0$0                           lab6Timothy_Ho_Shengyi_Shen_
     00000099  G$TI0$0$0                          lab6Timothy_Ho_Shengyi_Shen_
     00000099  _SBUF                              lab6Timothy_Ho_Shengyi_Shen_
     00000099  _SBUF0                             lab6Timothy_Ho_Shengyi_Shen_
     00000099  _TI                                lab6Timothy_Ho_Shengyi_Shen_
     00000099  _TI0                               lab6Timothy_Ho_Shengyi_Shen_
     0000009A  G$RB8$0$0                          lab6Timothy_Ho_Shengyi_Shen_
     0000009A  G$RB80$0$0                         lab6Timothy_Ho_Shengyi_Shen_
     0000009A  G$SPI0CFG$0$0                      lab6Timothy_Ho_Shengyi_Shen_
     0000009A  _RB8                               lab6Timothy_Ho_Shengyi_Shen_
     0000009A  _RB80                              lab6Timothy_Ho_Shengyi_Shen_
     0000009A  _SPI0CFG                           lab6Timothy_Ho_Shengyi_Shen_
     0000009B  G$SPI0DAT$0$0                      lab6Timothy_Ho_Shengyi_Shen_
     0000009B  G$TB8$0$0                          lab6Timothy_Ho_Shengyi_Shen_
     0000009B  G$TB80$0$0                         lab6Timothy_Ho_Shengyi_Shen_
     0000009B  _SPI0DAT                           lab6Timothy_Ho_Shengyi_Shen_
     0000009B  _TB8                               lab6Timothy_Ho_Shengyi_Shen_
     0000009B  _TB80                              lab6Timothy_Ho_Shengyi_Shen_
     0000009C  G$ADC1$0$0                         lab6Timothy_Ho_Shengyi_Shen_
     0000009C  G$REN$0$0                          lab6Timothy_Ho_Shengyi_Shen_
     0000009C  G$REN0$0$0                         lab6Timothy_Ho_Shengyi_Shen_
     0000009C  _ADC1                              lab6Timothy_Ho_Shengyi_Shen_
     0000009C  _REN                               lab6Timothy_Ho_Shengyi_Shen_
     0000009C  _REN0                              lab6Timothy_Ho_Shengyi_Shen_
     0000009D  G$MCE0$0$0                         lab6Timothy_Ho_Shengyi_Shen_
     0000009D  G$SM2$0$0                          lab6Timothy_Ho_Shengyi_Shen_
     0000009D  G$SM20$0$0                         lab6Timothy_Ho_Shengyi_Shen_
     0000009D  G$SPI0CKR$0$0                      lab6Timothy_Ho_Shengyi_Shen_
     0000009D  _MCE0                              lab6Timothy_Ho_Shengyi_Shen_
     0000009D  _SM2                               lab6Timothy_Ho_Shengyi_Shen_
     0000009D  _SM20                              lab6Timothy_Ho_Shengyi_Shen_
     0000009D  _SPI0CKR                           lab6Timothy_Ho_Shengyi_Shen_
     0000009E  G$CPT0CN$0$0                       lab6Timothy_Ho_Shengyi_Shen_
     0000009E  G$SM1$0$0                          lab6Timothy_Ho_Shengyi_Shen_
     0000009E  G$SM10$0$0                         lab6Timothy_Ho_Shengyi_Shen_
     0000009E  _CPT0CN                            lab6Timothy_Ho_Shengyi_Shen_
     0000009E  _SM1                               lab6Timothy_Ho_Shengyi_Shen_
     0000009E  _SM10                              lab6Timothy_Ho_Shengyi_Shen_
     0000009F  G$CPT1CN$0$0                       lab6Timothy_Ho_Shengyi_Shen_
     0000009F  G$S0MODE$0$0                       lab6Timothy_Ho_Shengyi_Shen_
     0000009F  G$SM0$0$0                          lab6Timothy_Ho_Shengyi_Shen_
     0000009F  G$SM00$0$0                         lab6Timothy_Ho_Shengyi_Shen_
     0000009F  _CPT1CN                            lab6Timothy_Ho_Shengyi_Shen_
     0000009F  _S0MODE                            lab6Timothy_Ho_Shengyi_Shen_
     0000009F  _SM0                               lab6Timothy_Ho_Shengyi_Shen_
ASxxxx Linker V03.00 + NoICE + sdld,  page 6.
Hexadecimal  [32-Bits]

Area                                    Addr        Size        Decimal Bytes (Attributes)
--------------------------------        ----        ----        ------- ----- ------------
.  .ABS.                            00000000    00000000 =           0. bytes (ABS,CON)

      Value  Global                              Global Defined In Module
      -----  --------------------------------   ------------------------
     0000009F  _SM00                              lab6Timothy_Ho_Shengyi_Shen_
     000000A0  G$P2$0$0                           lab6Timothy_Ho_Shengyi_Shen_
     000000A0  G$P2_0$0$0                         lab6Timothy_Ho_Shengyi_Shen_
     000000A0  _P2                                lab6Timothy_Ho_Shengyi_Shen_
     000000A0  _P2_0                              lab6Timothy_Ho_Shengyi_Shen_
     000000A1  G$EMI0TC$0$0                       lab6Timothy_Ho_Shengyi_Shen_
     000000A1  G$P2_1$0$0                         lab6Timothy_Ho_Shengyi_Shen_
     000000A1  _EMI0TC                            lab6Timothy_Ho_Shengyi_Shen_
     000000A1  _P2_1                              lab6Timothy_Ho_Shengyi_Shen_
     000000A2  G$P2_2$0$0                         lab6Timothy_Ho_Shengyi_Shen_
     000000A2  _P2_2                              lab6Timothy_Ho_Shengyi_Shen_
     000000A3  G$EMI0CF$0$0                       lab6Timothy_Ho_Shengyi_Shen_
     000000A3  G$P2_3$0$0                         lab6Timothy_Ho_Shengyi_Shen_
     000000A3  _EMI0CF                            lab6Timothy_Ho_Shengyi_Shen_
     000000A3  _P2_3                              lab6Timothy_Ho_Shengyi_Shen_
     000000A4  G$P0MDOUT$0$0                      lab6Timothy_Ho_Shengyi_Shen_
     000000A4  G$P2_4$0$0                         lab6Timothy_Ho_Shengyi_Shen_
     000000A4  G$PRT0CF$0$0                       lab6Timothy_Ho_Shengyi_Shen_
     000000A4  _P0MDOUT                           lab6Timothy_Ho_Shengyi_Shen_
     000000A4  _P2_4                              lab6Timothy_Ho_Shengyi_Shen_
     000000A4  _PRT0CF                            lab6Timothy_Ho_Shengyi_Shen_
     000000A5  G$P1MDOUT$0$0                      lab6Timothy_Ho_Shengyi_Shen_
     000000A5  G$P2_5$0$0                         lab6Timothy_Ho_Shengyi_Shen_
     000000A5  G$PRT1CF$0$0                       lab6Timothy_Ho_Shengyi_Shen_
     000000A5  _P1MDOUT                           lab6Timothy_Ho_Shengyi_Shen_
     000000A5  _P2_5                              lab6Timothy_Ho_Shengyi_Shen_
     000000A5  _PRT1CF                            lab6Timothy_Ho_Shengyi_Shen_
     000000A6  G$P2MDOUT$0$0                      lab6Timothy_Ho_Shengyi_Shen_
     000000A6  G$P2_6$0$0                         lab6Timothy_Ho_Shengyi_Shen_
     000000A6  G$PRT2CF$0$0                       lab6Timothy_Ho_Shengyi_Shen_
     000000A6  _P2MDOUT                           lab6Timothy_Ho_Shengyi_Shen_
     000000A6  _P2_6                              lab6Timothy_Ho_Shengyi_Shen_
     000000A6  _PRT2CF                            lab6Timothy_Ho_Shengyi_Shen_
     000000A7  G$P2_7$0$0                         lab6Timothy_Ho_Shengyi_Shen_
     000000A7  G$P3MDOUT$0$0                      lab6Timothy_Ho_Shengyi_Shen_
     000000A7  G$PRT3CF$0$0                       lab6Timothy_Ho_Shengyi_Shen_
     000000A7  _P2_7                              lab6Timothy_Ho_Shengyi_Shen_
     000000A7  _P3MDOUT                           lab6Timothy_Ho_Shengyi_Shen_
     000000A7  _PRT3CF                            lab6Timothy_Ho_Shengyi_Shen_
     000000A8  G$EX0$0$0                          lab6Timothy_Ho_Shengyi_Shen_
     000000A8  G$IE$0$0                           lab6Timothy_Ho_Shengyi_Shen_
     000000A8  _EX0                               lab6Timothy_Ho_Shengyi_Shen_
     000000A8  _IE                                lab6Timothy_Ho_Shengyi_Shen_
     000000A9  G$ET0$0$0                          lab6Timothy_Ho_Shengyi_Shen_
     000000A9  G$SADDR0$0$0                       lab6Timothy_Ho_Shengyi_Shen_
     000000A9  _ET0                               lab6Timothy_Ho_Shengyi_Shen_
     000000A9  _SADDR0                            lab6Timothy_Ho_Shengyi_Shen_
     000000AA  G$ADC1CN$0$0                       lab6Timothy_Ho_Shengyi_Shen_
     000000AA  G$EX1$0$0                          lab6Timothy_Ho_Shengyi_Shen_
     000000AA  _ADC1CN                            lab6Timothy_Ho_Shengyi_Shen_
     000000AA  _EX1                               lab6Timothy_Ho_Shengyi_Shen_
ASxxxx Linker V03.00 + NoICE + sdld,  page 7.
Hexadecimal  [32-Bits]

Area                                    Addr        Size        Decimal Bytes (Attributes)
--------------------------------        ----        ----        ------- ----- ------------
.  .ABS.                            00000000    00000000 =           0. bytes (ABS,CON)

      Value  Global                              Global Defined In Module
      -----  --------------------------------   ------------------------
     000000AB  G$ADC1CF$0$0                       lab6Timothy_Ho_Shengyi_Shen_
     000000AB  G$ET1$0$0                          lab6Timothy_Ho_Shengyi_Shen_
     000000AB  _ADC1CF                            lab6Timothy_Ho_Shengyi_Shen_
     000000AB  _ET1                               lab6Timothy_Ho_Shengyi_Shen_
     000000AC  G$AMX1SL$0$0                       lab6Timothy_Ho_Shengyi_Shen_
     000000AC  G$ES$0$0                           lab6Timothy_Ho_Shengyi_Shen_
     000000AC  G$ES0$0$0                          lab6Timothy_Ho_Shengyi_Shen_
     000000AC  _AMX1SL                            lab6Timothy_Ho_Shengyi_Shen_
     000000AC  _ES                                lab6Timothy_Ho_Shengyi_Shen_
     000000AC  _ES0                               lab6Timothy_Ho_Shengyi_Shen_
     000000AD  G$ET2$0$0                          lab6Timothy_Ho_Shengyi_Shen_
     000000AD  G$P3IF$0$0                         lab6Timothy_Ho_Shengyi_Shen_
     000000AD  _ET2                               lab6Timothy_Ho_Shengyi_Shen_
     000000AD  _P3IF                              lab6Timothy_Ho_Shengyi_Shen_
     000000AE  G$SADEN1$0$0                       lab6Timothy_Ho_Shengyi_Shen_
     000000AE  _SADEN1                            lab6Timothy_Ho_Shengyi_Shen_
     000000AF  G$EA$0$0                           lab6Timothy_Ho_Shengyi_Shen_
     000000AF  G$EMI0CN$0$0                       lab6Timothy_Ho_Shengyi_Shen_
     000000AF  G$_XPAGE$0$0                       lab6Timothy_Ho_Shengyi_Shen_
     000000AF  _EA                                lab6Timothy_Ho_Shengyi_Shen_
     000000AF  _EMI0CN                            lab6Timothy_Ho_Shengyi_Shen_
     000000AF  __XPAGE                            lab6Timothy_Ho_Shengyi_Shen_
     000000B0  G$P3$0$0                           lab6Timothy_Ho_Shengyi_Shen_
     000000B0  G$P3_0$0$0                         lab6Timothy_Ho_Shengyi_Shen_
     000000B0  _P3                                lab6Timothy_Ho_Shengyi_Shen_
     000000B0  _P3_0                              lab6Timothy_Ho_Shengyi_Shen_
     000000B1  G$OSCXCN$0$0                       lab6Timothy_Ho_Shengyi_Shen_
     000000B1  G$P3_1$0$0                         lab6Timothy_Ho_Shengyi_Shen_
     000000B1  _OSCXCN                            lab6Timothy_Ho_Shengyi_Shen_
     000000B1  _P3_1                              lab6Timothy_Ho_Shengyi_Shen_
     000000B2  G$OSCICN$0$0                       lab6Timothy_Ho_Shengyi_Shen_
     000000B2  G$P3_2$0$0                         lab6Timothy_Ho_Shengyi_Shen_
     000000B2  _OSCICN                            lab6Timothy_Ho_Shengyi_Shen_
     000000B2  _P3_2                              lab6Timothy_Ho_Shengyi_Shen_
     000000B3  G$P3_3$0$0                         lab6Timothy_Ho_Shengyi_Shen_
     000000B3  _P3_3                              lab6Timothy_Ho_Shengyi_Shen_
     000000B4  G$P3_4$0$0                         lab6Timothy_Ho_Shengyi_Shen_
     000000B4  _P3_4                              lab6Timothy_Ho_Shengyi_Shen_
     000000B5  G$P3_5$0$0                         lab6Timothy_Ho_Shengyi_Shen_
     000000B5  G$P74OUT$0$0                       lab6Timothy_Ho_Shengyi_Shen_
     000000B5  _P3_5                              lab6Timothy_Ho_Shengyi_Shen_
     000000B5  _P74OUT                            lab6Timothy_Ho_Shengyi_Shen_
     000000B6  G$FLSCL$0$0                        lab6Timothy_Ho_Shengyi_Shen_
     000000B6  G$P3_6$0$0                         lab6Timothy_Ho_Shengyi_Shen_
     000000B6  _FLSCL                             lab6Timothy_Ho_Shengyi_Shen_
     000000B6  _P3_6                              lab6Timothy_Ho_Shengyi_Shen_
     000000B7  G$FLACL$0$0                        lab6Timothy_Ho_Shengyi_Shen_
     000000B7  G$P3_7$0$0                         lab6Timothy_Ho_Shengyi_Shen_
     000000B7  _FLACL                             lab6Timothy_Ho_Shengyi_Shen_
     000000B7  _P3_7                              lab6Timothy_Ho_Shengyi_Shen_
     000000B8  G$IP$0$0                           lab6Timothy_Ho_Shengyi_Shen_
ASxxxx Linker V03.00 + NoICE + sdld,  page 8.
Hexadecimal  [32-Bits]

Area                                    Addr        Size        Decimal Bytes (Attributes)
--------------------------------        ----        ----        ------- ----- ------------
.  .ABS.                            00000000    00000000 =           0. bytes (ABS,CON)

      Value  Global                              Global Defined In Module
      -----  --------------------------------   ------------------------
     000000B8  G$PX0$0$0                          lab6Timothy_Ho_Shengyi_Shen_
     000000B8  _IP                                lab6Timothy_Ho_Shengyi_Shen_
     000000B8  _PX0                               lab6Timothy_Ho_Shengyi_Shen_
     000000B9  G$PT0$0$0                          lab6Timothy_Ho_Shengyi_Shen_
     000000B9  G$SADEN0$0$0                       lab6Timothy_Ho_Shengyi_Shen_
     000000B9  _PT0                               lab6Timothy_Ho_Shengyi_Shen_
     000000B9  _SADEN0                            lab6Timothy_Ho_Shengyi_Shen_
     000000BA  G$AMX0CF$0$0                       lab6Timothy_Ho_Shengyi_Shen_
     000000BA  G$PX1$0$0                          lab6Timothy_Ho_Shengyi_Shen_
     000000BA  _AMX0CF                            lab6Timothy_Ho_Shengyi_Shen_
     000000BA  _PX1                               lab6Timothy_Ho_Shengyi_Shen_
     000000BB  G$AMX0SL$0$0                       lab6Timothy_Ho_Shengyi_Shen_
     000000BB  G$PT1$0$0                          lab6Timothy_Ho_Shengyi_Shen_
     000000BB  _AMX0SL                            lab6Timothy_Ho_Shengyi_Shen_
     000000BB  _PT1                               lab6Timothy_Ho_Shengyi_Shen_
     000000BC  G$ADC0CF$0$0                       lab6Timothy_Ho_Shengyi_Shen_
     000000BC  G$PS$0$0                           lab6Timothy_Ho_Shengyi_Shen_
     000000BC  G$PS0$0$0                          lab6Timothy_Ho_Shengyi_Shen_
     000000BC  _ADC0CF                            lab6Timothy_Ho_Shengyi_Shen_
     000000BC  _PS                                lab6Timothy_Ho_Shengyi_Shen_
     000000BC  _PS0                               lab6Timothy_Ho_Shengyi_Shen_
     000000BD  G$P1MDIN$0$0                       lab6Timothy_Ho_Shengyi_Shen_
     000000BD  G$PT2$0$0                          lab6Timothy_Ho_Shengyi_Shen_
     000000BD  _P1MDIN                            lab6Timothy_Ho_Shengyi_Shen_
     000000BD  _PT2                               lab6Timothy_Ho_Shengyi_Shen_
     000000BE  G$ADC0L$0$0                        lab6Timothy_Ho_Shengyi_Shen_
     000000BE  _ADC0L                             lab6Timothy_Ho_Shengyi_Shen_
     000000BF  G$ADC0H$0$0                        lab6Timothy_Ho_Shengyi_Shen_
     000000BF  _ADC0H                             lab6Timothy_Ho_Shengyi_Shen_
     000000C0  G$BUS_TOE$0$0                      lab6Timothy_Ho_Shengyi_Shen_
     000000C0  G$SMB0CN$0$0                       lab6Timothy_Ho_Shengyi_Shen_
     000000C0  G$SMBTOE$0$0                       lab6Timothy_Ho_Shengyi_Shen_
     000000C0  _BUS_TOE                           lab6Timothy_Ho_Shengyi_Shen_
     000000C0  _SMB0CN                            lab6Timothy_Ho_Shengyi_Shen_
     000000C0  _SMBTOE                            lab6Timothy_Ho_Shengyi_Shen_
     000000C1  G$BUS_FTE$0$0                      lab6Timothy_Ho_Shengyi_Shen_
     000000C1  G$SMB0STA$0$0                      lab6Timothy_Ho_Shengyi_Shen_
     000000C1  G$SMBFTE$0$0                       lab6Timothy_Ho_Shengyi_Shen_
     000000C1  _BUS_FTE                           lab6Timothy_Ho_Shengyi_Shen_
     000000C1  _SMB0STA                           lab6Timothy_Ho_Shengyi_Shen_
     000000C1  _SMBFTE                            lab6Timothy_Ho_Shengyi_Shen_
     000000C2  G$AA$0$0                           lab6Timothy_Ho_Shengyi_Shen_
     000000C2  G$BUS_AA$0$0                       lab6Timothy_Ho_Shengyi_Shen_
     000000C2  G$SMB0DAT$0$0                      lab6Timothy_Ho_Shengyi_Shen_
     000000C2  _AA                                lab6Timothy_Ho_Shengyi_Shen_
     000000C2  _BUS_AA                            lab6Timothy_Ho_Shengyi_Shen_
     000000C2  _SMB0DAT                           lab6Timothy_Ho_Shengyi_Shen_
     000000C3  G$BUS_INT$0$0                      lab6Timothy_Ho_Shengyi_Shen_
     000000C3  G$SI$0$0                           lab6Timothy_Ho_Shengyi_Shen_
     000000C3  G$SMB0ADR$0$0                      lab6Timothy_Ho_Shengyi_Shen_
     000000C3  _BUS_INT                           lab6Timothy_Ho_Shengyi_Shen_
ASxxxx Linker V03.00 + NoICE + sdld,  page 9.
Hexadecimal  [32-Bits]

Area                                    Addr        Size        Decimal Bytes (Attributes)
--------------------------------        ----        ----        ------- ----- ------------
.  .ABS.                            00000000    00000000 =           0. bytes (ABS,CON)

      Value  Global                              Global Defined In Module
      -----  --------------------------------   ------------------------
     000000C3  _SI                                lab6Timothy_Ho_Shengyi_Shen_
     000000C3  _SMB0ADR                           lab6Timothy_Ho_Shengyi_Shen_
     000000C4  G$ADC0GTL$0$0                      lab6Timothy_Ho_Shengyi_Shen_
     000000C4  G$BUS_STOP$0$0                     lab6Timothy_Ho_Shengyi_Shen_
     000000C4  G$STO$0$0                          lab6Timothy_Ho_Shengyi_Shen_
     000000C4  _ADC0GTL                           lab6Timothy_Ho_Shengyi_Shen_
     000000C4  _BUS_STOP                          lab6Timothy_Ho_Shengyi_Shen_
     000000C4  _STO                               lab6Timothy_Ho_Shengyi_Shen_
     000000C5  G$ADC0GTH$0$0                      lab6Timothy_Ho_Shengyi_Shen_
     000000C5  G$BUS_START$0$0                    lab6Timothy_Ho_Shengyi_Shen_
     000000C5  G$STA$0$0                          lab6Timothy_Ho_Shengyi_Shen_
     000000C5  _ADC0GTH                           lab6Timothy_Ho_Shengyi_Shen_
     000000C5  _BUS_START                         lab6Timothy_Ho_Shengyi_Shen_
     000000C5  _STA                               lab6Timothy_Ho_Shengyi_Shen_
     000000C6  G$ADC0LTL$0$0                      lab6Timothy_Ho_Shengyi_Shen_
     000000C6  G$BUS_EN$0$0                       lab6Timothy_Ho_Shengyi_Shen_
     000000C6  G$ENSMB$0$0                        lab6Timothy_Ho_Shengyi_Shen_
     000000C6  _ADC0LTL                           lab6Timothy_Ho_Shengyi_Shen_
     000000C6  _BUS_EN                            lab6Timothy_Ho_Shengyi_Shen_
     000000C6  _ENSMB                             lab6Timothy_Ho_Shengyi_Shen_
     000000C7  G$ADC0LTH$0$0                      lab6Timothy_Ho_Shengyi_Shen_
     000000C7  G$BUSY$0$0                         lab6Timothy_Ho_Shengyi_Shen_
     000000C7  G$BUS_BUSY$0$0                     lab6Timothy_Ho_Shengyi_Shen_
     000000C7  _ADC0LTH                           lab6Timothy_Ho_Shengyi_Shen_
     000000C7  _BUSY                              lab6Timothy_Ho_Shengyi_Shen_
     000000C7  _BUS_BUSY                          lab6Timothy_Ho_Shengyi_Shen_
     000000C8  G$CPRL2$0$0                        lab6Timothy_Ho_Shengyi_Shen_
     000000C8  G$T2CON$0$0                        lab6Timothy_Ho_Shengyi_Shen_
     000000C8  _CPRL2                             lab6Timothy_Ho_Shengyi_Shen_
     000000C8  _T2CON                             lab6Timothy_Ho_Shengyi_Shen_
     000000C9  G$CT2$0$0                          lab6Timothy_Ho_Shengyi_Shen_
     000000C9  G$T4CON$0$0                        lab6Timothy_Ho_Shengyi_Shen_
     000000C9  _CT2                               lab6Timothy_Ho_Shengyi_Shen_
     000000C9  _T4CON                             lab6Timothy_Ho_Shengyi_Shen_
     000000CA  G$RCAP2L$0$0                       lab6Timothy_Ho_Shengyi_Shen_
     000000CA  G$TR2$0$0                          lab6Timothy_Ho_Shengyi_Shen_
     000000CA  _RCAP2L                            lab6Timothy_Ho_Shengyi_Shen_
     000000CA  _TR2                               lab6Timothy_Ho_Shengyi_Shen_
     000000CB  G$EXEN2$0$0                        lab6Timothy_Ho_Shengyi_Shen_
     000000CB  G$RCAP2H$0$0                       lab6Timothy_Ho_Shengyi_Shen_
     000000CB  _EXEN2                             lab6Timothy_Ho_Shengyi_Shen_
     000000CB  _RCAP2H                            lab6Timothy_Ho_Shengyi_Shen_
     000000CC  G$TCLK$0$0                         lab6Timothy_Ho_Shengyi_Shen_
     000000CC  G$TL2$0$0                          lab6Timothy_Ho_Shengyi_Shen_
     000000CC  _TCLK                              lab6Timothy_Ho_Shengyi_Shen_
     000000CC  _TL2                               lab6Timothy_Ho_Shengyi_Shen_
     000000CD  G$RCLK$0$0                         lab6Timothy_Ho_Shengyi_Shen_
     000000CD  G$TH2$0$0                          lab6Timothy_Ho_Shengyi_Shen_
     000000CD  _RCLK                              lab6Timothy_Ho_Shengyi_Shen_
     000000CD  _TH2                               lab6Timothy_Ho_Shengyi_Shen_
     000000CE  G$EXF2$0$0                         lab6Timothy_Ho_Shengyi_Shen_
ASxxxx Linker V03.00 + NoICE + sdld,  page 10.
Hexadecimal  [32-Bits]

Area                                    Addr        Size        Decimal Bytes (Attributes)
--------------------------------        ----        ----        ------- ----- ------------
.  .ABS.                            00000000    00000000 =           0. bytes (ABS,CON)

      Value  Global                              Global Defined In Module
      -----  --------------------------------   ------------------------
     000000CE  _EXF2                              lab6Timothy_Ho_Shengyi_Shen_
     000000CF  G$SMB0CR$0$0                       lab6Timothy_Ho_Shengyi_Shen_
     000000CF  G$TF2$0$0                          lab6Timothy_Ho_Shengyi_Shen_
     000000CF  _SMB0CR                            lab6Timothy_Ho_Shengyi_Shen_
     000000CF  _TF2                               lab6Timothy_Ho_Shengyi_Shen_
     000000D0  G$P$0$0                            lab6Timothy_Ho_Shengyi_Shen_
     000000D0  G$PSW$0$0                          lab6Timothy_Ho_Shengyi_Shen_
     000000D0  _P                                 lab6Timothy_Ho_Shengyi_Shen_
     000000D0  _PSW                               lab6Timothy_Ho_Shengyi_Shen_
     000000D1  G$F1$0$0                           lab6Timothy_Ho_Shengyi_Shen_
     000000D1  G$REF0CN$0$0                       lab6Timothy_Ho_Shengyi_Shen_
     000000D1  _F1                                lab6Timothy_Ho_Shengyi_Shen_
     000000D1  _REF0CN                            lab6Timothy_Ho_Shengyi_Shen_
     000000D2  G$DAC0L$0$0                        lab6Timothy_Ho_Shengyi_Shen_
     000000D2  G$OV$0$0                           lab6Timothy_Ho_Shengyi_Shen_
     000000D2  _DAC0L                             lab6Timothy_Ho_Shengyi_Shen_
     000000D2  _OV                                lab6Timothy_Ho_Shengyi_Shen_
     000000D3  G$DAC0H$0$0                        lab6Timothy_Ho_Shengyi_Shen_
     000000D3  G$RS0$0$0                          lab6Timothy_Ho_Shengyi_Shen_
     000000D3  _DAC0H                             lab6Timothy_Ho_Shengyi_Shen_
     000000D3  _RS0                               lab6Timothy_Ho_Shengyi_Shen_
     000000D4  G$DAC0CN$0$0                       lab6Timothy_Ho_Shengyi_Shen_
     000000D4  G$RS1$0$0                          lab6Timothy_Ho_Shengyi_Shen_
     000000D4  _DAC0CN                            lab6Timothy_Ho_Shengyi_Shen_
     000000D4  _RS1                               lab6Timothy_Ho_Shengyi_Shen_
     000000D5  G$DAC1L$0$0                        lab6Timothy_Ho_Shengyi_Shen_
     000000D5  G$F0$0$0                           lab6Timothy_Ho_Shengyi_Shen_
     000000D5  _DAC1L                             lab6Timothy_Ho_Shengyi_Shen_
     000000D5  _F0                                lab6Timothy_Ho_Shengyi_Shen_
     000000D6  G$AC$0$0                           lab6Timothy_Ho_Shengyi_Shen_
     000000D6  G$DAC1H$0$0                        lab6Timothy_Ho_Shengyi_Shen_
     000000D6  _AC                                lab6Timothy_Ho_Shengyi_Shen_
     000000D6  _DAC1H                             lab6Timothy_Ho_Shengyi_Shen_
     000000D7  G$CY$0$0                           lab6Timothy_Ho_Shengyi_Shen_
     000000D7  G$DAC1CN$0$0                       lab6Timothy_Ho_Shengyi_Shen_
     000000D7  _CY                                lab6Timothy_Ho_Shengyi_Shen_
     000000D7  _DAC1CN                            lab6Timothy_Ho_Shengyi_Shen_
     000000D8  G$CCF0$0$0                         lab6Timothy_Ho_Shengyi_Shen_
     000000D8  G$PCA0CN$0$0                       lab6Timothy_Ho_Shengyi_Shen_
     000000D8  _CCF0                              lab6Timothy_Ho_Shengyi_Shen_
     000000D8  _PCA0CN                            lab6Timothy_Ho_Shengyi_Shen_
     000000D9  G$CCF1$0$0                         lab6Timothy_Ho_Shengyi_Shen_
     000000D9  G$PCA0MD$0$0                       lab6Timothy_Ho_Shengyi_Shen_
     000000D9  _CCF1                              lab6Timothy_Ho_Shengyi_Shen_
     000000D9  _PCA0MD                            lab6Timothy_Ho_Shengyi_Shen_
     000000DA  G$CCF2$0$0                         lab6Timothy_Ho_Shengyi_Shen_
     000000DA  G$PCA0CPM0$0$0                     lab6Timothy_Ho_Shengyi_Shen_
     000000DA  _CCF2                              lab6Timothy_Ho_Shengyi_Shen_
     000000DA  _PCA0CPM0                          lab6Timothy_Ho_Shengyi_Shen_
     000000DB  G$CCF3$0$0                         lab6Timothy_Ho_Shengyi_Shen_
     000000DB  G$PCA0CPM1$0$0                     lab6Timothy_Ho_Shengyi_Shen_
ASxxxx Linker V03.00 + NoICE + sdld,  page 11.
Hexadecimal  [32-Bits]

Area                                    Addr        Size        Decimal Bytes (Attributes)
--------------------------------        ----        ----        ------- ----- ------------
.  .ABS.                            00000000    00000000 =           0. bytes (ABS,CON)

      Value  Global                              Global Defined In Module
      -----  --------------------------------   ------------------------
     000000DB  _CCF3                              lab6Timothy_Ho_Shengyi_Shen_
     000000DB  _PCA0CPM1                          lab6Timothy_Ho_Shengyi_Shen_
     000000DC  G$CCF4$0$0                         lab6Timothy_Ho_Shengyi_Shen_
     000000DC  G$PCA0CPM2$0$0                     lab6Timothy_Ho_Shengyi_Shen_
     000000DC  _CCF4                              lab6Timothy_Ho_Shengyi_Shen_
     000000DC  _PCA0CPM2                          lab6Timothy_Ho_Shengyi_Shen_
     000000DD  G$PCA0CPM3$0$0                     lab6Timothy_Ho_Shengyi_Shen_
     000000DD  _PCA0CPM3                          lab6Timothy_Ho_Shengyi_Shen_
     000000DE  G$CR$0$0                           lab6Timothy_Ho_Shengyi_Shen_
     000000DE  G$PCA0CPM4$0$0                     lab6Timothy_Ho_Shengyi_Shen_
     000000DE  _CR                                lab6Timothy_Ho_Shengyi_Shen_
     000000DE  _PCA0CPM4                          lab6Timothy_Ho_Shengyi_Shen_
     000000DF  G$CF$0$0                           lab6Timothy_Ho_Shengyi_Shen_
     000000DF  _CF                                lab6Timothy_Ho_Shengyi_Shen_
     000000E0  G$ACC$0$0                          lab6Timothy_Ho_Shengyi_Shen_
     000000E0  _ACC                               lab6Timothy_Ho_Shengyi_Shen_
     000000E1  G$XBR0$0$0                         lab6Timothy_Ho_Shengyi_Shen_
     000000E1  _XBR0                              lab6Timothy_Ho_Shengyi_Shen_
     000000E2  G$XBR1$0$0                         lab6Timothy_Ho_Shengyi_Shen_
     000000E2  _XBR1                              lab6Timothy_Ho_Shengyi_Shen_
     000000E3  G$XBR2$0$0                         lab6Timothy_Ho_Shengyi_Shen_
     000000E3  _XBR2                              lab6Timothy_Ho_Shengyi_Shen_
     000000E4  G$RCAP4L$0$0                       lab6Timothy_Ho_Shengyi_Shen_
     000000E4  _RCAP4L                            lab6Timothy_Ho_Shengyi_Shen_
     000000E5  G$RCAP4H$0$0                       lab6Timothy_Ho_Shengyi_Shen_
     000000E5  _RCAP4H                            lab6Timothy_Ho_Shengyi_Shen_
     000000E6  G$EIE1$0$0                         lab6Timothy_Ho_Shengyi_Shen_
     000000E6  _EIE1                              lab6Timothy_Ho_Shengyi_Shen_
     000000E7  G$EIE2$0$0                         lab6Timothy_Ho_Shengyi_Shen_
     000000E7  _EIE2                              lab6Timothy_Ho_Shengyi_Shen_
     000000E8  G$AD0LJST$0$0                      lab6Timothy_Ho_Shengyi_Shen_
     000000E8  G$ADC0CN$0$0                       lab6Timothy_Ho_Shengyi_Shen_
     000000E8  G$ADLJST$0$0                       lab6Timothy_Ho_Shengyi_Shen_
     000000E8  _AD0LJST                           lab6Timothy_Ho_Shengyi_Shen_
     000000E8  _ADC0CN                            lab6Timothy_Ho_Shengyi_Shen_
     000000E8  _ADLJST                            lab6Timothy_Ho_Shengyi_Shen_
     000000E9  G$AD0WINT$0$0                      lab6Timothy_Ho_Shengyi_Shen_
     000000E9  G$ADWINT$0$0                       lab6Timothy_Ho_Shengyi_Shen_
     000000E9  G$PCA0L$0$0                        lab6Timothy_Ho_Shengyi_Shen_
     000000E9  _AD0WINT                           lab6Timothy_Ho_Shengyi_Shen_
     000000E9  _ADWINT                            lab6Timothy_Ho_Shengyi_Shen_
     000000E9  _PCA0L                             lab6Timothy_Ho_Shengyi_Shen_
     000000EA  G$AD0CM0$0$0                       lab6Timothy_Ho_Shengyi_Shen_
     000000EA  G$ADSTM0$0$0                       lab6Timothy_Ho_Shengyi_Shen_
     000000EA  G$PCA0CPL0$0$0                     lab6Timothy_Ho_Shengyi_Shen_
     000000EA  _AD0CM0                            lab6Timothy_Ho_Shengyi_Shen_
     000000EA  _ADSTM0                            lab6Timothy_Ho_Shengyi_Shen_
     000000EA  _PCA0CPL0                          lab6Timothy_Ho_Shengyi_Shen_
     000000EB  G$AD0CM1$0$0                       lab6Timothy_Ho_Shengyi_Shen_
     000000EB  G$ADSTM1$0$0                       lab6Timothy_Ho_Shengyi_Shen_
     000000EB  G$PCA0CPL1$0$0                     lab6Timothy_Ho_Shengyi_Shen_
ASxxxx Linker V03.00 + NoICE + sdld,  page 12.
Hexadecimal  [32-Bits]

Area                                    Addr        Size        Decimal Bytes (Attributes)
--------------------------------        ----        ----        ------- ----- ------------
.  .ABS.                            00000000    00000000 =           0. bytes (ABS,CON)

      Value  Global                              Global Defined In Module
      -----  --------------------------------   ------------------------
     000000EB  _AD0CM1                            lab6Timothy_Ho_Shengyi_Shen_
     000000EB  _ADSTM1                            lab6Timothy_Ho_Shengyi_Shen_
     000000EB  _PCA0CPL1                          lab6Timothy_Ho_Shengyi_Shen_
     000000EC  G$AD0BUSY$0$0                      lab6Timothy_Ho_Shengyi_Shen_
     000000EC  G$ADBUSY$0$0                       lab6Timothy_Ho_Shengyi_Shen_
     000000EC  G$PCA0CPL2$0$0                     lab6Timothy_Ho_Shengyi_Shen_
     000000EC  _AD0BUSY                           lab6Timothy_Ho_Shengyi_Shen_
     000000EC  _ADBUSY                            lab6Timothy_Ho_Shengyi_Shen_
     000000EC  _PCA0CPL2                          lab6Timothy_Ho_Shengyi_Shen_
     000000ED  G$AD0INT$0$0                       lab6Timothy_Ho_Shengyi_Shen_
     000000ED  G$ADCINT$0$0                       lab6Timothy_Ho_Shengyi_Shen_
     000000ED  G$PCA0CPL3$0$0                     lab6Timothy_Ho_Shengyi_Shen_
     000000ED  _AD0INT                            lab6Timothy_Ho_Shengyi_Shen_
     000000ED  _ADCINT                            lab6Timothy_Ho_Shengyi_Shen_
     000000ED  _PCA0CPL3                          lab6Timothy_Ho_Shengyi_Shen_
     000000EE  G$AD0TM$0$0                        lab6Timothy_Ho_Shengyi_Shen_
     000000EE  G$ADCTM$0$0                        lab6Timothy_Ho_Shengyi_Shen_
     000000EE  G$PCA0CPL4$0$0                     lab6Timothy_Ho_Shengyi_Shen_
     000000EE  _AD0TM                             lab6Timothy_Ho_Shengyi_Shen_
     000000EE  _ADCTM                             lab6Timothy_Ho_Shengyi_Shen_
     000000EE  _PCA0CPL4                          lab6Timothy_Ho_Shengyi_Shen_
     000000EF  G$AD0EN$0$0                        lab6Timothy_Ho_Shengyi_Shen_
     000000EF  G$ADCEN$0$0                        lab6Timothy_Ho_Shengyi_Shen_
     000000EF  G$RSTSRC$0$0                       lab6Timothy_Ho_Shengyi_Shen_
     000000EF  _AD0EN                             lab6Timothy_Ho_Shengyi_Shen_
     000000EF  _ADCEN                             lab6Timothy_Ho_Shengyi_Shen_
     000000EF  _RSTSRC                            lab6Timothy_Ho_Shengyi_Shen_
     000000F0  G$B$0$0                            lab6Timothy_Ho_Shengyi_Shen_
     000000F0  _B                                 lab6Timothy_Ho_Shengyi_Shen_
     000000F1  G$SCON1$0$0                        lab6Timothy_Ho_Shengyi_Shen_
     000000F1  _SCON1                             lab6Timothy_Ho_Shengyi_Shen_
     000000F2  G$SBUF1$0$0                        lab6Timothy_Ho_Shengyi_Shen_
     000000F2  _SBUF1                             lab6Timothy_Ho_Shengyi_Shen_
     000000F3  G$SADDR1$0$0                       lab6Timothy_Ho_Shengyi_Shen_
     000000F3  _SADDR1                            lab6Timothy_Ho_Shengyi_Shen_
     000000F4  G$TL4$0$0                          lab6Timothy_Ho_Shengyi_Shen_
     000000F4  _TL4                               lab6Timothy_Ho_Shengyi_Shen_
     000000F5  G$TH4$0$0                          lab6Timothy_Ho_Shengyi_Shen_
     000000F5  _B_5                               _gptrget
     000000F5  _TH4                               lab6Timothy_Ho_Shengyi_Shen_
     000000F6  G$EIP1$0$0                         lab6Timothy_Ho_Shengyi_Shen_
     000000F6  _B_6                               _gptrget
     000000F6  _EIP1                              lab6Timothy_Ho_Shengyi_Shen_
     000000F7  G$EIP2$0$0                         lab6Timothy_Ho_Shengyi_Shen_
     000000F7  _B_7                               _gptrget
     000000F7  _EIP2                              lab6Timothy_Ho_Shengyi_Shen_
     000000F8  G$SPI0CN$0$0                       lab6Timothy_Ho_Shengyi_Shen_
     000000F8  G$SPIEN$0$0                        lab6Timothy_Ho_Shengyi_Shen_
     000000F8  _SPI0CN                            lab6Timothy_Ho_Shengyi_Shen_
     000000F8  _SPIEN                             lab6Timothy_Ho_Shengyi_Shen_
     000000F9  G$MSTEN$0$0                        lab6Timothy_Ho_Shengyi_Shen_
ASxxxx Linker V03.00 + NoICE + sdld,  page 13.
Hexadecimal  [32-Bits]

Area                                    Addr        Size        Decimal Bytes (Attributes)
--------------------------------        ----        ----        ------- ----- ------------
.  .ABS.                            00000000    00000000 =           0. bytes (ABS,CON)

      Value  Global                              Global Defined In Module
      -----  --------------------------------   ------------------------
     000000F9  G$PCA0H$0$0                        lab6Timothy_Ho_Shengyi_Shen_
     000000F9  _MSTEN                             lab6Timothy_Ho_Shengyi_Shen_
     000000F9  _PCA0H                             lab6Timothy_Ho_Shengyi_Shen_
     000000FA  G$PCA0CPH0$0$0                     lab6Timothy_Ho_Shengyi_Shen_
     000000FA  G$SLVSEL$0$0                       lab6Timothy_Ho_Shengyi_Shen_
     000000FA  _PCA0CPH0                          lab6Timothy_Ho_Shengyi_Shen_
     000000FA  _SLVSEL                            lab6Timothy_Ho_Shengyi_Shen_
     000000FB  G$PCA0CPH1$0$0                     lab6Timothy_Ho_Shengyi_Shen_
     000000FB  G$TXBSY$0$0                        lab6Timothy_Ho_Shengyi_Shen_
     000000FB  _PCA0CPH1                          lab6Timothy_Ho_Shengyi_Shen_
     000000FB  _TXBSY                             lab6Timothy_Ho_Shengyi_Shen_
     000000FC  G$PCA0CPH2$0$0                     lab6Timothy_Ho_Shengyi_Shen_
     000000FC  G$RXOVRN$0$0                       lab6Timothy_Ho_Shengyi_Shen_
     000000FC  _PCA0CPH2                          lab6Timothy_Ho_Shengyi_Shen_
     000000FC  _RXOVRN                            lab6Timothy_Ho_Shengyi_Shen_
     000000FD  G$MODF$0$0                         lab6Timothy_Ho_Shengyi_Shen_
     000000FD  G$PCA0CPH3$0$0                     lab6Timothy_Ho_Shengyi_Shen_
     000000FD  _MODF                              lab6Timothy_Ho_Shengyi_Shen_
     000000FD  _PCA0CPH3                          lab6Timothy_Ho_Shengyi_Shen_
     000000FE  G$PCA0CPH4$0$0                     lab6Timothy_Ho_Shengyi_Shen_
     000000FE  G$WCOL$0$0                         lab6Timothy_Ho_Shengyi_Shen_
     000000FE  _PCA0CPH4                          lab6Timothy_Ho_Shengyi_Shen_
     000000FE  _WCOL                              lab6Timothy_Ho_Shengyi_Shen_
     000000FF  G$SPIF$0$0                         lab6Timothy_Ho_Shengyi_Shen_
     000000FF  G$WDTCN$0$0                        lab6Timothy_Ho_Shengyi_Shen_
     000000FF  _SPIF                              lab6Timothy_Ho_Shengyi_Shen_
     000000FF  _WDTCN                             lab6Timothy_Ho_Shengyi_Shen_
     00008C8A  G$TMR0$0$0                         lab6Timothy_Ho_Shengyi_Shen_
     00008C8A  _TMR0                              lab6Timothy_Ho_Shengyi_Shen_
     00008D8B  G$TMR1$0$0                         lab6Timothy_Ho_Shengyi_Shen_
     00008D8B  _TMR1                              lab6Timothy_Ho_Shengyi_Shen_
     00009392  G$TMR3RL$0$0                       lab6Timothy_Ho_Shengyi_Shen_
     00009392  _TMR3RL                            lab6Timothy_Ho_Shengyi_Shen_
     00009594  G$TMR3$0$0                         lab6Timothy_Ho_Shengyi_Shen_
     00009594  _TMR3                              lab6Timothy_Ho_Shengyi_Shen_
     0000BFBE  G$ADC0$0$0                         lab6Timothy_Ho_Shengyi_Shen_
     0000BFBE  _ADC0                              lab6Timothy_Ho_Shengyi_Shen_
     0000C5C4  G$ADC0GT$0$0                       lab6Timothy_Ho_Shengyi_Shen_
     0000C5C4  _ADC0GT                            lab6Timothy_Ho_Shengyi_Shen_
     0000C7C6  G$ADC0LT$0$0                       lab6Timothy_Ho_Shengyi_Shen_
     0000C7C6  _ADC0LT                            lab6Timothy_Ho_Shengyi_Shen_
     0000CBCA  G$RCAP2$0$0                        lab6Timothy_Ho_Shengyi_Shen_
     0000CBCA  _RCAP2                             lab6Timothy_Ho_Shengyi_Shen_
     0000CDCC  G$TMR2$0$0                         lab6Timothy_Ho_Shengyi_Shen_
     0000CDCC  _TMR2                              lab6Timothy_Ho_Shengyi_Shen_
     0000D3D2  G$DAC0$0$0                         lab6Timothy_Ho_Shengyi_Shen_
     0000D3D2  _DAC0                              lab6Timothy_Ho_Shengyi_Shen_
     0000D6D5  G$DAC1$0$0                         lab6Timothy_Ho_Shengyi_Shen_
     0000D6D5  _DAC1                              lab6Timothy_Ho_Shengyi_Shen_
     0000E5E4  G$RCAP4$0$0                        lab6Timothy_Ho_Shengyi_Shen_
     0000E5E4  _RCAP4                             lab6Timothy_Ho_Shengyi_Shen_
ASxxxx Linker V03.00 + NoICE + sdld,  page 14.
Hexadecimal  [32-Bits]

Area                                    Addr        Size        Decimal Bytes (Attributes)
--------------------------------        ----        ----        ------- ----- ------------
.  .ABS.                            00000000    00000000 =           0. bytes (ABS,CON)

      Value  Global                              Global Defined In Module
      -----  --------------------------------   ------------------------
     0000F5F4  G$TMR4$0$0                         lab6Timothy_Ho_Shengyi_Shen_
     0000F5F4  _TMR4                              lab6Timothy_Ho_Shengyi_Shen_
     0000F9E9  G$PCA0$0$0                         lab6Timothy_Ho_Shengyi_Shen_
     0000F9E9  _PCA0                              lab6Timothy_Ho_Shengyi_Shen_
     0000FAEA  G$PCA0CP0$0$0                      lab6Timothy_Ho_Shengyi_Shen_
     0000FAEA  _PCA0CP0                           lab6Timothy_Ho_Shengyi_Shen_
     0000FBEB  G$PCA0CP1$0$0                      lab6Timothy_Ho_Shengyi_Shen_
     0000FBEB  _PCA0CP1                           lab6Timothy_Ho_Shengyi_Shen_
     0000FCEC  G$PCA0CP2$0$0                      lab6Timothy_Ho_Shengyi_Shen_
     0000FCEC  _PCA0CP2                           lab6Timothy_Ho_Shengyi_Shen_
     0000FDED  G$PCA0CP3$0$0                      lab6Timothy_Ho_Shengyi_Shen_
     0000FDED  _PCA0CP3                           lab6Timothy_Ho_Shengyi_Shen_
     0000FEEE  G$PCA0CP4$0$0                      lab6Timothy_Ho_Shengyi_Shen_
     0000FEEE  _PCA0CP4                           lab6Timothy_Ho_Shengyi_Shen_

ASxxxx Linker V03.00 + NoICE + sdld,  page 15.
Hexadecimal  [32-Bits]

Area                                    Addr        Size        Decimal Bytes (Attributes)
--------------------------------        ----        ----        ------- ----- ------------
BSEG_BYTES                          00000020    00000002 =           2. bytes (REL,CON)

      Value  Global                              Global Defined In Module
      -----  --------------------------------   ------------------------
ASxxxx Linker V03.00 + NoICE + sdld,  page 16.
Hexadecimal  [32-Bits]

Area                                    Addr        Size        Decimal Bytes (Attributes)
--------------------------------        ----        ----        ------- ----- ------------
REG_BANK_0                          00000000    00000008 =           8. bytes (REL,OVR)

      Value  Global                              Global Defined In Module
      -----  --------------------------------   ------------------------
ASxxxx Linker V03.00 + NoICE + sdld,  page 17.
Hexadecimal  [32-Bits]

Area                                    Addr        Size        Decimal Bytes (Attributes)
--------------------------------        ----        ----        ------- ----- ------------
DSEG                                00000000    0000007D =         125. bytes (REL,CON)

      Value  Global                              Global Defined In Module
      -----  --------------------------------   ------------------------
     00000008  _vsprintf_PARM_2                   sprintf
     0000000B  _vsprintf_PARM_3                   sprintf
     0000000F  _bp                                _bp
     00000010  _vprintf_PARM_2                    vprintf
     00000022  G$Data2$0$0                        lab6Timothy_Ho_Shengyi_Shen_
     00000022  _Data2                             lab6Timothy_Ho_Shengyi_Shen_
     00000025  Llab6Timothy_Ho_Shengyi_Shen_Chu   lab6Timothy_Ho_Shengyi_Shen_
     00000025  _aligned_alloc_PARM_2              lab6Timothy_Ho_Shengyi_Shen_
     00000027  Llab6Timothy_Ho_Shengyi_Shen_Chu   lab6Timothy_Ho_Shengyi_Shen_
     00000028  Llab6Timothy_Ho_Shengyi_Shen_Chu   lab6Timothy_Ho_Shengyi_Shen_
     0000002A  Llab6Timothy_Ho_Shengyi_Shen_Chu   lab6Timothy_Ho_Shengyi_Shen_
     0000002C  Llab6Timothy_Ho_Shengyi_Shen_Chu   lab6Timothy_Ho_Shengyi_Shen_
     0000002C  _i2c_write_data_PARM_2             lab6Timothy_Ho_Shengyi_Shen_
     0000002D  Llab6Timothy_Ho_Shengyi_Shen_Chu   lab6Timothy_Ho_Shengyi_Shen_
     0000002D  _i2c_write_data_PARM_3             lab6Timothy_Ho_Shengyi_Shen_
     00000030  Llab6Timothy_Ho_Shengyi_Shen_Chu   lab6Timothy_Ho_Shengyi_Shen_
     00000030  _i2c_write_data_PARM_4             lab6Timothy_Ho_Shengyi_Shen_
     00000031  Llab6Timothy_Ho_Shengyi_Shen_Chu   lab6Timothy_Ho_Shengyi_Shen_
     00000031  _i2c_read_data_PARM_2              lab6Timothy_Ho_Shengyi_Shen_
     00000032  Llab6Timothy_Ho_Shengyi_Shen_Chu   lab6Timothy_Ho_Shengyi_Shen_
     00000032  _i2c_read_data_PARM_3              lab6Timothy_Ho_Shengyi_Shen_
     00000035  Llab6Timothy_Ho_Shengyi_Shen_Chu   lab6Timothy_Ho_Shengyi_Shen_
     00000035  _i2c_read_data_PARM_4              lab6Timothy_Ho_Shengyi_Shen_
     00000036  G$Counts$0$0                       lab6Timothy_Ho_Shengyi_Shen_
     00000036  _Counts                            lab6Timothy_Ho_Shengyi_Shen_
     00000038  G$voltage$0$0                      lab6Timothy_Ho_Shengyi_Shen_
     00000038  _voltage                           lab6Timothy_Ho_Shengyi_Shen_
     0000003A  G$dist$0$0                         lab6Timothy_Ho_Shengyi_Shen_
     0000003A  _dist                              lab6Timothy_Ho_Shengyi_Shen_
     0000003B  G$r_Data$0$0                       lab6Timothy_Ho_Shengyi_Shen_
     0000003B  _r_Data                            lab6Timothy_Ho_Shengyi_Shen_
     0000003D  G$range$0$0                        lab6Timothy_Ho_Shengyi_Shen_
     0000003D  _range                             lab6Timothy_Ho_Shengyi_Shen_
     0000003F  G$r_Counts$0$0                     lab6Timothy_Ho_Shengyi_Shen_
     0000003F  _r_Counts                          lab6Timothy_Ho_Shengyi_Shen_
     00000040  G$new_range$0$0                    lab6Timothy_Ho_Shengyi_Shen_
     00000040  _new_range                         lab6Timothy_Ho_Shengyi_Shen_
     00000041  G$heading$0$0                      lab6Timothy_Ho_Shengyi_Shen_
     00000041  _heading                           lab6Timothy_Ho_Shengyi_Shen_
     00000043  G$new_heading$0$0                  lab6Timothy_Ho_Shengyi_Shen_
     00000043  _new_heading                       lab6Timothy_Ho_Shengyi_Shen_
     00000044  G$h_Counts$0$0                     lab6Timothy_Ho_Shengyi_Shen_
     00000044  _h_Counts                          lab6Timothy_Ho_Shengyi_Shen_
     00000045  G$desired$0$0                      lab6Timothy_Ho_Shengyi_Shen_
     00000045  _desired                           lab6Timothy_Ho_Shengyi_Shen_
     00000047  G$original_desired$0$0             lab6Timothy_Ho_Shengyi_Shen_
     00000047  _original_desired                  lab6Timothy_Ho_Shengyi_Shen_
     00000049  G$kp$0$0                           lab6Timothy_Ho_Shengyi_Shen_
     00000049  _kp                                lab6Timothy_Ho_Shengyi_Shen_
     0000004B  G$kd$0$0                           lab6Timothy_Ho_Shengyi_Shen_
ASxxxx Linker V03.00 + NoICE + sdld,  page 18.
Hexadecimal  [32-Bits]

Area                                    Addr        Size        Decimal Bytes (Attributes)
--------------------------------        ----        ----        ------- ----- ------------
DSEG                                00000000    0000007D =         125. bytes (REL,CON)

      Value  Global                              Global Defined In Module
      -----  --------------------------------   ------------------------
     0000004B  _kd                                lab6Timothy_Ho_Shengyi_Shen_
     0000004D  G$RUDDER_LEFT$0$0                  lab6Timothy_Ho_Shengyi_Shen_
     0000004D  _RUDDER_LEFT                       lab6Timothy_Ho_Shengyi_Shen_
     0000004F  G$RUDDER_RIGHT$0$0                 lab6Timothy_Ho_Shengyi_Shen_
     0000004F  _RUDDER_RIGHT                      lab6Timothy_Ho_Shengyi_Shen_
     00000051  G$rudder_pw$0$0                    lab6Timothy_Ho_Shengyi_Shen_
     00000051  _rudder_pw                         lab6Timothy_Ho_Shengyi_Shen_
     00000053  G$temp_motorpw$0$0                 lab6Timothy_Ho_Shengyi_Shen_
     00000053  _temp_motorpw                      lab6Timothy_Ho_Shengyi_Shen_
     00000057  G$error$0$0                        lab6Timothy_Ho_Shengyi_Shen_
     00000057  _error                             lab6Timothy_Ho_Shengyi_Shen_
     00000059  G$previous_error$0$0               lab6Timothy_Ho_Shengyi_Shen_
     00000059  _previous_error                    lab6Timothy_Ho_Shengyi_Shen_
     0000005B  Llab6Timothy_Ho_Shengyi_Shen_Chu   lab6Timothy_Ho_Shengyi_Shen_
     0000005F  Llab6Timothy_Ho_Shengyi_Shen_Chu   lab6Timothy_Ho_Shengyi_Shen_
     0000006D  __print_format_PARM_2              printf_large
     00000070  __print_format_PARM_3              printf_large
     00000073  __print_format_PARM_4              printf_large

ASxxxx Linker V03.00 + NoICE + sdld,  page 19.
Hexadecimal  [32-Bits]

Area                                    Addr        Size        Decimal Bytes (Attributes)
--------------------------------        ----        ----        ------- ----- ------------
OSEG                                00000011    00000006 =           6. bytes (REL,OVR)

      Value  Global                              Global Defined In Module
      -----  --------------------------------   ------------------------
     00000011  __gptrput_PARM_2                   _gptrput
     00000011  __mulint_PARM_2                    _mulint
     00000011  __mullong_PARM_2                   _mullong
ASxxxx Linker V03.00 + NoICE + sdld,  page 20.
Hexadecimal  [32-Bits]

Area                                    Addr        Size        Decimal Bytes (Attributes)
--------------------------------        ----        ----        ------- ----- ------------
ISEG                                00000017    00000006 =           6. bytes (REL,CON)

      Value  Global                              Global Defined In Module
      -----  --------------------------------   ------------------------
ASxxxx Linker V03.00 + NoICE + sdld,  page 21.
Hexadecimal  [32-Bits]

Area                                    Addr        Size        Decimal Bytes (Attributes)
--------------------------------        ----        ----        ------- ----- ------------
SSEG                                0000007B    00000085 =         133. bytes (REL,OVR)

      Value  Global                              Global Defined In Module
      -----  --------------------------------   ------------------------
     0000007B  __start__stack                     lab6Timothy_Ho_Shengyi_Shen_

ASxxxx Linker V03.00 + NoICE + sdld,  page 22.
Hexadecimal  [32-Bits]

Area                                    Addr        Size        Decimal Bytes (Attributes)
--------------------------------        ----        ----        ------- ----- ------------
XSEG                                00000001    00000052 =          82. bytes (REL,CON,XDATA)

      Value  Global                              Global Defined In Module
      -----  --------------------------------   ------------------------
D:   00000001  Llab6Timothy_Ho_Shengyi_Shen_Chu   lab6Timothy_Ho_Shengyi_Shen_
D:   00000051  G$thrust_angle$0$0                 lab6Timothy_Ho_Shengyi_Shen_
D:   00000051  _thrust_angle                      lab6Timothy_Ho_Shengyi_Shen_
ASxxxx Linker V03.00 + NoICE + sdld,  page 23.
Hexadecimal  [32-Bits]

Area                                    Addr        Size        Decimal Bytes (Attributes)
--------------------------------        ----        ----        ------- ----- ------------
XISEG                               00000053    00000006 =           6. bytes (REL,CON,XDATA)

      Value  Global                              Global Defined In Module
      -----  --------------------------------   ------------------------
D:   00000053  G$pw_min$0$0                       lab6Timothy_Ho_Shengyi_Shen_
D:   00000053  _pw_min                            lab6Timothy_Ho_Shengyi_Shen_
D:   00000055  G$pw_max$0$0                       lab6Timothy_Ho_Shengyi_Shen_
D:   00000055  _pw_max                            lab6Timothy_Ho_Shengyi_Shen_
D:   00000057  G$pw_neut$0$0                      lab6Timothy_Ho_Shengyi_Shen_
D:   00000057  _pw_neut                           lab6Timothy_Ho_Shengyi_Shen_
ASxxxx Linker V03.00 + NoICE + sdld,  page 24.
Hexadecimal  [32-Bits]

Area                                    Addr        Size        Decimal Bytes (Attributes)
--------------------------------        ----        ----        ------- ----- ------------
HOME                                00000000    00000051 =          81. bytes (REL,CON,CODE)

      Value  Global                              Global Defined In Module
      -----  --------------------------------   ------------------------
C:   00000000  A$lab6Timothy_Ho_Shengyi_Shen_Ch   lab6Timothy_Ho_Shengyi_Shen_
C:   00000003  A$lab6Timothy_Ho_Shengyi_Shen_Ch   lab6Timothy_Ho_Shengyi_Shen_
C:   0000000B  A$lab6Timothy_Ho_Shengyi_Shen_Ch   lab6Timothy_Ho_Shengyi_Shen_
C:   00000013  A$lab6Timothy_Ho_Shengyi_Shen_Ch   lab6Timothy_Ho_Shengyi_Shen_
C:   0000001B  A$lab6Timothy_Ho_Shengyi_Shen_Ch   lab6Timothy_Ho_Shengyi_Shen_
C:   00000023  A$lab6Timothy_Ho_Shengyi_Shen_Ch   lab6Timothy_Ho_Shengyi_Shen_
C:   0000002B  A$lab6Timothy_Ho_Shengyi_Shen_Ch   lab6Timothy_Ho_Shengyi_Shen_
C:   00000033  A$lab6Timothy_Ho_Shengyi_Shen_Ch   lab6Timothy_Ho_Shengyi_Shen_
C:   0000003B  A$lab6Timothy_Ho_Shengyi_Shen_Ch   lab6Timothy_Ho_Shengyi_Shen_
C:   00000043  A$lab6Timothy_Ho_Shengyi_Shen_Ch   lab6Timothy_Ho_Shengyi_Shen_
C:   0000004B  A$lab6Timothy_Ho_Shengyi_Shen_Ch   lab6Timothy_Ho_Shengyi_Shen_
C:   0000004E  A$lab6Timothy_Ho_Shengyi_Shen_Ch   lab6Timothy_Ho_Shengyi_Shen_
C:   0000004E  __sdcc_program_startup             lab6Timothy_Ho_Shengyi_Shen_

ASxxxx Linker V03.00 + NoICE + sdld,  page 25.
Hexadecimal  [32-Bits]

Area                                    Addr        Size        Decimal Bytes (Attributes)
--------------------------------        ----        ----        ------- ----- ------------
GSINIT0                             00000051    00000003 =           3. bytes (REL,CON,CODE)

      Value  Global                              Global Defined In Module
      -----  --------------------------------   ------------------------
C:   00000051  __sdcc_gsinit_startup              

ASxxxx Linker V03.00 + NoICE + sdld,  page 26.
Hexadecimal  [32-Bits]

Area                                    Addr        Size        Decimal Bytes (Attributes)
--------------------------------        ----        ----        ------- ----- ------------
GSINIT2                             00000054    0000000A =          10. bytes (REL,CON,CODE)

      Value  Global                              Global Defined In Module
      -----  --------------------------------   ------------------------
ASxxxx Linker V03.00 + NoICE + sdld,  page 27.
Hexadecimal  [32-Bits]

Area                                    Addr        Size        Decimal Bytes (Attributes)
--------------------------------        ----        ----        ------- ----- ------------
GSINIT3                             0000005E    00000022 =          34. bytes (REL,CON,CODE)

      Value  Global                              Global Defined In Module
      -----  --------------------------------   ------------------------
C:   0000005E  __mcs51_genXINIT                   

ASxxxx Linker V03.00 + NoICE + sdld,  page 28.
Hexadecimal  [32-Bits]

Area                                    Addr        Size        Decimal Bytes (Attributes)
--------------------------------        ----        ----        ------- ----- ------------
GSINIT4                             00000080    0000002A =          42. bytes (REL,CON,CODE)

      Value  Global                              Global Defined In Module
      -----  --------------------------------   ------------------------
C:   00000080  __mcs51_genRAMCLEAR                
C:   00000086  __mcs51_genXRAMCLEAR               

ASxxxx Linker V03.00 + NoICE + sdld,  page 29.
Hexadecimal  [32-Bits]

Area                                    Addr        Size        Decimal Bytes (Attributes)
--------------------------------        ----        ----        ------- ----- ------------
GSINIT                              000000AA    00000020 =          32. bytes (REL,CON,CODE)

      Value  Global                              Global Defined In Module
      -----  --------------------------------   ------------------------
C:   000000AA  A$lab6Timothy_Ho_Shengyi_Shen_Ch   lab6Timothy_Ho_Shengyi_Shen_
C:   000000AA  C$lab6Timothy_Ho_Shengyi_Shen_Ch   lab6Timothy_Ho_Shengyi_Shen_
C:   000000AB  A$lab6Timothy_Ho_Shengyi_Shen_Ch   lab6Timothy_Ho_Shengyi_Shen_
C:   000000AD  A$lab6Timothy_Ho_Shengyi_Shen_Ch   lab6Timothy_Ho_Shengyi_Shen_
C:   000000AF  A$lab6Timothy_Ho_Shengyi_Shen_Ch   lab6Timothy_Ho_Shengyi_Shen_
C:   000000AF  C$lab6Timothy_Ho_Shengyi_Shen_Ch   lab6Timothy_Ho_Shengyi_Shen_
C:   000000B1  A$lab6Timothy_Ho_Shengyi_Shen_Ch   lab6Timothy_Ho_Shengyi_Shen_
C:   000000B1  C$lab6Timothy_Ho_Shengyi_Shen_Ch   lab6Timothy_Ho_Shengyi_Shen_
C:   000000B3  A$lab6Timothy_Ho_Shengyi_Shen_Ch   lab6Timothy_Ho_Shengyi_Shen_
C:   000000B3  C$lab6Timothy_Ho_Shengyi_Shen_Ch   lab6Timothy_Ho_Shengyi_Shen_
C:   000000B5  A$lab6Timothy_Ho_Shengyi_Shen_Ch   lab6Timothy_Ho_Shengyi_Shen_
C:   000000B5  C$lab6Timothy_Ho_Shengyi_Shen_Ch   lab6Timothy_Ho_Shengyi_Shen_
C:   000000B8  A$lab6Timothy_Ho_Shengyi_Shen_Ch   lab6Timothy_Ho_Shengyi_Shen_
C:   000000BB  A$lab6Timothy_Ho_Shengyi_Shen_Ch   lab6Timothy_Ho_Shengyi_Shen_
C:   000000BB  C$lab6Timothy_Ho_Shengyi_Shen_Ch   lab6Timothy_Ho_Shengyi_Shen_
C:   000000BE  A$lab6Timothy_Ho_Shengyi_Shen_Ch   lab6Timothy_Ho_Shengyi_Shen_
C:   000000C0  A$lab6Timothy_Ho_Shengyi_Shen_Ch   lab6Timothy_Ho_Shengyi_Shen_
C:   000000C0  C$lab6Timothy_Ho_Shengyi_Shen_Ch   lab6Timothy_Ho_Shengyi_Shen_
C:   000000C3  A$lab6Timothy_Ho_Shengyi_Shen_Ch   lab6Timothy_Ho_Shengyi_Shen_
C:   000000C5  A$lab6Timothy_Ho_Shengyi_Shen_Ch   lab6Timothy_Ho_Shengyi_Shen_
C:   000000C5  C$lab6Timothy_Ho_Shengyi_Shen_Ch   lab6Timothy_Ho_Shengyi_Shen_
C:   000000C8  A$lab6Timothy_Ho_Shengyi_Shen_Ch   lab6Timothy_Ho_Shengyi_Shen_

ASxxxx Linker V03.00 + NoICE + sdld,  page 30.
Hexadecimal  [32-Bits]

Area                                    Addr        Size        Decimal Bytes (Attributes)
--------------------------------        ----        ----        ------- ----- ------------
GSFINAL                             000000CA    00000003 =           3. bytes (REL,CON,CODE)

      Value  Global                              Global Defined In Module
      -----  --------------------------------   ------------------------
C:   000000CA  A$lab6Timothy_Ho_Shengyi_Shen_Ch   lab6Timothy_Ho_Shengyi_Shen_

ASxxxx Linker V03.00 + NoICE + sdld,  page 31.
Hexadecimal  [32-Bits]

Area                                    Addr        Size        Decimal Bytes (Attributes)
--------------------------------        ----        ----        ------- ----- ------------
CSEG                                000000CD    00001662 =        5730. bytes (REL,CON,CODE)

      Value  Global                              Global Defined In Module
      -----  --------------------------------   ------------------------
C:   000000CD  A$lab6Timothy_Ho_Shengyi_Shen_Ch   lab6Timothy_Ho_Shengyi_Shen_
C:   000000CD  C$c8051_SDCC.h$62$0$0              lab6Timothy_Ho_Shengyi_Shen_
C:   000000CD  C$c8051_SDCC.h$66$1$2              lab6Timothy_Ho_Shengyi_Shen_
C:   000000CD  G$SYSCLK_Init$0$0                  lab6Timothy_Ho_Shengyi_Shen_
C:   000000CD  _SYSCLK_Init                       lab6Timothy_Ho_Shengyi_Shen_
C:   000000D0  A$lab6Timothy_Ho_Shengyi_Shen_Ch   lab6Timothy_Ho_Shengyi_Shen_
C:   000000D0  C$c8051_SDCC.h$69$1$2              lab6Timothy_Ho_Shengyi_Shen_
C:   000000D2  A$lab6Timothy_Ho_Shengyi_Shen_Ch   lab6Timothy_Ho_Shengyi_Shen_
C:   000000D4  A$lab6Timothy_Ho_Shengyi_Shen_Ch   lab6Timothy_Ho_Shengyi_Shen_
C:   000000D5  A$lab6Timothy_Ho_Shengyi_Shen_Ch   lab6Timothy_Ho_Shengyi_Shen_
C:   000000D7  A$lab6Timothy_Ho_Shengyi_Shen_Ch   lab6Timothy_Ho_Shengyi_Shen_
C:   000000D8  A$lab6Timothy_Ho_Shengyi_Shen_Ch   lab6Timothy_Ho_Shengyi_Shen_
C:   000000D9  A$lab6Timothy_Ho_Shengyi_Shen_Ch   lab6Timothy_Ho_Shengyi_Shen_
C:   000000DB  A$lab6Timothy_Ho_Shengyi_Shen_Ch   lab6Timothy_Ho_Shengyi_Shen_
C:   000000DC  A$lab6Timothy_Ho_Shengyi_Shen_Ch   lab6Timothy_Ho_Shengyi_Shen_
C:   000000DE  A$lab6Timothy_Ho_Shengyi_Shen_Ch   lab6Timothy_Ho_Shengyi_Shen_
C:   000000E0  A$lab6Timothy_Ho_Shengyi_Shen_Ch   lab6Timothy_Ho_Shengyi_Shen_
C:   000000E1  A$lab6Timothy_Ho_Shengyi_Shen_Ch   lab6Timothy_Ho_Shengyi_Shen_
C:   000000E2  A$lab6Timothy_Ho_Shengyi_Shen_Ch   lab6Timothy_Ho_Shengyi_Shen_
C:   000000E4  A$lab6Timothy_Ho_Shengyi_Shen_Ch   lab6Timothy_Ho_Shengyi_Shen_
C:   000000E4  C$c8051_SDCC.h$71$1$2              lab6Timothy_Ho_Shengyi_Shen_
C:   000000E6  A$lab6Timothy_Ho_Shengyi_Shen_Ch   lab6Timothy_Ho_Shengyi_Shen_
C:   000000E9  A$lab6Timothy_Ho_Shengyi_Shen_Ch   lab6Timothy_Ho_Shengyi_Shen_
C:   000000E9  C$c8051_SDCC.h$73$1$2              lab6Timothy_Ho_Shengyi_Shen_
C:   000000EC  A$lab6Timothy_Ho_Shengyi_Shen_Ch   lab6Timothy_Ho_Shengyi_Shen_
C:   000000EC  C$c8051_SDCC.h$76$1$2              lab6Timothy_Ho_Shengyi_Shen_
C:   000000EC  XG$SYSCLK_Init$0$0                 lab6Timothy_Ho_Shengyi_Shen_
C:   000000ED  A$lab6Timothy_Ho_Shengyi_Shen_Ch   lab6Timothy_Ho_Shengyi_Shen_
C:   000000ED  C$c8051_SDCC.h$84$1$2              lab6Timothy_Ho_Shengyi_Shen_
C:   000000ED  C$c8051_SDCC.h$86$1$4              lab6Timothy_Ho_Shengyi_Shen_
C:   000000ED  G$UART0_Init$0$0                   lab6Timothy_Ho_Shengyi_Shen_
C:   000000ED  _UART0_Init                        lab6Timothy_Ho_Shengyi_Shen_
C:   000000F0  A$lab6Timothy_Ho_Shengyi_Shen_Ch   lab6Timothy_Ho_Shengyi_Shen_
C:   000000F0  C$c8051_SDCC.h$87$1$4              lab6Timothy_Ho_Shengyi_Shen_
C:   000000F3  A$lab6Timothy_Ho_Shengyi_Shen_Ch   lab6Timothy_Ho_Shengyi_Shen_
C:   000000F3  C$c8051_SDCC.h$88$1$4              lab6Timothy_Ho_Shengyi_Shen_
C:   000000F6  A$lab6Timothy_Ho_Shengyi_Shen_Ch   lab6Timothy_Ho_Shengyi_Shen_
C:   000000F6  C$c8051_SDCC.h$89$1$4              lab6Timothy_Ho_Shengyi_Shen_
C:   000000F8  A$lab6Timothy_Ho_Shengyi_Shen_Ch   lab6Timothy_Ho_Shengyi_Shen_
C:   000000F8  C$c8051_SDCC.h$90$1$4              lab6Timothy_Ho_Shengyi_Shen_
C:   000000FB  A$lab6Timothy_Ho_Shengyi_Shen_Ch   lab6Timothy_Ho_Shengyi_Shen_
C:   000000FB  C$c8051_SDCC.h$91$1$4              lab6Timothy_Ho_Shengyi_Shen_
C:   000000FE  A$lab6Timothy_Ho_Shengyi_Shen_Ch   lab6Timothy_Ho_Shengyi_Shen_
C:   000000FE  C$c8051_SDCC.h$93$1$4              lab6Timothy_Ho_Shengyi_Shen_
C:   00000100  A$lab6Timothy_Ho_Shengyi_Shen_Ch   lab6Timothy_Ho_Shengyi_Shen_
C:   00000100  C$c8051_SDCC.h$94$1$4              lab6Timothy_Ho_Shengyi_Shen_
C:   00000103  A$lab6Timothy_Ho_Shengyi_Shen_Ch   lab6Timothy_Ho_Shengyi_Shen_
C:   00000103  C$c8051_SDCC.h$95$1$4              lab6Timothy_Ho_Shengyi_Shen_
C:   00000103  XG$UART0_Init$0$0                  lab6Timothy_Ho_Shengyi_Shen_
C:   00000104  A$lab6Timothy_Ho_Shengyi_Shen_Ch   lab6Timothy_Ho_Shengyi_Shen_
ASxxxx Linker V03.00 + NoICE + sdld,  page 32.
Hexadecimal  [32-Bits]

Area                                    Addr        Size        Decimal Bytes (Attributes)
--------------------------------        ----        ----        ------- ----- ------------
CSEG                                000000CD    00001662 =        5730. bytes (REL,CON,CODE)

      Value  Global                              Global Defined In Module
      -----  --------------------------------   ------------------------
C:   00000104  C$c8051_SDCC.h$103$1$4             lab6Timothy_Ho_Shengyi_Shen_
C:   00000104  C$c8051_SDCC.h$105$1$6             lab6Timothy_Ho_Shengyi_Shen_
C:   00000104  G$Sys_Init$0$0                     lab6Timothy_Ho_Shengyi_Shen_
C:   00000104  _Sys_Init                          lab6Timothy_Ho_Shengyi_Shen_
C:   00000107  A$lab6Timothy_Ho_Shengyi_Shen_Ch   lab6Timothy_Ho_Shengyi_Shen_
C:   00000107  C$c8051_SDCC.h$106$1$6             lab6Timothy_Ho_Shengyi_Shen_
C:   0000010A  A$lab6Timothy_Ho_Shengyi_Shen_Ch   lab6Timothy_Ho_Shengyi_Shen_
C:   0000010A  C$c8051_SDCC.h$108$1$6             lab6Timothy_Ho_Shengyi_Shen_
C:   0000010D  A$lab6Timothy_Ho_Shengyi_Shen_Ch   lab6Timothy_Ho_Shengyi_Shen_
C:   0000010D  C$c8051_SDCC.h$109$1$6             lab6Timothy_Ho_Shengyi_Shen_
C:   00000110  A$lab6Timothy_Ho_Shengyi_Shen_Ch   lab6Timothy_Ho_Shengyi_Shen_
C:   00000110  C$c8051_SDCC.h$111$1$6             lab6Timothy_Ho_Shengyi_Shen_
C:   00000113  A$lab6Timothy_Ho_Shengyi_Shen_Ch   lab6Timothy_Ho_Shengyi_Shen_
C:   00000113  C$c8051_SDCC.h$112$1$6             lab6Timothy_Ho_Shengyi_Shen_
C:   00000116  A$lab6Timothy_Ho_Shengyi_Shen_Ch   lab6Timothy_Ho_Shengyi_Shen_
C:   00000116  C$c8051_SDCC.h$113$1$6             lab6Timothy_Ho_Shengyi_Shen_
C:   00000116  XG$Sys_Init$0$0                    lab6Timothy_Ho_Shengyi_Shen_
C:   00000117  A$lab6Timothy_Ho_Shengyi_Shen_Ch   lab6Timothy_Ho_Shengyi_Shen_
[...]
C:   00000C92  A$lab6Timothy_Ho_Shengyi_Shen_Ch   lab6Timothy_Ho_Shengyi_Shen_
C:   00000C93  A$lab6Timothy_Ho_Shengyi_Shen_Ch   lab6Timothy_Ho_Shengyi_Shen_
C:   00000C94  A$lab6Timothy_Ho_Shengyi_Shen_Ch   lab6Timothy_Ho_Shengyi_Shen_
C:   00000C96  A$lab6Timothy_Ho_Shengyi_Shen_Ch   lab6Timothy_Ho_Shengyi_Shen_
C:   00000C98  A$lab6Timothy_Ho_Shengyi_Shen_Ch   lab6Timothy_Ho_Shengyi_Shen_
C:   00000C98  C$lab6Timothy_Ho_Shengyi_Shen_Ch   lab6Timothy_Ho_Shengyi_Shen_
C:   00000C9A  A$lab6Timothy_Ho_Shengyi_Shen_Ch   lab6Timothy_Ho_Shengyi_Shen_
C:   00000C9C  A$lab6Timothy_Ho_Shengyi_Shen_Ch   lab6Timothy_Ho_Shengyi_Shen_
C:   00000C9C  C$lab6Timothy_Ho_Shengyi_Shen_Ch   lab6Timothy_Ho_Shengyi_Shen_
C:   00000C9D  A$lab6Timothy_Ho_Shengyi_Shen_Ch   lab6Timothy_Ho_Shengyi_Shen_
C:   00000C9E  A$lab6Timothy_Ho_Shengyi_Shen_Ch   lab6Timothy_Ho_Shengyi_Shen_
C:   00000CA0  A$lab6Timothy_Ho_Shengyi_Shen_Ch   lab6Timothy_Ho_Shengyi_Shen_
C:   00000CA1  A$lab6Timothy_Ho_Shengyi_Shen_Ch   lab6Timothy_Ho_Shengyi_Shen_
C:   00000CA2  A$lab6Timothy_Ho_Shengyi_Shen_Ch   lab6Timothy_Ho_Shengyi_Shen_
C:   00000CA4  A$lab6Timothy_Ho_Shengyi_Shen_Ch   lab6Timothy_Ho_Shengyi_Shen_
C:   00000CA5  A$lab6Timothy_Ho_Shengyi_Shen_Ch   lab6Timothy_Ho_Shengyi_Shen_
C:   00000CA6  A$lab6Timothy_Ho_Shengyi_Shen_Ch   lab6Timothy_Ho_Shengyi_Shen_
C:   00000CA8  A$lab6Timothy_Ho_Shengyi_Shen_Ch   lab6Timothy_Ho_Shengyi_Shen_
C:   00000CA9  A$lab6Timothy_Ho_Shengyi_Shen_Ch   lab6Timothy_Ho_Shengyi_Shen_
C:   00000CAA  A$lab6Timothy_Ho_Shengyi_Shen_Ch   lab6Timothy_Ho_Shengyi_Shen_
C:   00000CAC  A$lab6Timothy_Ho_Shengyi_Shen_Ch   lab6Timothy_Ho_Shengyi_Shen_
C:   00000CAD  A$lab6Timothy_Ho_Shengyi_Shen_Ch   lab6Timothy_Ho_Shengyi_Shen_
C:   00000CAF  A$lab6Timothy_Ho_Shengyi_Shen_Ch   lab6Timothy_Ho_Shengyi_Shen_
C:   00000CB1  A$lab6Timothy_Ho_Shengyi_Shen_Ch   lab6Timothy_Ho_Shengyi_Shen_
C:   00000CB1  C$lab6Timothy_Ho_Shengyi_Shen_Ch   lab6Timothy_Ho_Shengyi_Shen_
C:   00000CB3  A$lab6Timothy_Ho_Shengyi_Shen_Ch   lab6Timothy_Ho_Shengyi_Shen_
C:   00000CB4  A$lab6Timothy_Ho_Shengyi_Shen_Ch   lab6Timothy_Ho_Shengyi_Shen_
C:   00000CB6  A$lab6Timothy_Ho_Shengyi_Shen_Ch   lab6Timothy_Ho_Shengyi_Shen_
ASxxxx Linker V03.00 + NoICE + sdld,  page 69.
Hexadecimal  [32-Bits]

Area                                    Addr        Size        Decimal Bytes (Attributes)
--------------------------------        ----        ----        ------- ----- ------------
CSEG                                000000CD    00001662 =        5730. bytes (REL,CON,CODE)

      Value  Global                              Global Defined In Module
      -----  --------------------------------   ------------------------
C:   00000CB8  A$lab6Timothy_Ho_Shengyi_Shen_Ch   lab6Timothy_Ho_Shengyi_Shen_
C:   00000CBA  A$lab6Timothy_Ho_Shengyi_Shen_Ch   lab6Timothy_Ho_Shengyi_Shen_
C:   00000CBC  A$lab6Timothy_Ho_Shengyi_Shen_Ch   lab6Timothy_Ho_Shengyi_Shen_
C:   00000CBE  A$lab6Timothy_Ho_Shengyi_Shen_Ch   lab6Timothy_Ho_Shengyi_Shen_
C:   00000CBE  C$lab6Timothy_Ho_Shengyi_Shen_Ch   lab6Timothy_Ho_Shengyi_Shen_
C:   00000CC0  A$lab6Timothy_Ho_Shengyi_Shen_Ch   lab6Timothy_Ho_Shengyi_Shen_
C:   00000CC1  A$lab6Timothy_Ho_Shengyi_Shen_Ch   lab6Timothy_Ho_Shengyi_Shen_
C:   00000CC3  A$lab6Timothy_Ho_Shengyi_Shen_Ch   lab6Timothy_Ho_Shengyi_Shen_
C:   00000CC5  A$lab6Timothy_Ho_Shengyi_Shen_Ch   lab6Timothy_Ho_Shengyi_Shen_
C:   00000CC7  A$lab6Timothy_Ho_Shengyi_Shen_Ch   lab6Timothy_Ho_Shengyi_Shen_
C:   00000CC9  A$lab6Timothy_Ho_Shengyi_Shen_Ch   lab6Timothy_Ho_Shengyi_Shen_
C:   00000CCB  A$lab6Timothy_Ho_Shengyi_Shen_Ch   lab6Timothy_Ho_Shengyi_Shen_
C:   00000CCB  C$lab6Timothy_Ho_Shengyi_Shen_Ch   lab6Timothy_Ho_Shengyi_Shen_
C:   00000CCD  A$lab6Timothy_Ho_Shengyi_Shen_Ch   lab6Timothy_Ho_Shengyi_Shen_
C:   00000CCE  A$lab6Timothy_Ho_Shengyi_Shen_Ch   lab6Timothy_Ho_Shengyi_Shen_
C:   00000CD0  A$lab6Timothy_Ho_Shengyi_Shen_Ch   lab6Timothy_Ho_Shengyi_Shen_
C:   00000CD2  A$lab6Timothy_Ho_Shengyi_Shen_Ch   lab6Timothy_Ho_Shengyi_Shen_
C:   00000CD4  A$lab6Timothy_Ho_Shengyi_Shen_Ch   lab6Timothy_Ho_Shengyi_Shen_
C:   00000CD6  A$lab6Timothy_Ho_Shengyi_Shen_Ch   lab6Timothy_Ho_Shengyi_Shen_
C:   00000CD8  A$lab6Timothy_Ho_Shengyi_Shen_Ch   lab6Timothy_Ho_Shengyi_Shen_
C:   00000CD8  C$lab6Timothy_Ho_Shengyi_Shen_Ch   lab6Timothy_Ho_Shengyi_Shen_
C:   00000CD8  XG$Set_Motor$0$0                   lab6Timothy_Ho_Shengyi_Shen_
C:   00000CD9  A$lab6Timothy_Ho_Shengyi_Shen_Ch   lab6Timothy_Ho_Shengyi_Shen_
C:   00000CD9  C$lab6Timothy_Ho_Shengyi_Shen_Ch   lab6Timothy_Ho_Shengyi_Shen_
C:   00000CD9  C$lab6Timothy_Ho_Shengyi_Shen_Ch   lab6Timothy_Ho_Shengyi_Shen_
C:   00000CD9  G$Heading_Control$0$0              lab6Timothy_Ho_Shengyi_Shen_
C:   00000CD9  _Heading_Control                   lab6Timothy_Ho_Shengyi_Shen_
C:   00000CDA  A$lab6Timothy_Ho_Shengyi_Shen_Ch   lab6Timothy_Ho_Shengyi_Shen_
C:   00000CDC  A$lab6Timothy_Ho_Shengyi_Shen_Ch   lab6Timothy_Ho_Shengyi_Shen_
C:   00000CDE  A$lab6Timothy_Ho_Shengyi_Shen_Ch   lab6Timothy_Ho_Shengyi_Shen_
C:   00000CDF  A$lab6Timothy_Ho_Shengyi_Shen_Ch   lab6Timothy_Ho_Shengyi_Shen_
C:   00000CE1  A$lab6Timothy_Ho_Shengyi_Shen_Ch   lab6Timothy_Ho_Shengyi_Shen_
C:   00000CE3  A$lab6Timothy_Ho_Shengyi_Shen_Ch   lab6Timothy_Ho_Shengyi_Shen_
C:   00000CE3  C$lab6Timothy_Ho_Shengyi_Shen_Ch   lab6Timothy_Ho_Shengyi_Shen_
C:   00000CE6  A$lab6Timothy_Ho_Shengyi_Shen_Ch   lab6Timothy_Ho_Shengyi_Shen_
C:   00000CE9  A$lab6Timothy_Ho_Shengyi_Shen_Ch   lab6Timothy_Ho_Shengyi_Shen_
C:   00000CEB  A$lab6Timothy_Ho_Shengyi_Shen_Ch   lab6Timothy_Ho_Shengyi_Shen_
C:   00000CEB  C$lab6Timothy_Ho_Shengyi_Shen_Ch   lab6Timothy_Ho_Shengyi_Shen_
C:   00000CEE  A$lab6Timothy_Ho_Shengyi_Shen_Ch   lab6Timothy_Ho_Shengyi_Shen_
C:   00000CF1  A$lab6Timothy_Ho_Shengyi_Shen_Ch   lab6Timothy_Ho_Shengyi_Shen_
C:   00000CF1  C$lab6Timothy_Ho_Shengyi_Shen_Ch   lab6Timothy_Ho_Shengyi_Shen_
C:   00000CF1  XG$Heading_Control$0$0             lab6Timothy_Ho_Shengyi_Shen_
C:   00000CF2  A$lab6Timothy_Ho_Shengyi_Shen_Ch   lab6Timothy_Ho_Shengyi_Shen_
C:   00000CF2  C$lab6Timothy_Ho_Shengyi_Shen_Ch   lab6Timothy_Ho_Shengyi_Shen_
C:   00000CF2  C$lab6Timothy_Ho_Shengyi_Shen_Ch   lab6Timothy_Ho_Shengyi_Shen_
C:   00000CF2  G$ReadRanger$0$0                   lab6Timothy_Ho_Shengyi_Shen_
C:   00000CF2  _ReadRanger                        lab6Timothy_Ho_Shengyi_Shen_
C:   00000CF5  A$lab6Timothy_Ho_Shengyi_Shen_Ch   lab6Timothy_Ho_Shengyi_Shen_
C:   00000CF8  A$lab6Timothy_Ho_Shengyi_Shen_Ch   lab6Timothy_Ho_Shengyi_Shen_
C:   00000CFB  A$lab6Timothy_Ho_Shengyi_Shen_Ch   lab6Timothy_Ho_Shengyi_Shen_
C:   00000CFE  A$lab6Timothy_Ho_Shengyi_Shen_Ch   lab6Timothy_Ho_Shengyi_Shen_
ASxxxx Linker V03.00 + NoICE + sdld,  page 70.
Hexadecimal  [32-Bits]

Area                                    Addr        Size        Decimal Bytes (Attributes)
--------------------------------        ----        ----        ------- ----- ------------
CSEG                                000000CD    00001662 =        5730. bytes (REL,CON,CODE)

      Value  Global                              Global Defined In Module
      -----  --------------------------------   ------------------------
C:   00000D01  A$lab6Timothy_Ho_Shengyi_Shen_Ch   lab6Timothy_Ho_Shengyi_Shen_
C:   00000D04  A$lab6Timothy_Ho_Shengyi_Shen_Ch   lab6Timothy_Ho_Shengyi_Shen_
C:   00000D07  A$lab6Timothy_Ho_Shengyi_Shen_Ch   lab6Timothy_Ho_Shengyi_Shen_
C:   00000D07  C$lab6Timothy_Ho_Shengyi_Shen_Ch   lab6Timothy_Ho_Shengyi_Shen_
C:   00000D09  A$lab6Timothy_Ho_Shengyi_Shen_Ch   lab6Timothy_Ho_Shengyi_Shen_
C:   00000D0B  A$lab6Timothy_Ho_Shengyi_Shen_Ch   lab6Timothy_Ho_Shengyi_Shen_
C:   00000D0D  A$lab6Timothy_Ho_Shengyi_Shen_Ch   lab6Timothy_Ho_Shengyi_Shen_
C:   00000D0F  A$lab6Timothy_Ho_Shengyi_Shen_Ch   lab6Timothy_Ho_Shengyi_Shen_
C:   00000D10  A$lab6Timothy_Ho_Shengyi_Shen_Ch   lab6Timothy_Ho_Shengyi_Shen_
C:   00000D11  A$lab6Timothy_Ho_Shengyi_Shen_Ch   lab6Timothy_Ho_Shengyi_Shen_
C:   00000D13  A$lab6Timothy_Ho_Shengyi_Shen_Ch   lab6Timothy_Ho_Shengyi_Shen_
C:   00000D14  A$lab6Timothy_Ho_Shengyi_Shen_Ch   lab6Timothy_Ho_Shengyi_Shen_
C:   00000D15  A$lab6Timothy_Ho_Shengyi_Shen_Ch   lab6Timothy_Ho_Shengyi_Shen_
C:   00000D17  A$lab6Timothy_Ho_Shengyi_Shen_Ch   lab6Timothy_Ho_Shengyi_Shen_
C:   00000D17  C$lab6Timothy_Ho_Shengyi_Shen_Ch   lab6Timothy_Ho_Shengyi_Shen_
C:   00000D1A  A$lab6Timothy_Ho_Shengyi_Shen_Ch   lab6Timothy_Ho_Shengyi_Shen_
C:   00000D1D  A$lab6Timothy_Ho_Shengyi_Shen_Ch   lab6Timothy_Ho_Shengyi_Shen_
C:   00000D1D  C$lab6Timothy_Ho_Shengyi_Shen_Ch   lab6Timothy_Ho_Shengyi_Shen_
C:   00000D1D  XG$ReadRanger$0$0                  lab6Timothy_Ho_Shengyi_Shen_
C:   00000D1E  A$lab6Timothy_Ho_Shengyi_Shen_Ch   lab6Timothy_Ho_Shengyi_Shen_
C:   00000D1E  C$lab6Timothy_Ho_Shengyi_Shen_Ch   lab6Timothy_Ho_Shengyi_Shen_
C:   00000D1E  C$lab6Timothy_Ho_Shengyi_Shen_Ch   lab6Timothy_Ho_Shengyi_Shen_
C:   00000D1E  G$ReadCompass$0$0                  lab6Timothy_Ho_Shengyi_Shen_
C:   00000D1E  _ReadCompass                       lab6Timothy_Ho_Shengyi_Shen_
C:   00000D21  A$lab6Timothy_Ho_Shengyi_Shen_Ch   lab6Timothy_Ho_Shengyi_Shen_
C:   00000D24  A$lab6Timothy_Ho_Shengyi_Shen_Ch   lab6Timothy_Ho_Shengyi_Shen_
C:   00000D27  A$lab6Timothy_Ho_Shengyi_Shen_Ch   lab6Timothy_Ho_Shengyi_Shen_
C:   00000D2A  A$lab6Timothy_Ho_Shengyi_Shen_Ch   lab6Timothy_Ho_Shengyi_Shen_
C:   00000D2D  A$lab6Timothy_Ho_Shengyi_Shen_Ch   lab6Timothy_Ho_Shengyi_Shen_
C:   00000D30  A$lab6Timothy_Ho_Shengyi_Shen_Ch   lab6Timothy_Ho_Shengyi_Shen_
C:   00000D33  A$lab6Timothy_Ho_Shengyi_Shen_Ch   lab6Timothy_Ho_Shengyi_Shen_
C:   00000D33  C$lab6Timothy_Ho_Shengyi_Shen_Ch   lab6Timothy_Ho_Shengyi_Shen_
C:   00000D35  A$lab6Timothy_Ho_Shengyi_Shen_Ch   lab6Timothy_Ho_Shengyi_Shen_
C:   00000D37  A$lab6Timothy_Ho_Shengyi_Shen_Ch   lab6Timothy_Ho_Shengyi_Shen_
C:   00000D39  A$lab6Timothy_Ho_Shengyi_Shen_Ch   lab6Timothy_Ho_Shengyi_Shen_
C:   00000D3B  A$lab6Timothy_Ho_Shengyi_Shen_Ch   lab6Timothy_Ho_Shengyi_Shen_
C:   00000D3C  A$lab6Timothy_Ho_Shengyi_Shen_Ch   lab6Timothy_Ho_Shengyi_Shen_
C:   00000D3D  A$lab6Timothy_Ho_Shengyi_Shen_Ch   lab6Timothy_Ho_Shengyi_Shen_
C:   00000D3F  A$lab6Timothy_Ho_Shengyi_Shen_Ch   lab6Timothy_Ho_Shengyi_Shen_
C:   00000D40  A$lab6Timothy_Ho_Shengyi_Shen_Ch   lab6Timothy_Ho_Shengyi_Shen_
C:   00000D41  A$lab6Timothy_Ho_Shengyi_Shen_Ch   lab6Timothy_Ho_Shengyi_Shen_
C:   00000D43  A$lab6Timothy_Ho_Shengyi_Shen_Ch   lab6Timothy_Ho_Shengyi_Shen_
C:   00000D43  C$lab6Timothy_Ho_Shengyi_Shen_Ch   lab6Timothy_Ho_Shengyi_Shen_
C:   00000D46  A$lab6Timothy_Ho_Shengyi_Shen_Ch   lab6Timothy_Ho_Shengyi_Shen_
C:   00000D49  A$lab6Timothy_Ho_Shengyi_Shen_Ch   lab6Timothy_Ho_Shengyi_Shen_
C:   00000D49  C$lab6Timothy_Ho_Shengyi_Shen_Ch   lab6Timothy_Ho_Shengyi_Shen_
C:   00000D49  XG$ReadCompass$0$0                 lab6Timothy_Ho_Shengyi_Shen_
C:   00000D4A  ___fsmul                           _fsmul
C:   00000DED  fsgetargs                          _fsget2args
C:   00000E1B  fs_normalize_a                     _fsnormalize
C:   00000E4E  __gptrput                          _gptrput
ASxxxx Linker V03.00 + NoICE + sdld,  page 71.
Hexadecimal  [32-Bits]

Area                                    Addr        Size        Decimal Bytes (Attributes)
--------------------------------        ----        ----        ------- ----- ------------
CSEG                                000000CD    00001662 =        5730. bytes (REL,CON,CODE)

      Value  Global                              Global Defined In Module
      -----  --------------------------------   ------------------------
C:   00000E69  _abs                               abs
C:   00000E76  __mulint                           _mulint
C:   00000E76  __mulint_dummy                     _mulint
C:   00000F03  _vsprintf                          sprintf
C:   00000F40  _sprintf                           sprintf
C:   00000F8E  __mullong                          _mullong
C:   00000F8E  __mullong_dummy                    _mullong
C:   00000FFC  ___fs2uint                         _fs2uint
C:   00001007  fs_round_and_return                _fsreturnval
C:   0000101F  fs_zerocheck_return                _fsreturnval
C:   00001028  fs_return_zero                     _fsreturnval
C:   00001030  fs_direct_return                   _fsreturnval
C:   0000103E  fs_return_inf                      _fsreturnval
C:   0000104B  fs_return_nan                      _fsreturnval
C:   00001061  _vprintf                           vprintf
C:   0000107A  _printf                            vprintf
C:   00001151  __print_format                     printf_large
C:   0000165D  _strlen                            _strlen
C:   00001675  __gptrget                          _gptrget
C:   00001691  ___uchar2fs                        _uchar2fs
C:   0000169C  ___ulong2fs                        _ulong2fs
C:   000016A5  ulong2fs_doit                      _ulong2fs
C:   000016AF  __sdcc_external_startup            _startup
C:   000016B3  ___fs2ulong                        _fs2ulong
C:   000016B5  fs2ulong_begin                     _fs2ulong
C:   000016DA  fs_rshift_a                        _fsrshift
C:   0000171D  fsgetarg                           _fsget1arg

ASxxxx Linker V03.00 + NoICE + sdld,  page 72.
Hexadecimal  [32-Bits]

Area                                    Addr        Size        Decimal Bytes (Attributes)
--------------------------------        ----        ----        ------- ----- ------------
CONST                               0000172F    00000229 =         553. bytes (REL,CON,CODE)

      Value  Global                              Global Defined In Module
      -----  --------------------------------   ------------------------
C:   0000172F  Flab6Timothy_Ho_Shengyi_Shen_Chu   lab6Timothy_Ho_Shengyi_Shen_
C:   00001745  Flab6Timothy_Ho_Shengyi_Shen_Chu   lab6Timothy_Ho_Shengyi_Shen_
C:   00001755  Flab6Timothy_Ho_Shengyi_Shen_Chu   lab6Timothy_Ho_Shengyi_Shen_
C:   00001758  Flab6Timothy_Ho_Shengyi_Shen_Chu   lab6Timothy_Ho_Shengyi_Shen_
C:   00001762  Flab6Timothy_Ho_Shengyi_Shen_Chu   lab6Timothy_Ho_Shengyi_Shen_
C:   0000177D  Flab6Timothy_Ho_Shengyi_Shen_Chu   lab6Timothy_Ho_Shengyi_Shen_
C:   00001791  Flab6Timothy_Ho_Shengyi_Shen_Chu   lab6Timothy_Ho_Shengyi_Shen_
C:   000017A0  Flab6Timothy_Ho_Shengyi_Shen_Chu   lab6Timothy_Ho_Shengyi_Shen_
C:   000017B3  Flab6Timothy_Ho_Shengyi_Shen_Chu   lab6Timothy_Ho_Shengyi_Shen_
C:   000017CB  Flab6Timothy_Ho_Shengyi_Shen_Chu   lab6Timothy_Ho_Shengyi_Shen_
C:   000017ED  Flab6Timothy_Ho_Shengyi_Shen_Chu   lab6Timothy_Ho_Shengyi_Shen_
C:   000017FB  Flab6Timothy_Ho_Shengyi_Shen_Chu   lab6Timothy_Ho_Shengyi_Shen_
C:   00001806  Flab6Timothy_Ho_Shengyi_Shen_Chu   lab6Timothy_Ho_Shengyi_Shen_
C:   0000181B  Flab6Timothy_Ho_Shengyi_Shen_Chu   lab6Timothy_Ho_Shengyi_Shen_
C:   00001824  Flab6Timothy_Ho_Shengyi_Shen_Chu   lab6Timothy_Ho_Shengyi_Shen_
C:   0000182F  Flab6Timothy_Ho_Shengyi_Shen_Chu   lab6Timothy_Ho_Shengyi_Shen_
C:   00001844  Flab6Timothy_Ho_Shengyi_Shen_Chu   lab6Timothy_Ho_Shengyi_Shen_
C:   0000184D  Flab6Timothy_Ho_Shengyi_Shen_Chu   lab6Timothy_Ho_Shengyi_Shen_
C:   0000186B  Flab6Timothy_Ho_Shengyi_Shen_Chu   lab6Timothy_Ho_Shengyi_Shen_
C:   000018A5  Flab6Timothy_Ho_Shengyi_Shen_Chu   lab6Timothy_Ho_Shengyi_Shen_
C:   000018BE  Flab6Timothy_Ho_Shengyi_Shen_Chu   lab6Timothy_Ho_Shengyi_Shen_
C:   000018DF  Flab6Timothy_Ho_Shengyi_Shen_Chu   lab6Timothy_Ho_Shengyi_Shen_
C:   00001900  Flab6Timothy_Ho_Shengyi_Shen_Chu   lab6Timothy_Ho_Shengyi_Shen_
C:   00001926  Flab6Timothy_Ho_Shengyi_Shen_Chu   lab6Timothy_Ho_Shengyi_Shen_
ASxxxx Linker V03.00 + NoICE + sdld,  page 73.
Hexadecimal  [32-Bits]

Area                                    Addr        Size        Decimal Bytes (Attributes)
--------------------------------        ----        ----        ------- ----- ------------
XINIT                               00001958    00000006 =           6. bytes (REL,CON,CODE)

      Value  Global                              Global Defined In Module
      -----  --------------------------------   ------------------------
C:   00001958  Flab6Timothy_Ho_Shengyi_Shen_Chu   lab6Timothy_Ho_Shengyi_Shen_
C:   0000195A  Flab6Timothy_Ho_Shengyi_Shen_Chu   lab6Timothy_Ho_Shengyi_Shen_
C:   0000195C  Flab6Timothy_Ho_Shengyi_Shen_Chu   lab6Timothy_Ho_Shengyi_Shen_
ASxxxx Linker V03.00 + NoICE + sdld,  page 74.

Files Linked                              [ module(s) ]

C:\Users\Tim\Documents\LITEC\Lab6\lab6Timothy_Ho_Shengyi_Shen_Chuizheng_Kong.rel
                                          [  ]


Libraries Linked                          [ object file ]

C:\Program Files\SDCC\bin\..\lib\small/libfloat.lib
                                          [ _fsmul.rel ]
C:\Program Files\SDCC\bin\..\lib\small/libfloat.lib
                                          [ _fsget2args.rel ]
C:\Program Files\SDCC\bin\..\lib\small/mcs51.lib
                                          [ crtclear.rel ]
C:\Program Files\SDCC\bin\..\lib\small/libfloat.lib
                                          [ _fsnormalize.rel ]
C:\Program Files\SDCC\bin\..\lib\small/mcs51.lib
                                          [ crtxinit.rel ]
C:\Program Files\SDCC\bin\..\lib\small/libsdcc.lib
                                          [ _gptrput.rel ]
C:\Program Files\SDCC\bin\..\lib\small/libsdcc.lib
                                          [ abs.rel ]
C:\Program Files\SDCC\bin\..\lib\small/libint.lib
                                          [ _mulint.rel ]
C:\Program Files\SDCC\bin\..\lib\small/libsdcc.lib
                                          [ sprintf.rel ]
C:\Program Files\SDCC\bin\..\lib\small/liblong.lib
                                          [ _mullong.rel ]
C:\Program Files\SDCC\bin\..\lib\small/mcs51.lib
                                          [ crtxclear.rel ]
C:\Program Files\SDCC\bin\..\lib\small/libfloat.lib
                                          [ _fs2uint.rel ]
C:\Program Files\SDCC\bin\..\lib\small/libfloat.lib
                                          [ _fsreturnval.rel ]
C:\Program Files\SDCC\bin\..\lib\small/libsdcc.lib
                                          [ _bp.rel ]
C:\Program Files\SDCC\bin\..\lib\small/libsdcc.lib
                                          [ vprintf.rel ]
C:\Program Files\SDCC\bin\..\lib\small/libsdcc.lib
                                          [ printf_large.rel ]
C:\Program Files\SDCC\bin\..\lib\small/libsdcc.lib
                                          [ _strlen.rel ]
C:\Program Files\SDCC\bin\..\lib\small/mcs51.lib
                                          [ crtstart.rel ]
C:\Program Files\SDCC\bin\..\lib\small/libsdcc.lib
                                          [ _gptrget.rel ]
C:\Program Files\SDCC\bin\..\lib\small/libfloat.lib
                                          [ _uchar2fs.rel ]
C:\Program Files\SDCC\bin\..\lib\small/libfloat.lib
                                          [ _ulong2fs.rel ]
C:\Program Files\SDCC\bin\..\lib\small/libsdcc.lib
                                          [ _startup.rel ]
C:\Program Files\SDCC\bin\..\lib\small/libfloat.lib
                                          [ _fs2ulong.rel ]
C:\Program Files\SDCC\bin\..\lib\small/libfloat.lib
                                          [ _fsrshift.rel ]
C:\Program Files\SDCC\bin\..\lib\small/libfloat.lib
                                          [ _fsget1arg.rel ]

ASxxxx Linker V03.00 + NoICE + sdld,  page 75.

User Base Address Definitions

HOME = 0x0000
XSEG = 0x0001
PSEG = 0x0001
ISEG = 0x0000
BSEG = 0x0000

